Component: Arm Compiler for Embedded 6.23 Tool: armlink [5f102400]

==============================================================================

Section Cross References

    main.o(.text.system_init) refers to ti_msp_dl_config.o(.text.SYSCFG_DL_init) for SYSCFG_DL_init
    main.o(.text.system_init) refers to main.o(.text.__NVIC_EnableIRQ) for __NVIC_EnableIRQ
    main.o(.ARM.exidx.text.system_init) refers to main.o(.text.system_init) for [Anonymous Symbol]
    main.o(.ARM.exidx.text.__NVIC_EnableIRQ) refers to main.o(.text.__NVIC_EnableIRQ) for [Anonymous Symbol]
    main.o(.text.user_init) refers to uart_driver.o(.text.uart_init) for uart_init
    main.o(.text.user_init) refers to menu_app.o(.text.menu_init_and_create) for menu_init_and_create
    main.o(.text.user_init) refers to driver_at24cxx.o(.text.AT24CXX_Init) for AT24CXX_Init
    main.o(.text.user_init) refers to imu_app.o(.text.imu_init_blocking) for imu_init_blocking
    main.o(.text.user_init) refers to imu_temp_control.o(.text.imu_temperature_ctrl_init) for imu_temperature_ctrl_init
    main.o(.text.user_init) refers to car_controller.o(.text.car_init) for car_init
    main.o(.text.user_init) refers to periodic_event_task.o(.text.create_periodic_event_task) for create_periodic_event_task
    main.o(.ARM.exidx.text.user_init) refers to main.o(.text.user_init) for [Anonymous Symbol]
    main.o(.text.test_task_init_and_create) refers to gray_detection_test.o(.text.gd_task_create) for gd_task_create
    main.o(.ARM.exidx.text.test_task_init_and_create) refers to main.o(.text.test_task_init_and_create) for [Anonymous Symbol]
    main.o(.text.main) refers to main.o(.text.system_init) for system_init
    main.o(.text.main) refers to main.o(.text.create_init_task) for create_init_task
    main.o(.text.main) refers to tasks.o(.text.vTaskStartScheduler) for vTaskStartScheduler
    main.o(.text.main) refers to log.o(.text.LOG_E) for LOG_E
    main.o(.text.main) refers to alert.o(.text.play_alert_blocking) for play_alert_blocking
    main.o(.text.main) refers to main.o(.rodata.str1.1) for [Anonymous Symbol]
    main.o(.ARM.exidx.text.main) refers to main.o(.text.main) for [Anonymous Symbol]
    main.o(.text.create_init_task) refers to tasks.o(.text.xTaskCreate) for xTaskCreate
    main.o(.text.create_init_task) refers to log.o(.text.LOG_E) for LOG_E
    main.o(.text.create_init_task) refers to alert.o(.text.play_alert_blocking) for play_alert_blocking
    main.o(.text.create_init_task) refers to main.o(.bss.init_task_handle) for [Anonymous Symbol]
    main.o(.text.create_init_task) refers to main.o(.text.init_task) for init_task
    main.o(.text.create_init_task) refers to main.o(.rodata.str1.1) for [Anonymous Symbol]
    main.o(.ARM.exidx.text.create_init_task) refers to main.o(.text.create_init_task) for [Anonymous Symbol]
    main.o(.text.vApplicationStackOverflowHook) refers to log.o(.text.LOG_E) for LOG_E
    main.o(.text.vApplicationStackOverflowHook) refers to alert.o(.text.play_alert_blocking) for play_alert_blocking
    main.o(.text.vApplicationStackOverflowHook) refers to main.o(.rodata.str1.1) for [Anonymous Symbol]
    main.o(.ARM.exidx.text.vApplicationStackOverflowHook) refers to main.o(.text.vApplicationStackOverflowHook) for [Anonymous Symbol]
    main.o(.text.HardFault_Handler) refers to log.o(.text.LOG_E) for LOG_E
    main.o(.text.HardFault_Handler) refers to alert.o(.text.play_alert_blocking) for play_alert_blocking
    main.o(.text.HardFault_Handler) refers to main.o(.rodata.str1.1) for [Anonymous Symbol]
    main.o(.ARM.exidx.text.HardFault_Handler) refers to main.o(.text.HardFault_Handler) for [Anonymous Symbol]
    main.o(.text.vApplicationMallocFailedHook) refers to log.o(.text.LOG_E) for LOG_E
    main.o(.text.vApplicationMallocFailedHook) refers to alert.o(.text.play_alert_blocking) for play_alert_blocking
    main.o(.text.vApplicationMallocFailedHook) refers to main.o(.rodata.str1.1) for [Anonymous Symbol]
    main.o(.ARM.exidx.text.vApplicationMallocFailedHook) refers to main.o(.text.vApplicationMallocFailedHook) for [Anonymous Symbol]
    main.o(.text.init_task) refers to main.o(.text.user_init) for user_init
    main.o(.text.init_task) refers to tasks.o(.text.vTaskDelete) for vTaskDelete
    main.o(.ARM.exidx.text.init_task) refers to main.o(.text.init_task) for [Anonymous Symbol]
    periodic_event_task.o(.ARM.exidx.text.debug_task) refers to periodic_event_task.o(.text.debug_task) for [Anonymous Symbol]
    periodic_event_task.o(.text.PeriodicEventTask) refers to tasks.o(.text.xTaskGetTickCount) for xTaskGetTickCount
    periodic_event_task.o(.text.PeriodicEventTask) refers to aeabi_sdivfast.o(.text_divfast) for __aeabi_uidiv
    periodic_event_task.o(.text.PeriodicEventTask) refers to tasks.o(.text.xTaskDelayUntil) for xTaskDelayUntil
    periodic_event_task.o(.text.PeriodicEventTask) refers to log.o(.text.LOG_E) for LOG_E
    periodic_event_task.o(.text.PeriodicEventTask) refers to log.o(.text.LOG_W) for LOG_W
[...]
    0x000032d8   0x000032d8   0x0000001c   Code   RO          170    .text.DL_GPIO_setLowerPinsPolarity  ti_msp_dl_config.o
    0x000032f4   0x000032f4   0x00000014   Code   RO          821    .text.DL_GPIO_setPins  oled_driver.o
    0x00003308   0x00003308   0x00000014   Code   RO          884    .text.DL_GPIO_setPins  beep.o
    0x0000331c   0x0000331c   0x00000014   Code   RO          905    .text.DL_GPIO_setPins  rgb_led.o
    0x00003330   0x00003330   0x00000018   Code   RO          981    .text.DL_GPIO_setPins  sw_i2c.o
    0x00003348   0x00003348   0x00000018   Code   RO          192    .text.DL_I2C_enableAnalogGlitchFilter  ti_msp_dl_config.o
    0x00003360   0x00003360   0x00000014   Code   RO          204    .text.DL_I2C_enableController  ti_msp_dl_config.o
    0x00003374   0x00003374   0x00000018   Code   RO          202    .text.DL_I2C_enableControllerClockStretching  ti_msp_dl_config.o
    0x0000338c   0x0000338c   0x00000018   Code   RO          146    .text.DL_I2C_enablePower  ti_msp_dl_config.o
    0x000033a4   0x000033a4   0x0000002c   Code   RO         2003    .text.DL_I2C_fillControllerTXFIFO  driverlib.a(dl_i2c.o)
    0x000033d0   0x000033d0   0x00000014   Code   RO          916    .text.DL_I2C_getControllerStatus  hardware_i2c.o
    0x000033e4   0x000033e4   0x0000001c   Code   RO          922    .text.DL_I2C_isControllerRXFIFOEmpty  hardware_i2c.o
    0x00003400   0x00003400   0x00000014   Code   RO          924    .text.DL_I2C_receiveControllerData  hardware_i2c.o
    0x00003414   0x00003414   0x00000010   Code   RO          136    .text.DL_I2C_reset  ti_msp_dl_config.o
    0x00003424   0x00003424   0x00000010   Code   RO          194    .text.DL_I2C_resetControllerTransfer  ti_msp_dl_config.o
    0x00003434   0x00003434   0x00000026   Code   RO          190    .text.DL_I2C_setAnalogGlitchFilterPulseWidth  ti_msp_dl_config.o
    0x0000345a   0x0000345a   0x00000026   Code   RO         1999    .text.DL_I2C_setClockConfig  driverlib.a(dl_i2c.o)
    0x00003480   0x00003480   0x00000024   Code   RO          200    .text.DL_I2C_setControllerRXFIFOThreshold  ti_msp_dl_config.o
    0x000034a4   0x000034a4   0x00000028   Code   RO          198    .text.DL_I2C_setControllerTXFIFOThreshold  ti_msp_dl_config.o
    0x000034cc   0x000034cc   0x00000018   Code   RO          196    .text.DL_I2C_setTimerPeriod  ti_msp_dl_config.o
    0x000034e4   0x000034e4   0x00000050   Code   RO          918    .text.DL_I2C_startControllerTransfer  hardware_i2c.o
    0x00003534   0x00003534   0x00000020   Code   RO          328    .text.DL_Interrupt_getStatusGroup  encoder_app.o
    0x00003554   0x00003554   0x00000018   Code   RO          226    .text.DL_SPI_enable  ti_msp_dl_config.o
    0x0000356c   0x0000356c   0x00000018   Code   RO          150    .text.DL_SPI_enablePower  ti_msp_dl_config.o
    0x00003584   0x00003584   0x00000044   Code   RO         2031    .text.DL_SPI_init   driverlib.a(dl_spi.o)
    0x000035c8   0x000035c8   0x00000014   Code   RO          809    .text.DL_SPI_isBusy  oled_driver.o
    0x000035dc   0x000035dc   0x00000018   Code   RO          813    .text.DL_SPI_isRXFIFOEmpty  oled_driver.o
    0x000035f4   0x000035f4   0x00000014   Code   RO          815    .text.DL_SPI_receiveData8  oled_driver.o
    0x00003608   0x00003608   0x00000018   Code   RO          140    .text.DL_SPI_reset  ti_msp_dl_config.o
    0x00003620   0x00003620   0x00000020   Code   RO          222    .text.DL_SPI_setBitRateSerialClockDivider  ti_msp_dl_config.o
    0x00003640   0x00003640   0x00000012   Code   RO         2033    .text.DL_SPI_setClockConfig  driverlib.a(dl_spi.o)
    0x00003652   0x00003652   0x00000002   PAD
    0x00003654   0x00003654   0x00000030   Code   RO          224    .text.DL_SPI_setFIFOThreshold  ti_msp_dl_config.o
    0x00003684   0x00003684   0x00000016   Code   RO          811    .text.DL_SPI_transmitData8  oled_driver.o
    0x0000369a   0x0000369a   0x00000002   PAD
    0x0000369c   0x0000369c   0x000000c4   Code   RO         2226    .text.DL_SYSCTL_configSYSPLL  driverlib.a(dl_sysctl_mspm0g1x0x_g3x0x.o)
    0x00003760   0x00003760   0x00000018   Code   RO          176    .text.DL_SYSCTL_setBORThreshold  ti_msp_dl_config.o
    0x00003778   0x00003778   0x0000001c   Code   RO          178    .text.DL_SYSCTL_setFlashWaitState  ti_msp_dl_config.o
    0x00003794   0x00003794   0x0000001c   Code   RO          180    .text.DL_SYSCTL_setSYSOSCFreq  ti_msp_dl_config.o
    0x000037b0   0x000037b0   0x00000018   Code   RO          182    .text.DL_SYSCTL_setULPCLKDivider  ti_msp_dl_config.o
    0x000037c8   0x000037c8   0x00000028   Code   RO         2234    .text.DL_SYSCTL_switchMCLKfromSYSOSCtoHSCLK  driverlib.a(dl_sysctl_mspm0g1x0x_g3x0x.o)
    0x000037f0   0x000037f0   0x00000014   Code   RO          184    .text.DL_Timer_enableClock  ti_msp_dl_config.o
    0x00003804   0x00003804   0x00000018   Code   RO          188    .text.DL_Timer_enableInterrupt  ti_msp_dl_config.o
    0x0000381c   0x0000381c   0x00000018   Code   RO          144    .text.DL_Timer_enablePower  ti_msp_dl_config.o
    0x00003834   0x00003834   0x00000108   Code   RO         2165    .text.DL_Timer_initFourCCPWMMode  driverlib.a(dl_timer.o)
    0x0000393c   0x0000393c   0x000000ec   Code   RO         2089    .text.DL_Timer_initTimerMode  driverlib.a(dl_timer.o)
    0x00003a28   0x00003a28   0x00000010   Code   RO          134    .text.DL_Timer_reset  ti_msp_dl_config.o
    0x00003a38   0x00003a38   0x00000014   Code   RO          186    .text.DL_Timer_setCCPDirection  ti_msp_dl_config.o
    0x00003a4c   0x00003a4c   0x0000001c   Code   RO         2131    .text.DL_Timer_setCaptCompUpdateMethod  driverlib.a(dl_timer.o)
    0x00003a68   0x00003a68   0x00000018   Code   RO         2139    .text.DL_Timer_setCaptureCompareOutCtl  driverlib.a(dl_timer.o)
    0x00003a80   0x00003a80   0x00000010   Code   RO         2091    .text.DL_Timer_setCaptureCompareValue  driverlib.a(dl_timer.o)
    0x00003a90   0x00003a90   0x00000018   Code   RO         2085    .text.DL_Timer_setClockConfig  driverlib.a(dl_timer.o)
    0x00003aa8   0x00003aa8   0x00000014   Code   RO          743    .text.DL_Timer_startCounter  motor_l298n.o
    0x00003abc   0x00003abc   0x00000018   Code   RO          745    .text.DL_Timer_stopCounter  motor_l298n.o
    0x00003ad4   0x00003ad4   0x00000018   Code   RO           59    .text.DL_UART_clearInterruptStatus  mspm0g3507_it.o
    0x00003aec   0x00003aec   0x00000016   Code   RO          220    .text.DL_UART_enable  ti_msp_dl_config.o
    0x00003b02   0x00003b02   0x00000002   PAD
    0x00003b04   0x00003b04   0x00000018   Code   RO          212    .text.DL_UART_enableDMATransmitEvent  ti_msp_dl_config.o
    0x00003b1c   0x00003b1c   0x00000018   Code   RO          214    .text.DL_UART_enableFIFOs  ti_msp_dl_config.o
    0x00003b34   0x00003b34   0x0000001c   Code   RO          210    .text.DL_UART_enableInterrupt  ti_msp_dl_config.o
    0x00003b50   0x00003b50   0x00000018   Code   RO          148    .text.DL_UART_enablePower  ti_msp_dl_config.o
    0x00003b68   0x00003b68   0x00000012   Code   RO           55    .text.DL_UART_getPendingInterrupt  mspm0g3507_it.o
    0x00003b7a   0x00003b7a   0x00000002   PAD
    0x00003b7c   0x00003b7c   0x00000048   Code   RO         2186    .text.DL_UART_init  driverlib.a(dl_uart.o)
    0x00003bc4   0x00003bc4   0x00000014   Code   RO           57    .text.DL_UART_receiveData  mspm0g3507_it.o
    0x00003bd8   0x00003bd8   0x00000018   Code   RO          138    .text.DL_UART_reset  ti_msp_dl_config.o
    0x00003bf0   0x00003bf0   0x0000004c   Code   RO          208    .text.DL_UART_setBaudRateDivisor  ti_msp_dl_config.o
    0x00003c3c   0x00003c3c   0x00000012   Code   RO         2188    .text.DL_UART_setClockConfig  driverlib.a(dl_uart.o)
    0x00003c4e   0x00003c4e   0x0000001e   Code   RO          206    .text.DL_UART_setOversampling  ti_msp_dl_config.o
    0x00003c6c   0x00003c6c   0x00000024   Code   RO          216    .text.DL_UART_setRXFIFOThreshold  ti_msp_dl_config.o
    0x00003c90   0x00003c90   0x00000028   Code   RO          218    .text.DL_UART_setTXFIFOThreshold  ti_msp_dl_config.o
    0x00003cb8   0x00003cb8   0x000000cc   Code   RO         1036    .text.FastCos       fast_math.o
    0x00003d84   0x00003d84   0x000000c8   Code   RO         1034    .text.FastSin       fast_math.o
    0x00003e4c   0x00003e4c   0x00000274   Code   RO         1032    .text.FastSinCos    fast_math.o
    0x000040c0   0x000040c0   0x00000082   Code   RO         1103    .text.Feedback      fusionahrs.o
    0x00004142   0x00004142   0x00000002   PAD
    0x00004144   0x00004144   0x000001e4   Code   RO         1141    .text.FusionAhrsGetEarthAcceleration  fusionahrs.o
    0x00004328   0x00004328   0x00000020   Code   RO         1131    .text.FusionAhrsGetQuaternion  fusionahrs.o
    0x00004348   0x00004348   0x00000028   Code   RO         1089    .text.FusionAhrsInitialise  fusionahrs.o
    0x00004370   0x00004370   0x00000098   Code   RO         1093    .text.FusionAhrsReset  fusionahrs.o
    0x00004408   0x00004408   0x000000d4   Code   RO         1127    .text.FusionAhrsSetHeading  fusionahrs.o
    0x000044dc   0x000044dc   0x00000134   Code   RO         1091    .text.FusionAhrsSetSettings  fusionahrs.o
    0x00004610   0x00004610   0x00000402   Code   RO         1097    .text.FusionAhrsUpdate  fusionahrs.o
    0x00004a12   0x00004a12   0x0000007c   Code   RO         1125    .text.FusionAhrsUpdateNoMagnetometer  fusionahrs.o
    0x00004a8e   0x00004a8e   0x00000002   PAD
    0x00004a90   0x00004a90   0x0000004c   Code   RO          405    .text.FusionAsin    imu_app.o
    0x00004adc   0x00004adc   0x00000018   Code   RO         1095    .text.FusionDegreesToRadians  fusionahrs.o
    0x00004af4   0x00004af4   0x0000004c   Code   RO         1155    .text.FusionFastInverseSqrt  fusionahrs.o
    0x00004b40   0x00004b40   0x00000050   Code   RO         1198    .text.FusionOffsetInitialise  fusionoffset.o
    0x00004b90   0x00004b90   0x00000100   Code   RO         1200    .text.FusionOffsetUpdate  fusionoffset.o
    0x00004c90   0x00004c90   0x0000005e   Code   RO         1119    .text.FusionQuaternionAdd  fusionahrs.o
    0x00004cee   0x00004cee   0x0000014e   Code   RO         1153    .text.FusionQuaternionMultiply  fusionahrs.o
    0x00004e3c   0x00004e3c   0x0000010c   Code   RO         1121    .text.FusionQuaternionMultiplyVector  fusionahrs.o
    0x00004f48   0x00004f48   0x00000086   Code   RO         1123    .text.FusionQuaternionNormalise  fusionahrs.o
    0x00004fce   0x00004fce   0x000000ee   Code   RO          397    .text.FusionQuaternionToEuler  imu_app.o
    0x000050bc   0x000050bc   0x00000018   Code   RO          403    .text.FusionRadiansToDegrees  imu_app.o
    0x000050d4   0x000050d4   0x00000046   Code   RO         1117    .text.FusionVectorAdd  fusionahrs.o
    0x0000511a   0x0000511a   0x00000046   Code   RO         1204    .text.FusionVectorAdd  fusionoffset.o
    0x00005160   0x00005160   0x00000094   Code   RO         1113    .text.FusionVectorCrossProduct  fusionahrs.o
    0x000051f4   0x000051f4   0x00000040   Code   RO         1161    .text.FusionVectorDotProduct  fusionahrs.o
    0x00005234   0x00005234   0x00000046   Code   RO         1159    .text.FusionVectorHadamardProduct  fusionahrs.o
    0x0000527a   0x0000527a   0x00000050   Code   RO         1101    .text.FusionVectorIsZero  fusionahrs.o
    0x000052ca   0x000052ca   0x0000002a   Code   RO         1107    .text.FusionVectorMagnitudeSquared  fusionahrs.o
    0x000052f4   0x000052f4   0x00000036   Code   RO         1115    .text.FusionVectorMultiplyScalar  fusionahrs.o
    0x0000532a   0x0000532a   0x00000036   Code   RO         1206    .text.FusionVectorMultiplyScalar  fusionoffset.o
    0x00005360   0x00005360   0x00000032   Code   RO         1105    .text.FusionVectorNormalise  fusionahrs.o
    0x00005392   0x00005392   0x00000046   Code   RO         1202    .text.FusionVectorSubtract  fusionoffset.o
    0x000053d8   0x000053d8   0x0000001c   Code   RO         1157    .text.FusionVectorSum  fusionahrs.o
    0x000053f4   0x000053f4   0x00000138   Code   RO          326    .text.GROUP1_IRQHandler  encoder_app.o
    0x0000552c   0x0000552c   0x00000136   Code   RO         1099    .text.HalfGravity   fusionahrs.o
    0x00005662   0x00005662   0x000001cc   Code   RO         1111    .text.HalfMagnetic  fusionahrs.o
    0x0000582e   0x0000582e   0x00000002   PAD
    0x00005830   0x00005830   0x00000038   Code   RO           16    .text.HardFault_Handler  main.o
    0x00005868   0x00005868   0x0000015a   Code   RO          920    .text.I2C_ReadReg   hardware_i2c.o
    0x000059c2   0x000059c2   0x00000132   Code   RO          914    .text.I2C_WriteReg  hardware_i2c.o
    0x00005af4   0x00005af4   0x000002a0   Code   RO          722    .text.ICM206xx_Init  icm20608.o
    0x00005d94   0x00005d94   0x000003b0   Code   RO          724    .text.ICM206xx_Read_Data  icm20608.o
    0x00006144   0x00006144   0x00000028   Code   RO          693    .text.LOG_E         log.o
    0x0000616c   0x0000616c   0x00000028   Code   RO          687    .text.LOG_I         log.o
    0x00006194   0x00006194   0x00000028   Code   RO          691    .text.LOG_W         log.o
    0x000061bc   0x000061bc   0x000001a6   Code   RO         1052    .text.LPButterworth  filter.o
    0x00006362   0x00006362   0x00000002   PAD
    0x00006364   0x00006364   0x00000034   Code   RO          636    .text.NotifyMenuFromISR  menu_logic.o
    0x00006398   0x00006398   0x00000008   PAD
    0x000063a0   0x000063a0   0x00000044   Code   RO         2496    .text.PendSV_Handler  freertos_builds_LP_MSPM0G3507_release_keil.lib(port.o)
    0x000063e4   0x000063e4   0x0000029c   Code   RO           34    .text.PeriodicEventTask  periodic_event_task.o
    0x00006680   0x00006680   0x00000052   Code   RO         1001    .text.SOFT_IIC_Ack  sw_i2c.o
    0x000066d2   0x000066d2   0x0000000e   Code   RO          973    .text.SOFT_IIC_DLY  sw_i2c.o
    0x000066e0   0x000066e0   0x0000004a   Code   RO          975    .text.SOFT_IIC_Init  sw_i2c.o
    0x0000672a   0x0000672a   0x00000048   Code   RO         1003    .text.SOFT_IIC_NAck  sw_i2c.o
    0x00006772   0x00006772   0x000000b4   Code   RO         1007    .text.SOFT_IIC_Read_Byte  sw_i2c.o
    0x00006826   0x00006826   0x0000012c   Code   RO         1011    .text.SOFT_IIC_Read_Len  sw_i2c.o
    0x00006952   0x00006952   0x0000008c   Code   RO         1005    .text.SOFT_IIC_Send_Byte  sw_i2c.o
    0x000069de   0x000069de   0x0000004c   Code   RO          991    .text.SOFT_IIC_Start  sw_i2c.o
    0x00006a2a   0x00006a2a   0x00000048   Code   RO          995    .text.SOFT_IIC_Stop  sw_i2c.o
    0x00006a72   0x00006a72   0x0000009a   Code   RO          997    .text.SOFT_IIC_Wait_Ack  sw_i2c.o
    0x00006b0c   0x00006b0c   0x00000106   Code   RO         1009    .text.SOFT_IIC_Write_Len  sw_i2c.o
    0x00006c12   0x00006c12   0x00000024   Code   RO          989    .text.SOFT_SDA_IN   sw_i2c.o
    0x00006c36   0x00006c36   0x0000001c   Code   RO          983    .text.SOFT_SDA_OUT  sw_i2c.o
    0x00006c52   0x00006c52   0x00000002   Code   RO         2476    .text.SVC_Handler   freertos_builds_LP_MSPM0G3507_release_keil.lib(port.o)
    0x00006c54   0x00006c54   0x00000018   Code   RO          228    .text.SYSCFG_DL_DMA_CH0_init  ti_msp_dl_config.o
    0x00006c6c   0x00006c6c   0x00000008   Code   RO          126    .text.SYSCFG_DL_DMA_init  ti_msp_dl_config.o
    0x00006c74   0x00006c74   0x000001b4   Code   RO          110    .text.SYSCFG_DL_GPIO_init  ti_msp_dl_config.o
    0x00006e28   0x00006e28   0x00000054   Code   RO          120    .text.SYSCFG_DL_I2C_0_init  ti_msp_dl_config.o
    0x00006e7c   0x00006e7c   0x0000007c   Code   RO          114    .text.SYSCFG_DL_Motor_PWM1_init  ti_msp_dl_config.o
    0x00006ef8   0x00006ef8   0x0000007c   Code   RO          116    .text.SYSCFG_DL_Motor_PWM2_init  ti_msp_dl_config.o
    0x00006f74   0x00006f74   0x0000003c   Code   RO          124    .text.SYSCFG_DL_SPI_0_init  ti_msp_dl_config.o
    0x00006fb0   0x00006fb0   0x00000034   Code   RO          112    .text.SYSCFG_DL_SYSCTL_init  ti_msp_dl_config.o
    0x00006fe4   0x00006fe4   0x00000030   Code   RO          118    .text.SYSCFG_DL_TIMER_delay_init  ti_msp_dl_config.o
    0x00007014   0x00007014   0x00000060   Code   RO          122    .text.SYSCFG_DL_UART_DEBUG_init  ti_msp_dl_config.o
    0x00007074   0x00007074   0x0000004c   Code   RO          106    .text.SYSCFG_DL_init  ti_msp_dl_config.o
    0x000070c0   0x000070c0   0x00000098   Code   RO          108    .text.SYSCFG_DL_initPower  ti_msp_dl_config.o
    0x00007158   0x00007158   0x00000020   Code   RO         2498    .text.SysTick_Handler  freertos_builds_LP_MSPM0G3507_release_keil.lib(port.o)
    0x00007178   0x00007178   0x0000008c   Code   RO           53    .text.UART0_IRQHandler  mspm0g3507_it.o
    0x00007204   0x00007204   0x00000028   Code   RO         1024    .text.__ARM_isnan   fast_math.o
    0x0000722c   0x0000722c   0x00000018   Code   RO          389    .text.__ARM_isnanf  imu_app.o
    0x00007244   0x00007244   0x00000018   Code   RO         1022    .text.__ARM_isnanf  fast_math.o
    0x0000725c   0x0000725c   0x00000018   Code   RO         1054    .text.__ARM_isnanf  filter.o
    0x00007274   0x00007274   0x00000028   Code   RO            4    .text.__NVIC_EnableIRQ  main.o
    0x0000729c   0x0000729c   0x0000002c   Code   RO          340    .text.__NVIC_EnableIRQ  encoder_app.o
    0x000072c8   0x000072c8   0x0000003c   Code   RO          628    .text.add_variable  menu_logic.o
    0x00007304   0x00007304   0x000000e0   Code   RO          484    .text.alert_ticks   alert.o
    0x000073e4   0x000073e4   0x00000036   Code   RO          749    .text.amplitude_limit  motor_l298n.o
    0x0000741a   0x0000741a   0x0000005a   Code   RO         1073    .text.arm_pid_init_f32  arm_pid_init_f32.o
    0x00007474   0x00007474   0x00000010   Code   RO          878    .text.beep_off      beep.o
    0x00007484   0x00007484   0x00000014   Code   RO          882    .text.beep_on       beep.o
    0x00007498   0x00007498   0x00000058   Code   RO          579    .text.btn_long_press_cb  menu_app.o
    0x000074f0   0x000074f0   0x00000074   Code   RO          577    .text.btn_single_click_callback  menu_app.o
    0x00007564   0x00007564   0x00000010   Code   RO          670    .text.busy_wait_cycles  delay.o
    0x00007574   0x00007574   0x00000024   Code   RO          674    .text.busy_wait_ms  delay.o
    0x00007598   0x00007598   0x00000020   Code   RO          787    .text.button_attach  multi_button.o
    0x000075b8   0x000075b8   0x0000035a   Code   RO          797    .text.button_handler  multi_button.o
    0x00007912   0x00007912   0x0000005e   Code   RO          785    .text.button_init   multi_button.o
    0x00007970   0x00007970   0x00000048   Code   RO          791    .text.button_start  multi_button.o
    0x000079b8   0x000079b8   0x0000002c   Code   RO          795    .text.button_ticks  multi_button.o
    0x000079e4   0x000079e4   0x00000204   Code   RO          395    .text.calculate_quaternion_init  imu_app.o
    0x00007be8   0x00007be8   0x0000001c   Code   RO          546    .text.car_init      car_controller.o
    0x00007c04   0x00007c04   0x00000010   Code   RO          536    .text.car_task      car_controller.o
    0x00007c14   0x00007c14   0x00000082   Code   RO         1020    .text.constrain_float  fast_math.o
    0x00007c96   0x00007c96   0x00000002   PAD
    0x00007c98   0x00007c98   0x00000068   Code   RO           12    .text.create_init_task  main.o
    0x00007d00   0x00007d00   0x00000034   Code   RO          616    .text.create_oled_menu  menu_logic.o
    0x00007d34   0x00007d34   0x00000050   Code   RO           40    .text.create_periodic_event_task  periodic_event_task.o
    0x00007d84   0x00007d84   0x00000002   Code   RO           32    .text.debug_task    periodic_event_task.o
    0x00007d86   0x00007d86   0x00000052   Code   RO          672    .text.delay_ms      delay.o
    0x00007dd8   0x00007dd8   0x00000020   Code   RO          668    .text.delay_us      delay.o
    0x00007df8   0x00007df8   0x00000048   Code   RO           38    .text.disable_periodic_task  periodic_event_task.o
    0x00007e40   0x00007e40   0x00000074   Code   RO          654    .text.draw_centered_text  menu_ui.o
    0x00007eb4   0x00007eb4   0x000001ac   Code   RO          658    .text.draw_menu     menu_ui.o
    0x00008060   0x00008060   0x000000d0   Code   RO          656    .text.draw_variables_menu  menu_ui.o
    0x00008130   0x00008130   0x00000048   Code   RO         2406    .text.eTaskConfirmSleepModeStatus  freertos_builds_LP_MSPM0G3507_release_keil.lib(tasks.o)
    0x00008178   0x00008178   0x00000054   Code   RO           36    .text.enable_periodic_task  periodic_event_task.o
    0x000081cc   0x000081cc   0x00000050   Code   RO          338    .text.encoder_application_init  encoder_app.o
    0x0000821c   0x0000821c   0x00000254   Code   RO          707    .text.encoder_manager_init  encoder.o
    0x00008470   0x00008470   0x0000008e   Code   RO          711    .text.encoder_manager_read_and_reset  encoder.o
    0x000084fe   0x000084fe   0x00000002   PAD
    0x00008500   0x00008500   0x000000fa   Code   RO          705    .text.encoder_update  encoder.o
    0x000085fa   0x000085fa   0x00000002   PAD
    0x000085fc   0x000085fc   0x00000024   Code   RO          624    .text.enter_current  menu_logic.o
    0x00008620   0x00008620   0x000001b4   Code   RO          401    .text.euler_to_quaternion  imu_app.o
    0x000087d4   0x000087d4   0x00000020   Code   RO          630    .text.execute_callback  menu_logic.o
    0x000087f4   0x000087f4   0x00000008   Code   RO          334    .text.freertos_enter_critical  encoder_app.o
    0x000087fc   0x000087fc   0x00000008   Code   RO          336    .text.freertos_exit_critical  encoder_app.o
    0x00008804   0x00008804   0x00000030   Code   RO          930    .text.i2creadnbyte  hardware_i2c.o
    0x00008834   0x00008834   0x000002cc   Code   RO          391    .text.imu_calibration  imu_app.o
    0x00008b00   0x00008b00   0x000000ec   Code   RO          381    .text.imu_calibration_params_init  imu_app.o
    0x00008bec   0x00008bec   0x00000224   Code   RO          385    .text.imu_data_sampling  imu_app.o
    0x00008e10   0x00008e10   0x00000054   Code   RO          379    .text.imu_init_blocking  imu_app.o
    0x00008e64   0x00008e64   0x00000002   Code   RO          500    .text.imu_temperature_ctrl_init  imu_temp_control.o
    0x00008e66   0x00008e66   0x00000002   Code   RO          502    .text.imu_temperature_ctrl_task  imu_temp_control.o
    0x00008e68   0x00008e68   0x0000000c   Code   RO          383    .text.imu_update_task  imu_app.o
    0x00008e74   0x00008e74   0x000001bc   Code   RO          575    .text.init_all_menu_nodes  menu_app.o
    0x00009030   0x00009030   0x000000c2   Code   RO          638    .text.init_menu_node  menu_logic.o
    0x000090f2   0x000090f2   0x00000014   Code   RO           20    .text.init_task     main.o
    0x00009106   0x00009106   0x00000002   PAD
    0x00009108   0x00009108   0x00000058   Code   RO         1030    .text.invSqrt       fast_math.o
    0x00009160   0x00009160   0x000000cc   Code   RO         1058    .text.kalman_filter  filter.o
    0x0000922c   0x0000922c   0x0000005c   Code   RO          739    .text.l298n_disable_all_motor_impl  motor_l298n.o
    0x00009288   0x00009288   0x0000005c   Code   RO          737    .text.l298n_enable_all_motor_impl  motor_l298n.o
    0x000092e4   0x000092e4   0x0000005a   Code   RO          741    .text.l298n_set_pwms_impl  motor_l298n.o
    0x0000933e   0x0000933e   0x00000020   Code   RO          899    .text.led_set_color  rgb_led.o
    0x0000935e   0x0000935e   0x00000002   PAD
    0x00009360   0x00009360   0x0000007c   Code   RO          901    .text.led_set_rgb   rgb_led.o
    0x000093dc   0x000093dc   0x00000088   Code   RO          689    .text.log_print     log.o
    0x00009464   0x00009464   0x0000004c   Code   RO           10    .text.main          main.o
    0x000094b0   0x000094b0   0x00000064   Code   RO          573    .text.menu_init_and_create  menu_app.o
    0x00009514   0x00009514   0x0000000c   Code   RO          365    .text.motor_init    motor_app.o
    0x00009520   0x00009520   0x00000024   Code   RO          367    .text.motor_set_pwm  motor_app.o
    0x00009544   0x00009544   0x00000044   Code   RO          324    .text.mspm0_attach_interrupt  encoder_app.o
    0x00009588   0x00009588   0x0000001c   Code   RO          320    .text.mspm0_gpio_read  encoder_app.o
    0x000095a4   0x000095a4   0x0000003c   Code   RO          817    .text.oled_spi_hardware_init  oled_driver.o
    0x000095e0   0x000095e0   0x0000003a   Code   RO         1544    .text.pg_AddPolygonXY  u8g2_polygon.o
    0x0000961a   0x0000961a   0x0000000e   Code   RO         1540    .text.pg_ClearPolygonXY  u8g2_polygon.o
    0x00009628   0x00009628   0x00000024   Code   RO         1548    .text.pg_DrawPolygon  u8g2_polygon.o
    0x0000964c   0x0000964c   0x0000002e   Code   RO         1558    .text.pg_dec        u8g2_polygon.o
    0x0000967a   0x0000967a   0x00000094   Code   RO         1554    .text.pg_exec       u8g2_polygon.o
    0x0000970e   0x0000970e   0x0000006e   Code   RO         1560    .text.pg_expand_min_y  u8g2_polygon.o
    0x0000977c   0x0000977c   0x0000012a   Code   RO         1566    .text.pg_hline      u8g2_polygon.o
    0x000098a6   0x000098a6   0x0000002a   Code   RO         1556    .text.pg_inc        u8g2_polygon.o
    0x000098d0   0x000098d0   0x0000008e   Code   RO         1562    .text.pg_line_init  u8g2_polygon.o
    0x0000995e   0x0000995e   0x00000002   PAD
    0x00009960   0x00009960   0x0000015c   Code   RO         1552    .text.pg_prepare    u8g2_polygon.o
    0x00009abc   0x00009abc   0x000000b0   Code   RO         1568    .text.pge_Init      u8g2_polygon.o
    0x00009b6c   0x00009b6c   0x0000006a   Code   RO         1564    .text.pge_Next      u8g2_polygon.o
    0x00009bd6   0x00009bd6   0x0000007e   Code   RO          472    .text.play_alert_blocking  alert.o
    0x00009c54   0x00009c54   0x000001bc   Code   RO          270    .text.process_received_packet  embedfire_protocol_receive.o
    0x00009e10   0x00009e10   0x0000003a   Code   RO          286    .text.protocol_calculate_checksum  embedfire_protocol_send.o
    0x00009e4a   0x00009e4a   0x00000002   PAD
    0x00009e4c   0x00009e4c   0x00000200   Code   RO          272    .text.protocol_receive_byte  embedfire_protocol_receive.o
    0x0000a04c   0x0000a04c   0x00000114   Code   RO         2326    .text.prvAddNewTaskToReadyList  freertos_builds_LP_MSPM0G3507_release_keil.lib(tasks.o)
    0x0000a160   0x0000a160   0x000000fc   Code   RO         2356    .text.prvIdleTask   freertos_builds_LP_MSPM0G3507_release_keil.lib(tasks.o)
    0x0000a25c   0x0000a25c   0x000000de   Code   RO         2324    .text.prvInitialiseNewTask  freertos_builds_LP_MSPM0G3507_release_keil.lib(tasks.o)
    0x0000a33a   0x0000a33a   0x00000002   PAD
    0x0000a33c   0x0000a33c   0x0000009c   Code   RO         2566    .text.prvSampleTimeNow  freertos_builds_LP_MSPM0G3507_release_keil.lib(timers.o)
    0x0000a3d8   0x0000a3d8   0x00000034   Code   RO         2474    .text.prvTaskExitError  freertos_builds_LP_MSPM0G3507_release_keil.lib(port.o)
    0x0000a40c   0x0000a40c   0x000001f8   Code   RO         2534    .text.prvTimerTask  freertos_builds_LP_MSPM0G3507_release_keil.lib(timers.o)
    0x0000a604   0x0000a604   0x0000007e   Code   RO         2280    .text.prvUnlockQueue  freertos_builds_LP_MSPM0G3507_release_keil.lib(queue.o)
    0x0000a682   0x0000a682   0x00000002   PAD
    0x0000a684   0x0000a684   0x00000180   Code   RO         2585    .text.pvPortMalloc  freertos_builds_LP_MSPM0G3507_release_keil.lib(heap_4.o)
    0x0000a804   0x0000a804   0x00000024   Code   RO         2472    .text.pxPortInitialiseStack  freertos_builds_LP_MSPM0G3507_release_keil.lib(port.o)
    0x0000a828   0x0000a828   0x00000148   Code   RO          399    .text.quaternion_to_cb2n  imu_app.o
    0x0000a970   0x0000a970   0x000000a8   Code   RO          560    .text.read_button_GPIO  button_app.o
    0x0000aa18   0x0000aa18   0x0000001c   Code   RO          626    .text.return_previous  menu_logic.o
    0x0000aa34   0x0000aa34   0x00000024   Code   RO          583    .text.run_task01_cb  menu_app.o
    0x0000aa58   0x0000aa58   0x00000024   Code   RO          585    .text.run_task02_cb  menu_app.o
    0x0000aa7c   0x0000aa7c   0x00000024   Code   RO          587    .text.run_task03_cb  menu_app.o
    0x0000aaa0   0x0000aaa0   0x00000028   Code   RO          589    .text.run_task04_cb  menu_app.o
    0x0000aac8   0x0000aac8   0x00000044   Code   RO         1028    .text.safe_sqrt     fast_math.o
    0x0000ab0c   0x0000ab0c   0x0000003c   Code   RO          620    .text.select_next   menu_logic.o
    0x0000ab48   0x0000ab48   0x00000038   Code   RO          622    .text.select_previous  menu_logic.o
    0x0000ab80   0x0000ab80   0x00000014   Code   RO          476    .text.set_alert_count  alert.o
    0x0000ab94   0x0000ab94   0x00000100   Code   RO         1056    .text.set_cutoff_frequency  filter.o
    0x0000ac94   0x0000ac94   0x0000008c   Code   RO          747    .text.set_motor_pwm_l298n  motor_l298n.o
    0x0000ad20   0x0000ad20   0x00000490   Code   RO          652    .text.show_oled_opening_animation  menu_ui.o
    0x0000b1b0   0x0000b1b0   0x00000034   Code   RO          928    .text.single_readi2c  hardware_i2c.o
    0x0000b1e4   0x0000b1e4   0x0000002e   Code   RO          926    .text.single_writei2c  hardware_i2c.o
    0x0000b212   0x0000b212   0x00000002   PAD
    0x0000b214   0x0000b214   0x00000068   Code   RO          544    .text.speed_pid_init  car_controller.o
    0x0000b27c   0x0000b27c   0x00000040   Code   RO          807    .text.spi_write_byte  oled_driver.o
    0x0000b2bc   0x0000b2bc   0x00000048   Code   RO          480    .text.start_alert   alert.o
    0x0000b304   0x0000b304   0x0000000a   Code   RO          634    .text.start_listening_variable_timer  menu_logic.o
    0x0000b30e   0x0000b30e   0x0000000a   Code   RO          632    .text.stop_listening_variable_timer  menu_logic.o
    0x0000b318   0x0000b318   0x0000000e   Code   RO            2    .text.system_init   main.o
    0x0000b326   0x0000b326   0x00000002   PAD
    0x0000b328   0x0000b328   0x00000354   Code   RO          387    .text.trackless_ahrs_update  imu_app.o
    0x0000b67c   0x0000b67c   0x00000024   Code   RO         1542    .text.u8g2_AddPolygonXY  u8g2_polygon.o
    0x0000b6a0   0x0000b6a0   0x0000002e   Code   RO         1263    .text.u8g2_ClearBuffer  u8g2_buffer.o
    0x0000b6ce   0x0000b6ce   0x00000002   PAD
    0x0000b6d0   0x0000b6d0   0x00000010   Code   RO         1538    .text.u8g2_ClearPolygonXY  u8g2_polygon.o
    0x0000b6e0   0x0000b6e0   0x00000078   Code   RO         1248    .text.u8g2_DrawBox  u8g2_box.o
    0x0000b758   0x0000b758   0x000000e2   Code   RO         1250    .text.u8g2_DrawFrame  u8g2_box.o
    0x0000b83a   0x0000b83a   0x00000002   PAD
    0x0000b83c   0x0000b83c   0x00000096   Code   RO         1399    .text.u8g2_DrawGlyph  u8g2_font.o
    0x0000b8d2   0x0000b8d2   0x00000030   Code   RO         1482    .text.u8g2_DrawHLine  u8g2_hvline.o
    0x0000b902   0x0000b902   0x0000012a   Code   RO         1478    .text.u8g2_DrawHVLine  u8g2_hvline.o
    0x0000ba2c   0x0000ba2c   0x0000006e   Code   RO         1486    .text.u8g2_DrawPixel  u8g2_hvline.o
    0x0000ba9a   0x0000ba9a   0x00000002   PAD
    0x0000ba9c   0x0000ba9c   0x00000018   Code   RO         1546    .text.u8g2_DrawPolygon  u8g2_polygon.o
    0x0000bab4   0x0000bab4   0x00000030   Code   RO         1407    .text.u8g2_DrawStr  u8g2_font.o
    0x0000bae4   0x0000bae4   0x00000076   Code   RO         1550    .text.u8g2_DrawTriangle  u8g2_polygon.o
    0x0000bb5a   0x0000bb5a   0x00000072   Code   RO         1395    .text.u8g2_GetGlyphWidth  u8g2_font.o
    0x0000bbcc   0x0000bbcc   0x00000020   Code   RO         1461    .text.u8g2_GetStrWidth  u8g2_font.o
    0x0000bbec   0x0000bbec   0x0000003c   Code   RO          827    .text.u8g2_Init     oled_driver.o
    0x0000bc28   0x0000bc28   0x00000064   Code   RO         1499    .text.u8g2_IsIntersection  u8g2_intersection.o
    0x0000bc8c   0x0000bc8c   0x00000016   Code   RO         1265    .text.u8g2_SendBuffer  u8g2_buffer.o
    0x0000bca2   0x0000bca2   0x00000026   Code   RO         1488    .text.u8g2_SetDrawColor  u8g2_hvline.o
    0x0000bcc8   0x0000bcc8   0x00000030   Code   RO         1447    .text.u8g2_SetFont  u8g2_font.o
    0x0000bcf8   0x0000bcf8   0x00000014   Code   RO         1433    .text.u8g2_SetFontPosBaseline  u8g2_font.o
    0x0000bd0c   0x0000bd0c   0x00000034   Code   RO         1578    .text.u8g2_SetMaxClipWindow  u8g2_setup.o
    0x0000bd40   0x0000bd40   0x00000078   Code   RO         1582    .text.u8g2_SetupBuffer  u8g2_setup.o
    0x0000bdb8   0x0000bdb8   0x00000048   Code   RO         1344    .text.u8g2_Setup_ssd1306_128x64_noname_f  u8g2_d_setup.o
    0x0000be00   0x0000be00   0x000000c6   Code   RO         1423    .text.u8g2_UpdateRefHeight  u8g2_font.o
    0x0000bec6   0x0000bec6   0x00000076   Code   RO         1379    .text.u8g2_add_vector_x  u8g2_font.o
    0x0000bf3c   0x0000bf3c   0x00000076   Code   RO         1377    .text.u8g2_add_vector_y  u8g2_font.o
    0x0000bfb2   0x0000bfb2   0x000000ac   Code   RO         1594    .text.u8g2_apply_clip_window  u8g2_setup.o
    0x0000c05e   0x0000c05e   0x000000d6   Code   RO         1480    .text.u8g2_clip_intersection2  u8g2_hvline.o
    0x0000c134   0x0000c134   0x0000003e   Code   RO         1476    .text.u8g2_draw_hv_line_2dir  u8g2_hvline.o
    0x0000c172   0x0000c172   0x00000034   Code   RO         1608    .text.u8g2_draw_l90_r0  u8g2_setup.o
    0x0000c1a6   0x0000c1a6   0x00000002   PAD
    0x0000c1a8   0x0000c1a8   0x000000d8   Code   RO         1409    .text.u8g2_draw_string  u8g2_font.o
    0x0000c280   0x0000c280   0x0000000a   Code   RO         1431    .text.u8g2_font_calc_vref_font  u8g2_font.o
    0x0000c28a   0x0000c28a   0x00000046   Code   RO         1375    .text.u8g2_font_decode_get_signed_bits  u8g2_font.o
    0x0000c2d0   0x0000c2d0   0x00000088   Code   RO         1373    .text.u8g2_font_decode_get_unsigned_bits  u8g2_font.o
    0x0000c358   0x0000c358   0x0000023c   Code   RO         1385    .text.u8g2_font_decode_glyph  u8g2_font.o
    0x0000c594   0x0000c594   0x00000142   Code   RO         1381    .text.u8g2_font_decode_len  u8g2_font.o
    0x0000c6d6   0x0000c6d6   0x00000050   Code   RO         1401    .text.u8g2_font_draw_glyph  u8g2_font.o
    0x0000c726   0x0000c726   0x00000018   Code   RO         1357    .text.u8g2_font_get_byte  u8g2_font.o
    0x0000c73e   0x0000c73e   0x00000116   Code   RO         1391    .text.u8g2_font_get_glyph_data  u8g2_font.o
    0x0000c854   0x0000c854   0x00000034   Code   RO         1359    .text.u8g2_font_get_word  u8g2_font.o
    0x0000c888   0x0000c888   0x00000052   Code   RO         1387    .text.u8g2_font_setup_decode  u8g2_font.o
    0x0000c8da   0x0000c8da   0x00000002   PAD
    0x0000c8dc   0x0000c8dc   0x0000009c   Code   RO          825    .text.u8g2_gpio_and_delay_mspm0  oled_driver.o
    0x0000c978   0x0000c978   0x00000094   Code   RO         1497    .text.u8g2_is_intersection_decision_tree  u8g2_intersection.o
    0x0000ca0c   0x0000ca0c   0x00000164   Code   RO         1527    .text.u8g2_ll_hvline_vertical_top_lsb  u8g2_ll_hvline.o
    0x0000cb70   0x0000cb70   0x00000014   Code   RO         1335    .text.u8g2_m_16_8_f  u8g2_d_memory.o
    0x0000cb84   0x0000cb84   0x000000fc   Code   RO         1355    .text.u8g2_read_font_info  u8g2_font.o
    0x0000cc80   0x0000cc80   0x0000008e   Code   RO         1267    .text.u8g2_send_buffer  u8g2_buffer.o
    0x0000cd0e   0x0000cd0e   0x00000054   Code   RO         1287    .text.u8g2_send_tile_row  u8g2_buffer.o
    0x0000cd62   0x0000cd62   0x00000002   PAD
    0x0000cd64   0x0000cd64   0x000000e8   Code   RO         1463    .text.u8g2_string_width  u8g2_font.o
    0x0000ce4c   0x0000ce4c   0x000000ae   Code   RO         1590    .text.u8g2_update_dimension_common  u8g2_setup.o
    0x0000cefa   0x0000cefa   0x00000010   Code   RO         1588    .text.u8g2_update_dimension_r0  u8g2_setup.o
    0x0000cf0a   0x0000cf0a   0x00000036   Code   RO         1592    .text.u8g2_update_page_win_r0  u8g2_setup.o
    0x0000cf40   0x0000cf40   0x00000034   Code   RO         1848    .text.u8x8_DrawTile  u8x8_display.o
    0x0000cf74   0x0000cf74   0x00000016   Code   RO         1854    .text.u8x8_InitDisplay  u8x8_display.o
    0x0000cf8a   0x0000cf8a   0x00000016   Code   RO         1862    .text.u8x8_RefreshDisplay  u8x8_display.o
    0x0000cfa0   0x0000cfa0   0x00000020   Code   RO         1856    .text.u8x8_SetPowerSave  u8x8_display.o
    0x0000cfc0   0x0000cfc0   0x00000036   Code   RO         1894    .text.u8x8_Setup    u8x8_setup.o
    0x0000cff6   0x0000cff6   0x00000002   PAD
    0x0000cff8   0x0000cff8   0x00000044   Code   RO         1892    .text.u8x8_SetupDefaults  u8x8_setup.o
    0x0000d03c   0x0000d03c   0x00000016   Code   RO         1850    .text.u8x8_SetupMemory  u8x8_display.o
    0x0000d052   0x0000d052   0x00000002   PAD
    0x0000d054   0x0000d054   0x00000038   Code   RO         1654    .text.u8x8_ascii_next  u8x8_8x8.o
    0x0000d08c   0x0000d08c   0x000000e4   Code   RO          823    .text.u8x8_byte_3wire_hw_spi  oled_driver.o
    0x0000d170   0x0000d170   0x00000016   Code   RO         1691    .text.u8x8_byte_SendByte  u8x8_byte.o
    0x0000d186   0x0000d186   0x00000022   Code   RO         1689    .text.u8x8_byte_SendBytes  u8x8_byte.o
    0x0000d1a8   0x0000d1a8   0x00000020   Code   RO         1687    .text.u8x8_byte_SetDC  u8x8_byte.o
    0x0000d1c8   0x0000d1c8   0x0000009c   Code   RO         1772    .text.u8x8_cad_001  u8x8_cad.o
    0x0000d264   0x0000d264   0x00000016   Code   RO         1756    .text.u8x8_cad_EndTransfer  u8x8_cad.o
    0x0000d27a   0x0000d27a   0x00000020   Code   RO         1748    .text.u8x8_cad_SendArg  u8x8_cad.o
    0x0000d29a   0x0000d29a   0x00000020   Code   RO         1746    .text.u8x8_cad_SendCmd  u8x8_cad.o
    0x0000d2ba   0x0000d2ba   0x00000022   Code   RO         1752    .text.u8x8_cad_SendData  u8x8_cad.o
    0x0000d2dc   0x0000d2dc   0x000000a4   Code   RO         1762    .text.u8x8_cad_SendSequence  u8x8_cad.o
    0x0000d380   0x0000d380   0x00000016   Code   RO         1754    .text.u8x8_cad_StartTransfer  u8x8_cad.o
    0x0000d396   0x0000d396   0x0000006c   Code   RO         1846    .text.u8x8_d_helper_display_init  u8x8_display.o
    0x0000d402   0x0000d402   0x0000001a   Code   RO         1844    .text.u8x8_d_helper_display_setup_memory  u8x8_display.o
    0x0000d41c   0x0000d41c   0x00000080   Code   RO         1808    .text.u8x8_d_ssd1306_128x64_noname  u8x8_d_ssd1306_128x64_noname.o
    0x0000d49c   0x0000d49c   0x00000168   Code   RO         1810    .text.u8x8_d_ssd1306_sh1106_generic  u8x8_d_ssd1306_128x64_noname.o
    0x0000d604   0x0000d604   0x00000016   Code   RO         1888    .text.u8x8_dummy_cb  u8x8_setup.o
    0x0000d61a   0x0000d61a   0x00000026   Code   RO         1880    .text.u8x8_gpio_call  u8x8_gpio.o
    0x0000d640   0x0000d640   0x00000010   Code   RO         1652    .text.u8x8_utf8_init  u8x8_8x8.o
    0x0000d650   0x0000d650   0x0000006c   Code   RO          941    .text.uart_init     uart_driver.o
    0x0000d6bc   0x0000d6bc   0x0000002c   Code   RO          943    .text.uart_rx_task  uart_driver.o
    0x0000d6e8   0x0000d6e8   0x00000058   Code   RO          945    .text.uart_tx_task  uart_driver.o
    0x0000d740   0x0000d740   0x00000008   Code   RO         2492    .text.ulSetInterruptMaskFromISR  freertos_builds_LP_MSPM0G3507_release_keil.lib(port.o)
    0x0000d748   0x0000d748   0x000000c0   Code   RO         2428    .text.ulTaskGenericNotifyTake  freertos_builds_LP_MSPM0G3507_release_keil.lib(tasks.o)
    0x0000d808   0x0000d808   0x0000004c   Code   RO          540    .text.update_distance  car_controller.o
    0x0000d854   0x0000d854   0x00000084   Code   RO          538    .text.update_speed  car_controller.o
    0x0000d8d8   0x0000d8d8   0x000000d4   Code   RO          542    .text.update_speed_pid  car_controller.o
    0x0000d9ac   0x0000d9ac   0x00000060   Code   RO          959    .text.usart_printf  uart_driver.o
    0x0000da0c   0x0000da0c   0x00000044   Code   RO          949    .text.usart_send_bytes  uart_driver.o
    0x0000da50   0x0000da50   0x00000088   Code   RO          558    .text.user_button_init  button_app.o
    0x0000dad8   0x0000dad8   0x00000020   Code   RO            6    .text.user_init     main.o
    0x0000daf8   0x0000daf8   0x00000020   Code   RO         2522    .text.uxListRemove  freertos_builds_LP_MSPM0G3507_release_keil.lib(list.o)
    0x0000db18   0x0000db18   0x00000018   Code   RO         2613    .text.vApplicationGetIdleTaskMemory  freertos_builds_LP_MSPM0G3507_release_keil.lib(staticallocs_freertos.o)
    0x0000db30   0x0000db30   0x00000018   Code   RO         2615    .text.vApplicationGetTimerTaskMemory  freertos_builds_LP_MSPM0G3507_release_keil.lib(staticallocs_freertos.o)
    0x0000db48   0x0000db48   0x00000038   Code   RO           18    .text.vApplicationMallocFailedHook  main.o
    0x0000db80   0x0000db80   0x00000040   Code   RO           14    .text.vApplicationStackOverflowHook  main.o
    0x0000dbc0   0x0000dbc0   0x00000006   Code   RO         2494    .text.vClearInterruptMaskFromISR  freertos_builds_LP_MSPM0G3507_release_keil.lib(port.o)
    0x0000dbc6   0x0000dbc6   0x00000014   Code   RO         2514    .text.vListInitialise  freertos_builds_LP_MSPM0G3507_release_keil.lib(list.o)
    0x0000dbda   0x0000dbda   0x00000006   Code   RO         2516    .text.vListInitialiseItem  freertos_builds_LP_MSPM0G3507_release_keil.lib(list.o)
    0x0000dbe0   0x0000dbe0   0x0000003c   Code   RO         2520    .text.vListInsert   freertos_builds_LP_MSPM0G3507_release_keil.lib(list.o)
    0x0000dc1c   0x0000dc1c   0x00000016   Code   RO         2518    .text.vListInsertEnd  freertos_builds_LP_MSPM0G3507_release_keil.lib(list.o)
    0x0000dc32   0x0000dc32   0x00000002   PAD
    0x0000dc34   0x0000dc34   0x00000058   Code   RO          618    .text.vOLEDTask     menu_logic.o
    0x0000dc8c   0x0000dc8c   0x00000014   Code   RO         2488    .text.vPortEnterCritical  freertos_builds_LP_MSPM0G3507_release_keil.lib(port.o)
    0x0000dca0   0x0000dca0   0x0000001c   Code   RO         2490    .text.vPortExitCritical  freertos_builds_LP_MSPM0G3507_release_keil.lib(port.o)
    0x0000dcbc   0x0000dcbc   0x000000a8   Code   RO         2587    .text.vPortFree     freertos_builds_LP_MSPM0G3507_release_keil.lib(heap_4.o)
    0x0000dd64   0x0000dd64   0x00000024   Code   RO         2480    .text.vPortSetupTimerInterrupt  freertos_builds_LP_MSPM0G3507_release_keil.lib(port.o)
    0x0000dd88   0x0000dd88   0x00000008   PAD
    0x0000dd90   0x0000dd90   0x00000034   Code   RO         2482    .text.vPortStartFirstTask  freertos_builds_LP_MSPM0G3507_release_keil.lib(port.o)
    0x0000ddc4   0x0000ddc4   0x00000158   Code   RO         2500    .text.vPortSuppressTicksAndSleep  freertos_builds_LP_MSPM0G3507_release_keil.lib(port.o)
    0x0000df1c   0x0000df1c   0x00000018   Code   RO         2486    .text.vPortYield    freertos_builds_LP_MSPM0G3507_release_keil.lib(port.o)
    0x0000df34   0x0000df34   0x00000044   Code   RO         2312    .text.vQueueWaitForMessageRestricted  freertos_builds_LP_MSPM0G3507_release_keil.lib(queue.o)
    0x0000df78   0x0000df78   0x00000068   Code   RO         2338    .text.vTaskDelay    freertos_builds_LP_MSPM0G3507_release_keil.lib(tasks.o)
    0x0000dfe0   0x0000dfe0   0x000000c0   Code   RO         2330    .text.vTaskDelete   freertos_builds_LP_MSPM0G3507_release_keil.lib(tasks.o)
    0x0000e0a0   0x0000e0a0   0x0000009c   Code   RO         2436    .text.vTaskGenericNotifyGiveFromISR  freertos_builds_LP_MSPM0G3507_release_keil.lib(tasks.o)
    0x0000e13c   0x0000e13c   0x00000014   Code   RO         2396    .text.vTaskInternalSetTimeOutState  freertos_builds_LP_MSPM0G3507_release_keil.lib(tasks.o)
    0x0000e150   0x0000e150   0x00000008   Code   RO         2400    .text.vTaskMissedYield  freertos_builds_LP_MSPM0G3507_release_keil.lib(tasks.o)
    0x0000e158   0x0000e158   0x00000060   Code   RO         2384    .text.vTaskPlaceOnEventList  freertos_builds_LP_MSPM0G3507_release_keil.lib(tasks.o)
    0x0000e1b8   0x0000e1b8   0x00000088   Code   RO         2388    .text.vTaskPlaceOnEventListRestricted  freertos_builds_LP_MSPM0G3507_release_keil.lib(tasks.o)
    0x0000e240   0x0000e240   0x000000ac   Code   RO         2354    .text.vTaskStartScheduler  freertos_builds_LP_MSPM0G3507_release_keil.lib(tasks.o)
    0x0000e2ec   0x0000e2ec   0x00000024   Code   RO         2372    .text.vTaskStepTick  freertos_builds_LP_MSPM0G3507_release_keil.lib(tasks.o)
    0x0000e310   0x0000e310   0x0000000c   Code   RO         2334    .text.vTaskSuspendAll  freertos_builds_LP_MSPM0G3507_release_keil.lib(tasks.o)
    0x0000e31c   0x0000e31c   0x000000e4   Code   RO         2350    .text.vTaskSwitchContext  freertos_builds_LP_MSPM0G3507_release_keil.lib(tasks.o)
    0x0000e400   0x0000e400   0x00000044   Code   RO          393    .text.vector3f_sub  imu_app.o
    0x0000e444   0x0000e444   0x0000000e   Code   RO          581    .text.view_variables_cb  menu_app.o
    0x0000e452   0x0000e452   0x00000002   PAD
    0x0000e454   0x0000e454   0x0000005c   Code   RO         2478    .text.xPortStartScheduler  freertos_builds_LP_MSPM0G3507_release_keil.lib(port.o)
    0x0000e4b0   0x0000e4b0   0x0000009c   Code   RO         2262    .text.xQueueGenericCreate  freertos_builds_LP_MSPM0G3507_release_keil.lib(queue.o)
    0x0000e54c   0x0000e54c   0x00000096   Code   RO         2260    .text.xQueueGenericCreateStatic  freertos_builds_LP_MSPM0G3507_release_keil.lib(queue.o)
    0x0000e5e2   0x0000e5e2   0x00000214   Code   RO         2270    .text.xQueueGenericSend  freertos_builds_LP_MSPM0G3507_release_keil.lib(queue.o)
    0x0000e7f6   0x0000e7f6   0x0000010c   Code   RO         2282    .text.xQueueGenericSendFromISR  freertos_builds_LP_MSPM0G3507_release_keil.lib(queue.o)
    0x0000e902   0x0000e902   0x0000017a   Code   RO         2286    .text.xQueueReceive  freertos_builds_LP_MSPM0G3507_release_keil.lib(queue.o)
    0x0000ea7c   0x0000ea7c   0x00000060   Code   RO         2398    .text.xTaskCheckForTimeOut  freertos_builds_LP_MSPM0G3507_release_keil.lib(tasks.o)
    0x0000eadc   0x0000eadc   0x00000058   Code   RO         2328    .text.xTaskCreate   freertos_builds_LP_MSPM0G3507_release_keil.lib(tasks.o)
    0x0000eb34   0x0000eb34   0x0000004e   Code   RO         2322    .text.xTaskCreateStatic  freertos_builds_LP_MSPM0G3507_release_keil.lib(tasks.o)
    0x0000eb82   0x0000eb82   0x00000002   PAD
    0x0000eb84   0x0000eb84   0x0000009c   Code   RO         2332    .text.xTaskDelayUntil  freertos_builds_LP_MSPM0G3507_release_keil.lib(tasks.o)
    0x0000ec20   0x0000ec20   0x000000cc   Code   RO         2432    .text.xTaskGenericNotify  freertos_builds_LP_MSPM0G3507_release_keil.lib(tasks.o)
    0x0000ecec   0x0000ecec   0x0000001c   Code   RO         2416    .text.xTaskGetSchedulerState  freertos_builds_LP_MSPM0G3507_release_keil.lib(tasks.o)
    0x0000ed08   0x0000ed08   0x00000008   Code   RO         2362    .text.xTaskGetTickCount  freertos_builds_LP_MSPM0G3507_release_keil.lib(tasks.o)
    0x0000ed10   0x0000ed10   0x00000104   Code   RO         2360    .text.xTaskIncrementTick  freertos_builds_LP_MSPM0G3507_release_keil.lib(tasks.o)
    0x0000ee14   0x0000ee14   0x00000060   Code   RO         2420    .text.xTaskPriorityDisinherit  freertos_builds_LP_MSPM0G3507_release_keil.lib(tasks.o)
    0x0000ee74   0x0000ee74   0x00000090   Code   RO         2390    .text.xTaskRemoveFromEventList  freertos_builds_LP_MSPM0G3507_release_keil.lib(tasks.o)
    0x0000ef04   0x0000ef04   0x00000100   Code   RO         2336    .text.xTaskResumeAll  freertos_builds_LP_MSPM0G3507_release_keil.lib(tasks.o)
    0x0000f004   0x0000f004   0x000000ac   Code   RO         2532    .text.xTimerCreateTimerTask  freertos_builds_LP_MSPM0G3507_release_keil.lib(timers.o)
    0x0000f0b0   0x0000f0b0   0x000001f6   Code   RO         2647    .text_divfast       c_p.l(aeabi_sdivfast.o)
    0x0000f2a6   0x0000f2a6   0x00000030   Code   RO         3005    i.__ARM_common_ll_muluu  c_p.l(btod.o)
    0x0000f2d6   0x0000f2d6   0x00000002   PAD
    0x0000f2d8   0x0000f2d8   0x0000002c   Code   RO         2911    i.__ARM_fpclassify  m_ps.l(fpclassify.o)
    0x0000f304   0x0000f304   0x00000022   Code   RO         2913    i.__ARM_fpclassifyf  m_ps.l(fpclassifyf.o)
    0x0000f326   0x0000f326   0x000000ac   Code   RO         2929    i.__kernel_poly     m_ps.l(poly.o)
    0x0000f3d2   0x0000f3d2   0x0000000a   Code   RO         2898    i.__mathlib_dbl_infnan  m_ps.l(dunder.o)
    0x0000f3dc   0x0000f3dc   0x00000014   Code   RO         2903    i.__mathlib_dbl_underflow  m_ps.l(dunder.o)
    0x0000f3f0   0x0000f3f0   0x0000000e   Code   RO         2915    i.__mathlib_flt_divzero  m_ps.l(funder.o)
    0x0000f3fe   0x0000f3fe   0x0000000a   Code   RO         2916    i.__mathlib_flt_infnan  m_ps.l(funder.o)
    0x0000f408   0x0000f408   0x00000008   Code   RO         2917    i.__mathlib_flt_infnan2  m_ps.l(funder.o)
    0x0000f410   0x0000f410   0x0000000c   Code   RO         2918    i.__mathlib_flt_invalid  m_ps.l(funder.o)
    0x0000f41c   0x0000f41c   0x0000000e   Code   RO         2919    i.__mathlib_flt_overflow  m_ps.l(funder.o)
    0x0000f42a   0x0000f42a   0x0000000e   Code   RO         2921    i.__mathlib_flt_underflow  m_ps.l(funder.o)
    0x0000f438   0x0000f438   0x00000180   Code   RO         2931    i.__mathlib_rredf2  m_ps.l(rredf.o)
    0x0000f5b8   0x0000f5b8   0x00000016   Code   RO         2702    i._feq              fz_ps.l(fcmp.o)
    0x0000f5ce   0x0000f5ce   0x00000016   Code   RO         2703    i._fgeq             fz_ps.l(fcmp.o)
    0x0000f5e4   0x0000f5e4   0x00000016   Code   RO         2704    i._fgr              fz_ps.l(fcmp.o)
    0x0000f5fa   0x0000f5fa   0x0000001a   Code   RO         2705    i._fleq             fz_ps.l(fcmp.o)
    0x0000f614   0x0000f614   0x00000016   Code   RO         2706    i._fls              fz_ps.l(fcmp.o)
    0x0000f62a   0x0000f62a   0x0000000e   Code   RO         2828    i._is_digit         c_p.l(__printf_wp.o)
    0x0000f638   0x0000f638   0x00000118   Code   RO         2730    i.asinf             m_ps.l(asinf.o)
    0x0000f750   0x0000f750   0x0000021c   Code   RO         2734    i.atan              m_ps.l(atan.o)
    0x0000f96c   0x0000f96c   0x0000029c   Code   RO         2739    i.atan2f            m_ps.l(atan2f.o)
    0x0000fc08   0x0000fc08   0x00000178   Code   RO         2743    i.cosf              m_ps.l(cosf.o)
    0x0000fd80   0x0000fd80   0x00000620   Code   RO         2747    i.powf              m_ps.l(powf.o)
    0x000103a0   0x000103a0   0x00000184   Code   RO         2752    i.sinf              m_ps.l(sinf.o)
    0x00010524   0x00010524   0x0000002c   Code   RO         2756    i.sqrtf             m_ps.l(sqrtf.o)
    0x00010550   0x00010550   0x00000170   Code   RO         2760    i.tanf              m_ps.l(tanf.o)
    0x000106c0   0x000106c0   0x0000002c   Code   RO         3010    locale$$code        c_p.l(lc_numeric_c.o)
    0x000106ec   0x000106ec   0x0000002c   Code   RO         3038    locale$$code        c_p.l(lc_ctype_c.o)
    0x00010718   0x00010718   0x0000008c   Code   RO         2690    x$fpl$fadd          fz_ps.l(faddsub.o)
    0x000107a4   0x000107a4   0x00000054   Code   RO         2872    x$fpl$feqf          fz_ps.l(feqf.o)
    0x000107f8   0x000107f8   0x00000054   Code   RO         2876    x$fpl$fgeqf         fz_ps.l(fgef.o)
    0x0001084c   0x0001084c   0x00000054   Code   RO         2878    x$fpl$fleqf         fz_ps.l(flef.o)
    0x000108a0   0x000108a0   0x000000b0   Code   RO         2727    x$fpl$fmul          fz_ps.l(fmul.o)
    0x00010950   0x00010950   0x00000018   Code   RO         2691    x$fpl$frsb          fz_ps.l(faddsub.o)
    0x00010968   0x00010968   0x000000d0   Code   RO         2692    x$fpl$fsub          fz_ps.l(faddsub.o)
    0x00010a38   0x00010a38   0x00000010   Code   RO         2888    x$fpl$printf1       fz_ps.l(printf1.o)
    0x00010a48   0x00010a48   0x00000010   Code   RO         2890    x$fpl$printf2       fz_ps.l(printf2.o)
    0x00010a58   0x00010a58   0x00000000   Code   RO         2896    x$fpl$usenofp       fz_ps.l(usenofp.o)
    0x00010a58   0x00010a58   0x00000040   Data   RO         2721    .constdata          fz_ps.l(fdiv.o)
    0x00010a98   0x00010a98   0x00000098   Data   RO         2735    .constdata          m_ps.l(atan.o)
    0x00010b30   0x00010b30   0x00000140   Data   RO         2748    .constdata          m_ps.l(powf.o)
    0x00010c70   0x00010c70   0x00000008   Data   RO         2787    .constdata          c_p.l(_printf_wctomb.o)
    0x00010c78   0x00010c78   0x00000028   Data   RO         2816    .constdata          c_p.l(_printf_hex_int_ll_ptr.o)
    0x00010ca0   0x00010ca0   0x00000011   Data   RO         2836    .constdata          c_p.l(__printf_flags_ss_wp.o)
    0x00010cb1   0x00010cb1   0x00000080   Data   RO         2862    .constdata          fz_ps.l(ddiv.o)
    0x00010d31   0x00010d31   0x00000003   PAD
    0x00010d34   0x00010d34   0x00000020   Data   RO         2932    .constdata          m_ps.l(rredf.o)
    0x00010d54   0x00010d54   0x00000026   Data   RO         2967    .constdata          c_p.l(_printf_fp_hex.o)
    0x00010d7a   0x00010d7a   0x00000002   PAD
    0x00010d7c   0x00010d7c   0x00000094   Data   RO         3000    .constdata          c_p.l(bigflt0.o)
    0x00010e10   0x00010e10   0x00000018   Data   RO         1163    .rodata..L__const.FusionAhrsInitialise.settings  fusionahrs.o
    0x00010e28   0x00010e28   0x00000030   Data   RO          345    .rodata..L__const.encoder_application_init.encoder_configs  encoder_app.o
    0x00010e58   0x00010e58   0x00000018   Data   RO          421    .rodata..L__const.trackless_ahrs_update.settings  imu_app.o
    0x00010e70   0x00010e70   0x00000018   Data   RO          865    .rodata.at24cxx_i2c  driver_at24cxx.o
    0x00010e88   0x00010e88   0x00000018   Data   RO          247    .rodata.gDMA_CH0Config  ti_msp_dl_config.o
    0x00010ea0   0x00010ea0   0x00000002   Data   RO          242    .rodata.gI2C_0ClockConfig  ti_msp_dl_config.o
    0x00010ea2   0x00010ea2   0x00000003   Data   RO          236    .rodata.gMotor_PWM1ClockConfig  ti_msp_dl_config.o
    0x00010ea5   0x00010ea5   0x00000003   PAD
    0x00010ea8   0x00010ea8   0x00000008   Data   RO          237    .rodata.gMotor_PWM1Config  ti_msp_dl_config.o
    0x00010eb0   0x00010eb0   0x00000003   Data   RO          238    .rodata.gMotor_PWM2ClockConfig  ti_msp_dl_config.o
    0x00010eb3   0x00010eb3   0x00000001   PAD
    0x00010eb4   0x00010eb4   0x00000008   Data   RO          239    .rodata.gMotor_PWM2Config  ti_msp_dl_config.o
    0x00010ebc   0x00010ebc   0x00000002   Data   RO          245    .rodata.gSPI_0_clockConfig  ti_msp_dl_config.o
    0x00010ebe   0x00010ebe   0x0000000a   Data   RO          246    .rodata.gSPI_0_config  ti_msp_dl_config.o
    0x00010ec8   0x00010ec8   0x00000028   Data   RO          235    .rodata.gSYSPLLConfig  ti_msp_dl_config.o
    0x00010ef0   0x00010ef0   0x00000003   Data   RO          240    .rodata.gTIMER_delayClockConfig  ti_msp_dl_config.o
    0x00010ef3   0x00010ef3   0x00000001   PAD
    0x00010ef4   0x00010ef4   0x00000014   Data   RO          241    .rodata.gTIMER_delayTimerConfig  ti_msp_dl_config.o
    0x00010f08   0x00010f08   0x00000002   Data   RO          243    .rodata.gUART_DEBUGClockConfig  ti_msp_dl_config.o
    0x00010f0a   0x00010f0a   0x0000000a   Data   RO          244    .rodata.gUART_DEBUGConfig  ti_msp_dl_config.o
    0x00010f14   0x00010f14   0x00000804   Data   RO         1044    .rodata.sinTable    fast_math.o
    0x00011718   0x00011718   0x000000c9   Data   RO           22    .rodata.str1.1      main.o
    0x000117e1   0x000117e1   0x0000014d   Data   RO           44    .rodata.str1.1      periodic_event_task.o
    0x0001192e   0x0001192e   0x0000002b   Data   RO          408    .rodata.str1.1      imu_app.o
    0x00011959   0x00011959   0x000000f3   Data   RO          591    .rodata.str1.1      menu_app.o
    0x00011a4c   0x00011a4c   0x0000000a   Data   RO          641    .rodata.str1.1      menu_logic.o
    0x00011a56   0x00011a56   0x00000027   Data   RO          660    .rodata.str1.1      menu_ui.o
    0x00011a7d   0x00011a7d   0x00000048   Data   RO          697    .rodata.str1.1      log.o
    0x00011ac5   0x00011ac5   0x00000053   Data   RO          867    .rodata.str1.1      driver_at24cxx.o
    0x00011b18   0x00011b18   0x00000010   Data   RO          965    .rodata.str1.1      uart_driver.o
    0x00011b28   0x00011b28   0x0000000c   Data   RO         1622    .rodata.u8g2_cb_r0  u8g2_setup.o
    0x00011b34   0x00011b34   0x000003d3   Data   RO         1974    .rodata.u8g2_font_6x10_tr  u8g2_fonts.o
    0x00011f07   0x00011f07   0x000009cf   Data   RO         1972    .rodata.u8g2_font_inb16_mr  u8g2_fonts.o
    0x000128d6   0x000128d6   0x000003d2   Data   RO         1973    .rodata.u8g2_font_profont12_tr  u8g2_fonts.o
    0x00012ca8   0x00012ca8   0x00000007   Data   RO         1835    .rodata.u8x8_d_ssd1306_128x64_noname_flip0_seq  u8x8_d_ssd1306_128x64_noname.o
    0x00012caf   0x00012caf   0x00000007   Data   RO         1836    .rodata.u8x8_d_ssd1306_128x64_noname_flip1_seq  u8x8_d_ssd1306_128x64_noname.o
    0x00012cb6   0x00012cb6   0x00000035   Data   RO         1824    .rodata.u8x8_d_ssd1306_128x64_noname_init_seq  u8x8_d_ssd1306_128x64_noname.o
    0x00012ceb   0x00012ceb   0x00000005   Data   RO         1833    .rodata.u8x8_d_ssd1306_128x64_noname_powersave0_seq  u8x8_d_ssd1306_128x64_noname.o
    0x00012cf0   0x00012cf0   0x00000005   Data   RO         1834    .rodata.u8x8_d_ssd1306_128x64_noname_powersave1_seq  u8x8_d_ssd1306_128x64_noname.o
    0x00012cf5   0x00012cf5   0x00000003   PAD
    0x00012cf8   0x00012cf8   0x00000018   Data   RO         1825    .rodata.u8x8_ssd1306_128x64_noname_display_info  u8x8_d_ssd1306_128x64_noname.o
    0x00012d10   0x00012d10   0x00000004   Data   RO         2443    .rodata.uxTopUsedPriority  freertos_builds_LP_MSPM0G3507_release_keil.lib(tasks.o)
    0x00012d14   0x00012d14   0x00000004   PAD
    0x00012d18   0x00012d18   0x00000020   Data   RO         3174    Region$$Table       anon$$obj.o
    0x00012d38   0x00012d38   0x0000001c   Data   RO         3009    locale$$data        c_p.l(lc_numeric_c.o)
    0x00012d54   0x00012d54   0x00000110   Data   RO         3037    locale$$data        c_p.l(lc_ctype_c.o)


    Execution Region RW_IRAM2 (Exec base: 0x20200000, Load base: 0x00012e68, Size: 0x00006958, Max: 0x00008000, ABSOLUTE, COMPRESSED[0x000000c0])

    Exec Addr    Load Addr    Size         Type   Attr      Idx    E Section Name        Object

    0x20200000   COMPRESSED   0x00000001   Data   RW          726    .data.IMU_ID        icm20608.o
    0x20200001   COMPRESSED   0x00000001   PAD
    0x20200002   COMPRESSED   0x00000002   Data   RW          488    .data.alert_time    alert.o
    0x20200004   COMPRESSED   0x00000005   Data   RW          564    .data.button_ids    button_app.o
    0x20200009   COMPRESSED   0x00000003   PAD
    0x2020000c   COMPRESSED   0x00000050   Data   RW          550    .data.car           car_controller.o
    0x2020005c   COMPRESSED   0x00000003   Data   RW          486    .data.current_color  alert.o
    0x2020005f   COMPRESSED   0x00000001   PAD
    0x20200060   COMPRESSED   0x000000a8   Data   RW          371    .data.g_motor_system_config  motor_app.o
    0x20200108   COMPRESSED   0x00000005   Data   RW          727    .data.icm_read_register  icm20608.o
    0x2020010d   COMPRESSED   0x00000001   Data   RW          729    .data.imu_address   icm20608.o
    0x2020010e   COMPRESSED   0x00000002   PAD
    0x20200110   COMPRESSED   0x00000004   Data   RW         1062    .data.kalman_filter.P  filter.o
    0x20200114   COMPRESSED   0x00000004   Data   RW         1063    .data.kalman_filter.Q  filter.o
    0x20200118   COMPRESSED   0x00000004   Data   RW         1064    .data.kalman_filter.R  filter.o
    0x2020011c   COMPRESSED   0x0000000c   Data   RW          751    .data.l298n_interface  motor_l298n.o
    0x20200128   COMPRESSED   0x000000a8   Data   RW           42    .data.period_tasks  periodic_event_task.o
    0x202001d0   COMPRESSED   0x00000018   Data   RW          343    .data.robot_encoder_manager  encoder_app.o
    0x202001e8   COMPRESSED   0x00000024   Data   RW          593    .data.root_children  menu_app.o
    0x2020020c   COMPRESSED   0x00000010   Data   RW          595    .data.run_tasks_children  menu_app.o
    0x2020021c   COMPRESSED   0x00000001   Data   RW          548    .data.type          car_controller.o
    0x2020021d   COMPRESSED   0x00000003   PAD
    0x20200220   COMPRESSED   0x00000004   Data   RW         2502    .data.uxCriticalNesting  freertos_builds_LP_MSPM0G3507_release_keil.lib(port.o)
    0x20200224   COMPRESSED   0x00000004   PAD
    0x20200228        -       0x00000060   Zero   RW         2985    .bss                c_p.l(libspace.o)
    0x20200288        -       0x00000001   Zero   RW          866    .bss.AT24CXX_Init.at24cxx_initialized_ok  driver_at24cxx.o
    0x20200289   COMPRESSED   0x00000003   PAD
    0x2020028c        -       0x00000020   Zero   RW           43    .bss.PeriodicEventTask.last_execution_tick  periodic_event_task.o
    0x202002ac        -       0x00000004   Zero   RW           45    .bss.PeriodicEventTaskHandle  periodic_event_task.o
    0x202002b0        -       0x00000048   Zero   RW          417    .bss.accel_filter_buf  imu_app.o
    0x202002f8        -       0x00000018   Zero   RW          415    .bss.accel_lpf_param  imu_app.o
    0x20200310        -       0x00000001   Zero   RW          643    .bss.add_variable.data_index  menu_logic.o
    0x20200311   COMPRESSED   0x00000003   PAD
    0x20200314        -       0x00000074   Zero   RW          420    .bss.ahrs           imu_app.o
    0x20200388        -       0x00000001   Zero   RW          487    .bss.alert_count    alert.o
    0x20200389        -       0x00000001   Zero   RW          489    .bss.alert_enable   alert.o
    0x2020038a   COMPRESSED   0x00000002   PAD
    0x2020038c        -       0x00000004   Zero   RW          608    .bss.btn_long_press_cb.last_trigger_time  menu_app.o
    0x20200390        -       0x000000dc   Zero   RW          565    .bss.buttons        button_app.o
    0x2020046c        -       0x00000001   Zero   RW          490    .bss.completed_cycles  alert.o
    0x2020046d   COMPRESSED   0x00000003   PAD
    0x20200470        -       0x00000004   Zero   RW          640    .bss.current_menu   menu_logic.o
    0x20200474        -       0x00000001   Zero   RW          491    .bss.current_state  alert.o
    0x20200475   COMPRESSED   0x00000003   PAD
    0x20200478        -       0x00000020   Zero   RW          549    .bss.encoder        car_controller.o
    0x20200498        -       0x00000004   Zero   RW          278    .bss.expected_packet_length  embedfire_protocol_receive.o
    0x2020049c        -       0x000000bc   Zero   RW          232    .bss.gMotor_PWM1Backup  ti_msp_dl_config.o
    0x20200558        -       0x00000028   Zero   RW          234    .bss.gSPI_0Backup   ti_msp_dl_config.o
    0x20200580        -       0x000000bc   Zero   RW          233    .bss.gTIMER_delayBackup  ti_msp_dl_config.o
    0x2020063c        -       0x00000048   Zero   RW          416    .bss.gyro_filter_buf  imu_app.o
    0x20200684        -       0x00000018   Zero   RW          414    .bss.gyro_lpf_param  imu_app.o
    0x2020069c        -       0x00000004   Zero   RW          799    .bss.head_handle    multi_button.o
    0x202006a0        -       0x00000005   Zero   RW          728    .bss.icm_read_check  icm20608.o
    0x202006a5   COMPRESSED   0x00000003   PAD
    0x202006a8        -       0x0000000c   Zero   RW          412    .bss.imu_calibration.accel_sum  imu_app.o
    0x202006b4        -       0x00000002   Zero   RW          410    .bss.imu_calibration.cnt  imu_app.o
    0x202006b6   COMPRESSED   0x00000002   PAD
    0x202006b8        -       0x0000000c   Zero   RW          413    .bss.imu_calibration.gyro_sum  imu_app.o
    0x202006c4        -       0x0000000c   Zero   RW          411    .bss.imu_calibration.last_gyro  imu_app.o
    0x202006d0        -       0x00000001   Zero   RW          407    .bss.imu_init_blocking.cnt  imu_app.o
    0x202006d1   COMPRESSED   0x00000003   PAD
    0x202006d4        -       0x00000004   Zero   RW           23    .bss.init_task_handle  main.o
    0x202006d8        -       0x00000024   Zero   RW          344    .bss.interrupt_iidx_to_encoder_instance  encoder_app.o
    0x202006fc        -       0x00000001   Zero   RW         1060    .bss.kalman_filter.init  filter.o
    0x202006fd   COMPRESSED   0x00000003   PAD
    0x20200700        -       0x00000004   Zero   RW         1065    .bss.kalman_filter.k  filter.o
    0x20200704        -       0x00000004   Zero   RW         1061    .bss.kalman_filter.x  filter.o
    0x20200708        -       0x00000004   Zero   RW          492    .bss.last_tick_time  alert.o
    0x2020070c        -       0x00000040   Zero   RW          592    .bss.menu_root      menu_app.o
    0x2020074c        -       0x00000040   Zero   RW          594    .bss.menu_run_tasks  menu_app.o
    0x2020078c        -       0x00000020   Zero   RW          644    .bss.menu_variables  menu_logic.o
    0x202007ac        -       0x00000040   Zero   RW          596    .bss.menu_view_variables  menu_app.o
    0x202007ec        -       0x00000018   Zero   RW          419    .bss.offset         imu_app.o
    0x20200804        -       0x00000040   Zero   RW          599    .bss.play_games     menu_app.o
    0x20200844        -       0x00000040   Zero   RW          600    .bss.play_games1    menu_app.o
    0x20200884        -       0x00000040   Zero   RW          601    .bss.play_games2    menu_app.o
    0x202008c4        -       0x00000040   Zero   RW          602    .bss.play_games3    menu_app.o
    0x20200904        -       0x00000040   Zero   RW          603    .bss.play_games4    menu_app.o
    0x20200944        -       0x000000f0   Zero   RW         2576    .bss.prvCheckForValidListAndQueue.ucStaticTimerQueueStorage  freertos_builds_LP_MSPM0G3507_release_keil.lib(timers.o)
    0x20200a34        -       0x00000050   Zero   RW         2575    .bss.prvCheckForValidListAndQueue.xStaticTimerQueue  freertos_builds_LP_MSPM0G3507_release_keil.lib(timers.o)
    0x20200a84        -       0x00000004   Zero   RW         2572    .bss.prvSampleTimeNow.xLastTime  freertos_builds_LP_MSPM0G3507_release_keil.lib(timers.o)
    0x20200a88        -       0x00000004   Zero   RW         2442    .bss.pxCurrentTCB   freertos_builds_LP_MSPM0G3507_release_keil.lib(tasks.o)
    0x20200a8c        -       0x00000004   Zero   RW         2570    .bss.pxCurrentTimerList  freertos_builds_LP_MSPM0G3507_release_keil.lib(timers.o)
    0x20200a90        -       0x00000004   Zero   RW         2451    .bss.pxDelayedTaskList  freertos_builds_LP_MSPM0G3507_release_keil.lib(tasks.o)
    0x20200a94        -       0x00000004   Zero   RW         2597    .bss.pxEnd          freertos_builds_LP_MSPM0G3507_release_keil.lib(heap_4.o)
    0x20200a98        -       0x00000004   Zero   RW         2452    .bss.pxOverflowDelayedTaskList  freertos_builds_LP_MSPM0G3507_release_keil.lib(tasks.o)
    0x20200a9c        -       0x00000004   Zero   RW         2571    .bss.pxOverflowTimerList  freertos_builds_LP_MSPM0G3507_release_keil.lib(timers.o)
    0x20200aa0        -       0x000000c8   Zero   RW         2454    .bss.pxReadyTasksLists  freertos_builds_LP_MSPM0G3507_release_keil.lib(tasks.o)
    0x20200b68        -       0x00000050   Zero   RW          342    .bss.robot_encoders  encoder_app.o
    0x20200bb8        -       0x00000017   Zero   RW          276    .bss.rx_buffer      embedfire_protocol_receive.o
    0x20200bcf   COMPRESSED   0x00000001   PAD
    0x20200bd0        -       0x00000004   Zero   RW          277    .bss.rx_buffer_index  embedfire_protocol_receive.o
    0x20200bd4        -       0x00000018   Zero   RW          274    .bss.rx_callbacks   embedfire_protocol_receive.o
    0x20200bec        -       0x00000001   Zero   RW          275    .bss.rx_state       embedfire_protocol_receive.o
    0x20200bed   COMPRESSED   0x00000003   PAD
    0x20200bf0        -       0x00000040   Zero   RW          598    .bss.set_pid_mileage  menu_app.o
    0x20200c30        -       0x00000040   Zero   RW          597    .bss.set_pid_speed  menu_app.o
    0x20200c70        -       0x00000140   Zero   RW          409    .bss.smartcar_imu   imu_app.o
    0x20200db0        -       0x00000040   Zero   RW          604    .bss.task01         menu_app.o
    0x20200df0        -       0x00000040   Zero   RW          605    .bss.task02         menu_app.o
    0x20200e30        -       0x00000040   Zero   RW          606    .bss.task03         menu_app.o
    0x20200e70        -       0x00000040   Zero   RW          607    .bss.task04         menu_app.o
    0x20200eb0        -       0x00000094   Zero   RW          829    .bss.u8g2           oled_driver.o
    0x20200f44        -       0x00000400   Zero   RW         1337    .bss.u8g2_m_16_8_f.buf  u8g2_d_memory.o
    0x20201344        -       0x0000004c   Zero   RW         1570    .bss.u8g2_pg        u8g2_polygon.o
    0x20201390        -       0x00000004   Zero   RW          963    .bss.uart_rx_queue  uart_driver.o
    0x20201394        -       0x00000004   Zero   RW          962    .bss.uart_rx_task_handle  uart_driver.o
    0x20201398        -       0x00000004   Zero   RW          964    .bss.uart_tx_queue  uart_driver.o
    0x2020139c        -       0x00000004   Zero   RW          961    .bss.uart_tx_task_handle  uart_driver.o
    0x202013a0        -       0x00002000   Zero   RW         2604    .bss.ucHeap         freertos_builds_LP_MSPM0G3507_release_keil.lib(heap_4.o)
    0x202033a0        -       0x00000001   Zero   RW         2505    .bss.ulStoppedTimerCompensation  freertos_builds_LP_MSPM0G3507_release_keil.lib(port.o)
    0x202033a1   COMPRESSED   0x00000003   PAD
    0x202033a4        -       0x00000001   Zero   RW         2503    .bss.ulTimerCountsForOneTick  freertos_builds_LP_MSPM0G3507_release_keil.lib(port.o)
    0x202033a5   COMPRESSED   0x00000003   PAD
    0x202033a8        -       0x00000004   Zero   RW         2447    .bss.uxCurrentNumberOfTasks  freertos_builds_LP_MSPM0G3507_release_keil.lib(tasks.o)
    0x202033ac        -       0x00000004   Zero   RW         2446    .bss.uxDeletedTasksWaitingCleanUp  freertos_builds_LP_MSPM0G3507_release_keil.lib(tasks.o)
    0x202033b0        -       0x00000004   Zero   RW         2449    .bss.uxSchedulerSuspended  freertos_builds_LP_MSPM0G3507_release_keil.lib(tasks.o)
    0x202033b4        -       0x00000004   Zero   RW         2444    .bss.uxTaskNumber   freertos_builds_LP_MSPM0G3507_release_keil.lib(tasks.o)
    0x202033b8        -       0x00000004   Zero   RW         2455    .bss.uxTopReadyPriority  freertos_builds_LP_MSPM0G3507_release_keil.lib(tasks.o)
    0x202033bc        -       0x00000200   Zero   RW         2618    .bss.vApplicationGetIdleTaskMemory.uxIdleTaskStack  freertos_builds_LP_MSPM0G3507_release_keil.lib(staticallocs_freertos.o)
    0x202035bc        -       0x00000064   Zero   RW         2617    .bss.vApplicationGetIdleTaskMemory.xIdleTaskTCB  freertos_builds_LP_MSPM0G3507_release_keil.lib(staticallocs_freertos.o)
    0x20203620        -       0x00000200   Zero   RW         2620    .bss.vApplicationGetTimerTaskMemory.uxTimerTaskStack  freertos_builds_LP_MSPM0G3507_release_keil.lib(staticallocs_freertos.o)
    0x20203820        -       0x00000064   Zero   RW         2619    .bss.vApplicationGetTimerTaskMemory.xTimerTaskTCB  freertos_builds_LP_MSPM0G3507_release_keil.lib(staticallocs_freertos.o)
    0x20203884        -       0x00000014   Zero   RW         2573    .bss.xActiveTimerList1  freertos_builds_LP_MSPM0G3507_release_keil.lib(timers.o)
    0x20203898        -       0x00000014   Zero   RW         2574    .bss.xActiveTimerList2  freertos_builds_LP_MSPM0G3507_release_keil.lib(timers.o)
    0x202038ac        -       0x00000001   Zero   RW         2598    .bss.xBlockAllocatedBit  freertos_builds_LP_MSPM0G3507_release_keil.lib(heap_4.o)
    0x202038ad   COMPRESSED   0x00000003   PAD
    0x202038b0        -       0x00000014   Zero   RW         2462    .bss.xDelayedTaskList1  freertos_builds_LP_MSPM0G3507_release_keil.lib(tasks.o)
    0x202038c4        -       0x00000014   Zero   RW         2463    .bss.xDelayedTaskList2  freertos_builds_LP_MSPM0G3507_release_keil.lib(tasks.o)
    0x202038d8        -       0x00000004   Zero   RW         2599    .bss.xFreeBytesRemaining  freertos_builds_LP_MSPM0G3507_release_keil.lib(heap_4.o)
    0x202038dc        -       0x00000004   Zero   RW         2456    .bss.xIdleTaskHandle  freertos_builds_LP_MSPM0G3507_release_keil.lib(tasks.o)
    0x202038e0        -       0x00000001   Zero   RW         2504    .bss.xMaximumPossibleSuppressedTicks  freertos_builds_LP_MSPM0G3507_release_keil.lib(port.o)
    0x202038e1   COMPRESSED   0x00000003   PAD
    0x202038e4        -       0x00000004   Zero   RW         2601    .bss.xMinimumEverFreeBytesRemaining  freertos_builds_LP_MSPM0G3507_release_keil.lib(heap_4.o)
    0x202038e8        -       0x00000004   Zero   RW         2457    .bss.xNextTaskUnblockTime  freertos_builds_LP_MSPM0G3507_release_keil.lib(tasks.o)
    0x202038ec        -       0x00000004   Zero   RW         2461    .bss.xNumOfOverflows  freertos_builds_LP_MSPM0G3507_release_keil.lib(tasks.o)
    0x202038f0        -       0x00000004   Zero   RW         2602    .bss.xNumberOfSuccessfulAllocations  freertos_builds_LP_MSPM0G3507_release_keil.lib(heap_4.o)
    0x202038f4        -       0x00000004   Zero   RW         2603    .bss.xNumberOfSuccessfulFrees  freertos_builds_LP_MSPM0G3507_release_keil.lib(heap_4.o)
    0x202038f8        -       0x00000004   Zero   RW          642    .bss.xOLEDTaskHandle  menu_logic.o
    0x202038fc        -       0x00000004   Zero   RW         2460    .bss.xPendedTicks   freertos_builds_LP_MSPM0G3507_release_keil.lib(tasks.o)
    0x20203900        -       0x00000014   Zero   RW         2458    .bss.xPendingReadyList  freertos_builds_LP_MSPM0G3507_release_keil.lib(tasks.o)
    0x20203914        -       0x00000004   Zero   RW         2448    .bss.xSchedulerRunning  freertos_builds_LP_MSPM0G3507_release_keil.lib(tasks.o)
    0x20203918        -       0x00000008   Zero   RW         2600    .bss.xStart         freertos_builds_LP_MSPM0G3507_release_keil.lib(heap_4.o)
    0x20203920        -       0x00000014   Zero   RW         2453    .bss.xSuspendedTaskList  freertos_builds_LP_MSPM0G3507_release_keil.lib(tasks.o)
    0x20203934        -       0x00000014   Zero   RW         2445    .bss.xTasksWaitingTermination  freertos_builds_LP_MSPM0G3507_release_keil.lib(tasks.o)
    0x20203948        -       0x00000004   Zero   RW         2450    .bss.xTickCount     freertos_builds_LP_MSPM0G3507_release_keil.lib(tasks.o)
    0x2020394c        -       0x00000004   Zero   RW         2568    .bss.xTimerQueue    freertos_builds_LP_MSPM0G3507_release_keil.lib(timers.o)
    0x20203950        -       0x00000004   Zero   RW         2569    .bss.xTimerTaskHandle  freertos_builds_LP_MSPM0G3507_release_keil.lib(timers.o)
    0x20203954        -       0x00000004   Zero   RW         2459    .bss.xYieldPending  freertos_builds_LP_MSPM0G3507_release_keil.lib(tasks.o)
    0x20203958        -       0x00002000   Zero   RW          255    HEAP                startup_mspm0g350x_uvision.o
    0x20205958        -       0x00001000   Zero   RW          254    STACK               startup_mspm0g350x_uvision.o



  Load Region LR_BCR (Base: 0x41c00000, Size: 0x00000000, Max: 0x00000100, ABSOLUTE)

    Execution Region BCR_CONFIG (Exec base: 0x41c00000, Load base: 0x41c00000, Size: 0x00000000, Max: 0x000000ff, ABSOLUTE)

    **** No section assigned to this execution region ****



  Load Region LR_BSL (Base: 0x41c00100, Size: 0x00000000, Max: 0x00000100, ABSOLUTE)

    Execution Region BSL_CONFIG (Exec base: 0x41c00100, Load base: 0x41c00100, Size: 0x00000000, Max: 0x00000080, ABSOLUTE)

    **** No section assigned to this execution region ****


==============================================================================

Image component sizes


      Code (inc. data)   RO Data    RW Data    ZI Data      Debug   Object Name

       442         52          0          5          8       2110   alert.o
        90          0          0          0          0       1018   arm_pid_init_f32.o
        76          4          0          0          0       3965   beep.o
       326         36          0          5        220       4884   button_app.o
       568         44          0         81         32       2868   car_controller.o
       166          4          0          0          0       1848   delay.o
       408         24        107          0          1       5798   driver_at24cxx.o
       956         68          0          0         56       5407   embedfire_protocol_receive.o
        58          0          0          0          0       5190   embedfire_protocol_send.o
       988         60          0          0          0       3825   encoder.o
       654         52         48         24        116       9264   encoder_app.o
      1382         32       2052          0          0       4001   fast_math.o
       906         40          0         12          9       2389   filter.o
      4866         40         24          0          0      12419   fusionahrs.o
       530          8          0          0          0       2131   fusionoffset.o
       986         28          0          0          0       5426   hardware_i2c.o
      1616         56          0          7          5       4885   icm20608.o
      4158        152         67          0        691       9221   imu_app.o
         4          0          0          0          0       5384   imu_temp_control.o
       256         28         72          0          0       3746   log.o
       462         32        201          0          4       3694   main.o
       910        200        243         52        900       4025   menu_app.o
       678         48         10          0         41       3784   menu_logic.o
      1920        136         39          0          0       4300   menu_ui.o
        48          8          0        168          0       6124   motor_app.o
       512          4          0         12          0       7638   motor_l298n.o
       202         24          0          0          0       3881   mspm0g3507_it.o
      1100         28          0          0          4       3205   multi_button.o
       694         92          0          0        148      10185   oled_driver.o
       906         52        333        168         36       3671   periodic_event_task.o
       196          0          0          0          0       4226   rgb_led.o
        48         22        192          0      12288        716   startup_mspm0g350x_uvision.o
      1672         12          0          0          0       8409   sw_i2c.o
      2646        220        135          0        416      35861   ti_msp_dl_config.o
       346          0          0          0          0       6109   u8g2_box.o
       294          0          0          0          0       6970   u8g2_buffer.o
        20          4          0          0       1024        765   u8g2_d_memory.o
        72         12          0          0          0       4758   u8g2_d_setup.o
      3172         68          0          0          0      19044   u8g2_font.o
         0          0       4468          0          0        697   u8g2_fonts.o
       770          0          0          0          0       6161   u8g2_hvline.o
       248          0          0          0          0       4880   u8g2_intersection.o
       356          0          0          0          0       5470   u8g2_ll_hvline.o
      1718         20          0          0         76       8793   u8g2_polygon.o
       640          4         12          0          0       9597   u8g2_setup.o
        72          4          0          0          0       8205   u8x8_8x8.o
        88          0          0          0          0       7871   u8x8_byte.o
       462         24          0          0          0       9844   u8x8_cad.o
       488         44        101          0          0       5701   u8x8_d_ssd1306_128x64_noname.o
       284          0          0          0          0       4431   u8x8_display.o
        38          0          0          0          0       2193   u8x8_gpio.o
       144          4          0          0          0       2902   u8x8_setup.o
       570         52         16          0         16       6277   uart_driver.o

    ----------------------------------------------------------------------
     41272       1850       8160        544      16120     316166   Object Totals
         0          0         32          0          0          0   (incl. Generated)
        60          8          8         10         29          0   (incl. Padding)

    ----------------------------------------------------------------------

      Code (inc. data)   RO Data    RW Data    ZI Data      Debug   Library Member Name

        58          0          0          0          0          0   __dczerorl.o
         8          0          0          0          0         68   __main.o
       392          6         17          0          0         76   __printf_flags_ss_wp.o
        14          0          0          0          0         60   __printf_wp.o
         0          0          0          0          0          0   __rtentry.o
        12          0          0          0          0          0   __rtentry2.o
         6          0          0          0          0          0   __rtentry4.o
        86         10          0          0          0          0   __scatter.o
        28          0          0          0          0          0   __scatter_zi.o
        66          0          0          0          0         76   _c16rtomb.o
        10          0          0          0          0          0   _printf_a.o
        10          0          0          0          0          0   _printf_c.o
        46          0          0          0          0        100   _printf_char.o
        48          6          0          0          0         88   _printf_char_common.o
        38          0          0          0          0         60   _printf_charcount.o
        10          0          0          0          0          0   _printf_d.o
       108         18          0          0          0         76   _printf_dec.o
        10          0          0          0          0          0   _printf_e.o
        10          0          0          0          0          0   _printf_f.o
      1044         12          0          0          0        116   _printf_fp_dec.o
       728         10         38          0          0         84   _printf_fp_hex.o
       136         16          0          0          0         76   _printf_fp_infnan.o
        10          0          0          0          0          0   _printf_g.o
       152          4         40          0          0        148   _printf_hex_int_ll_ptr.o
        10          0          0          0          0          0   _printf_i.o
       176          0          0          0          0         84   _printf_intcommon.o
        10          0          0          0          0          0   _printf_l.o
        10          0          0          0          0          0   _printf_lc.o
        10          0          0          0          0          0   _printf_ll.o
        10          0          0          0          0          0   _printf_lld.o
        10          0          0          0          0          0   _printf_lli.o
        10          0          0          0          0          0   _printf_llo.o
        10          0          0          0          0          0   _printf_llu.o
        10          0          0          0          0          0   _printf_llx.o
       112         18          0          0          0         76   _printf_longlong_dec.o
        10          0          0          0          0          0   _printf_ls.o
        10          0          0          0          0          0   _printf_n.o
        10          0          0          0          0          0   _printf_o.o
       112         10          0          0          0        112   _printf_oct_int_ll.o
        10          0          0          0          0          0   _printf_p.o
        78          0          0          0          0        100   _printf_pad.o
         2          0          0          0          0          0   _printf_percent.o
         4          0          0          0          0          0   _printf_percent_end.o
        10          0          0          0          0          0   _printf_s.o
        82          0          0          0          0         72   _printf_str.o
        36          0          0          0          0         76   _printf_truncate.o
        10          0          0          0          0          0   _printf_u.o
        46          0          0          0          0        100   _printf_wchar.o
       188          6          8          0          0         80   _printf_wctomb.o
        10          0          0          0          0          0   _printf_x.o
        22          0          0          0          0         92   _rserrno.o
        16          0          0          0          0         60   _snputc.o
        18          0          0          0          0         68   aeabi_memset4.o
      1006          4          0          0          0        184   aeabi_sdivfast.o
       216          6        148          0          0         80   bigflt0.o
      1456         30          0          0          0        336   btod.o
        16          0          0          0          0         68   exit.o
         6          0          0          0          0        136   heapauxi.o
         0          0          0          0          0          0   indicate_semi.o
        44         10        272          0          0         76   lc_ctype_c.o
        44         10         28          0          0         76   lc_numeric_c.o
         2          0          0          0          0          0   libinit.o
        30          0          0          0          0          0   libinit2.o
         2          0          0          0          0          0   libshutdown.o
         2          0          0          0          0          0   libshutdown2.o
         8          4          0          0         96         68   libspace.o
        48          0          0          0          0         72   llmul.o
       122          0          0          0          0         72   lludiv10.o
        16          4          0          0          0         76   rt_ctype_table.o
         8          4          0          0          0         68   rt_errno_addr_intlibspace.o
         8          4          0          0          0         68   rt_locale_intlibspace.o
        64          0          0          0          0        108   rt_memclr.o
       186          0          0          0          0        144   rt_memcpy.o
         2          0          0          0          0          0   rtexit.o
        10          0          0          0          0          0   rtexit2.o
        40          0          0          0          0         60   rtudiv10.o
        64          4          0          0          0         84   snprintf.o
       176          4          0          0          0         80   strcmpv6m.o
        68          6          0          0          0         72   strlen.o
        12          4          0          0          0         60   sys_exit.o
        62          0          0          0          0         80   sys_stackheap_outer.o
         2          0          0          0          0         68   use_no_semi.o
        60          4          0          0          0         72   vsnprintf.o
        10          0          0          0          0        803   dl_common.o
        68          4          0          0          0       4510   dl_dma.o
        82          0          0          0          0       8620   dl_i2c.o
        86          8          0          0          0      13518   dl_spi.o
       236         24          0          0          0      12877   dl_sysctl_mspm0g1x0x_g3x0x.o
       592        184          0          0          0      41557   dl_timer.o
        90          8          0          0          0      14163   dl_uart.o
       552         48          0          0       8221       5096   heap_4.o
       140          0          0          0          0       2327   list.o
       800         56          0          4          3       4251   port.o
      1678          0          0          0          0      21928   queue.o
        48         16          0          0       1224       2216   staticallocs_freertos.o
      3588        290          4          0        360      41621   tasks.o
       832         70          0          0        380      14187   timers.o
        46          0          0          0          0         60   cmpret.o
       124          4          0          0          0         72   d2f.o
       856         20          0          0          0        208   daddsub.o
      1096         26        128          0          0        112   ddiv.o
       584         26          0          0          0         84   dmul.o
        96         12          0          0          0         72   dscalbn.o
        84          4          0          0          0         60   f2d.o
       372          8          0          0          0        240   faddsub.o
       114          0          0          0          0        340   fcmp.o
       100          4          0          0          0         68   fcmpin.o
       352         10         64          0          0         92   fdiv.o
        84          4          0          0          0         76   feqf.o
        76          0          0          0          0         68   ffixi.o
       138          0          0          0          0         72   ffixir.o
        94          0          0          0          0         92   fflti.o
        84          4          0          0          0         76   fgef.o
        84          4          0          0          0         76   flef.o
       176          4          0          0          0         80   fmul.o
        16          6          0          0          0         68   fnan2.o
       128          6          0          0          0         68   frnd.o
        68          4          0          0          0         68   fscalbn.o
       144          4          0          0          0         72   fsqrt.o
        16          4          0          0          0         76   printf1.o
        16          4          0          0          0         76   printf2.o
        94          0          0          0          0         68   retnan.o
         0          0          0          0          0          0   usenofp.o
       280         38          0          0          0         76   asinf.o
       540         68        152          0          0        112   atan.o
       668         76          0          0          0        120   atan2f.o
       376         58          0          0          0        104   cosf.o
        30          6          0          0          0        136   dunder.o
        44          4          0          0          0         60   fpclassify.o
        34          0          0          0          0         60   fpclassifyf.o
        72          0          0          0          0        408   funder.o
       172          0          0          0          0         76   poly.o
      1568         92        320          0          0        172   powf.o
       384         18         32          0          0         88   rredf.o
       388         58          0          0          0        104   sinf.o
        44          0          0          0          0         72   sqrtf.o
       368         56          0          0          0        100   tanf.o

    ----------------------------------------------------------------------
     26720       1566       1260          4      10300     195962   Library Totals
        46         12          9          0         16          0   (incl. Padding)

    ----------------------------------------------------------------------

      Code (inc. data)   RO Data    RW Data    ZI Data      Debug   Library Name

      7862        214        551          0         96       4156   c_p.l
      1164        228          0          0          0      96048   driverlib.a
      7638        480          4          4      10188      91626   freertos_builds_LP_MSPM0G3507_release_keil.lib
      5042        158        192          0          0       2444   fz_ps.l
      4968        474        504          0          0       1688   m_ps.l

    ----------------------------------------------------------------------
     26720       1566       1260          4      10300     195962   Library Totals

    ----------------------------------------------------------------------

==============================================================================


      Code (inc. data)   RO Data    RW Data    ZI Data      Debug   

     67992       3416       9420        548      26420     506592   Grand Totals
     67992       3416       9420        192      26420     506592   ELF Image Totals (compressed)
     67992       3416       9420        192          0          0   ROM Totals

==============================================================================

    Total RO  Size (Code + RO Data)                77412 (  75.60kB)
    Total RW  Size (RW Data + ZI Data)             26968 (  26.34kB)
    Total ROM Size (Code + RO Data + RW Data)      77604 (  75.79kB)

==============================================================================

