Component: Arm Compiler for Embedded 6.23 Tool: armlink [5f102400]

==============================================================================

Section Cross References

    main.o(.text.system_init) refers to ti_msp_dl_config.o(.text.SYSCFG_DL_init) for SYSCFG_DL_init
    main.o(.text.system_init) refers to main.o(.text.__NVIC_EnableIRQ) for __NVIC_EnableIRQ
    main.o(.text.system_init) refers to uart_driver.o(.text.uart_init) for uart_init
    main.o(.ARM.exidx.text.system_init) refers to main.o(.text.system_init) for [Anonymous Symbol]
    main.o(.ARM.exidx.text.__NVIC_EnableIRQ) refers to main.o(.text.__NVIC_EnableIRQ) for [Anonymous Symbol]
    main.o(.text.user_init) refers to menu_app.o(.text.menu_init_and_create) for menu_init_and_create
    main.o(.text.user_init) refers to driver_at24cxx.o(.text.AT24CXX_Init) for AT24CXX_Init
    main.o(.text.user_init) refers to imu_app.o(.text.imu_init_blocking) for imu_init_blocking
    main.o(.text.user_init) refers to imu_temp_control.o(.text.imu_temperature_ctrl_init) for imu_temperature_ctrl_init
    main.o(.text.user_init) refers to car_controller.o(.text.car_init) for car_init
    main.o(.text.user_init) refers to car_state_machine.o(.text.car_path_init) for car_path_init
    main.o(.text.user_init) refers to periodic_event_task.o(.text.create_periodic_event_task) for create_periodic_event_task
    main.o(.ARM.exidx.text.user_init) refers to main.o(.text.user_init) for [Anonymous Symbol]
    main.o(.text.test_task_init_and_create) refers to hmc5883l_test.o(.text.hmc5883l_test_task_start) for hmc5883l_test_task_start
    main.o(.ARM.exidx.text.test_task_init_and_create) refers to main.o(.text.test_task_init_and_create) for [Anonymous Symbol]
    main.o(.text.main) refers to main.o(.text.system_init) for system_init
    main.o(.text.main) refers to main.o(.text.test_task_init_and_create) for test_task_init_and_create
    main.o(.text.main) refers to tasks.o(.text.vTaskStartScheduler) for vTaskStartScheduler
    main.o(.text.main) refers to log.o(.text.LOG_E) for LOG_E
    main.o(.text.main) refers to alert.o(.text.play_alert_blocking) for play_alert_blocking
    main.o(.text.main) refers to main.o(.rodata.str1.1) for [Anonymous Symbol]
    main.o(.ARM.exidx.text.main) refers to main.o(.text.main) for [Anonymous Symbol]
    main.o(.text.vApplicationStackOverflowHook) refers to log.o(.text.LOG_E) for LOG_E
    main.o(.text.vApplicationStackOverflowHook) refers to alert.o(.text.play_alert_blocking) for play_alert_blocking
    main.o(.text.vApplicationStackOverflowHook) refers to main.o(.rodata.str1.1) for [Anonymous Symbol]
    main.o(.ARM.exidx.text.vApplicationStackOverflowHook) refers to main.o(.text.vApplicationStackOverflowHook) for [Anonymous Symbol]
    main.o(.text.HardFault_Handler) refers to log.o(.text.LOG_E) for LOG_E
    main.o(.text.HardFault_Handler) refers to alert.o(.text.play_alert_blocking) for play_alert_blocking
    main.o(.text.HardFault_Handler) refers to main.o(.rodata.str1.1) for [Anonymous Symbol]
    main.o(.ARM.exidx.text.HardFault_Handler) refers to main.o(.text.HardFault_Handler) for [Anonymous Symbol]
    main.o(.text.vApplicationMallocFailedHook) refers to log.o(.text.LOG_E) for LOG_E
    main.o(.text.vApplicationMallocFailedHook) refers to alert.o(.text.play_alert_blocking) for play_alert_blocking
    main.o(.text.vApplicationMallocFailedHook) refers to main.o(.rodata.str1.1) for [Anonymous Symbol]
    main.o(.ARM.exidx.text.vApplicationMallocFailedHook) refers to main.o(.text.vApplicationMallocFailedHook) for [Anonymous Symbol]
    periodic_event_task.o(.ARM.exidx.text.debug_task) refers to periodic_event_task.o(.text.debug_task) for [Anonymous Symbol]
    periodic_event_task.o(.text.PeriodicEventTask) refers to tasks.o(.text.xTaskGetTickCount) for xTaskGetTickCount
    periodic_event_task.o(.text.PeriodicEventTask) refers to aeabi_sdivfast.o(.text_divfast) for __aeabi_uidiv
    periodic_event_task.o(.text.PeriodicEventTask) refers to tasks.o(.text.xTaskDelayUntil) for xTaskDelayUntil
    periodic_event_task.o(.text.PeriodicEventTask) refers to periodic_event_task.o(.bss.PeriodicEventTask.last_execution_tick) for [Anonymous Symbol]
    periodic_event_task.o(.text.PeriodicEventTask) refers to periodic_event_task.o(.data.period_tasks) for period_tasks
    periodic_event_task.o(.ARM.exidx.text.PeriodicEventTask) refers to periodic_event_task.o(.text.PeriodicEventTask) for [Anonymous Symbol]
    periodic_event_task.o(.text.enable_periodic_task) refers to tasks.o(.text.xTaskGetTickCount) for xTaskGetTickCount
    periodic_event_task.o(.text.enable_periodic_task) refers to periodic_event_task.o(.data.period_tasks) for period_tasks
    periodic_event_task.o(.ARM.exidx.text.enable_periodic_task) refers to periodic_event_task.o(.text.enable_periodic_task) for [Anonymous Symbol]
    periodic_event_task.o(.text.disable_periodic_task) refers to periodic_event_task.o(.data.period_tasks) for period_tasks
[...]
    _printf_longlong_oct                     0x00001025   Thumb Code    68  _printf_oct_int_ll.o(.text)
    _printf_int_oct                          0x00001069   Thumb Code    24  _printf_oct_int_ll.o(.text)
    _printf_ll_oct                           0x00001081   Thumb Code    10  _printf_oct_int_ll.o(.text)
    _printf_longlong_hex                     0x00001095   Thumb Code    88  _printf_hex_int_ll_ptr.o(.text)
    _printf_int_hex                          0x000010ed   Thumb Code    28  _printf_hex_int_ll_ptr.o(.text)
    _printf_ll_hex                           0x00001109   Thumb Code    10  _printf_hex_int_ll_ptr.o(.text)
    _printf_hex_ptr                          0x00001113   Thumb Code    22  _printf_hex_int_ll_ptr.o(.text)
    __printf                                 0x0000112d   Thumb Code   386  __printf_flags_ss_wp.o(.text)
    __ARM_scalbnf                            0x000012b5   Thumb Code    64  fscalbn.o(.text)
    __aeabi_errno_addr                       0x000012f9   Thumb Code     8  rt_errno_addr_intlibspace.o(.text)
    __errno$intlibspace                      0x000012f9   Thumb Code     0  rt_errno_addr_intlibspace.o(.text)
    __rt_errno_addr$intlibspace              0x000012f9   Thumb Code     0  rt_errno_addr_intlibspace.o(.text)
    _ll_udiv10                               0x00001301   Thumb Code   122  lludiv10.o(.text)
    _printf_int_common                       0x0000137b   Thumb Code   176  _printf_intcommon.o(.text)
    _printf_fp_dec_real                      0x000015c9   Thumb Code   620  _printf_fp_dec.o(.text)
    _printf_fp_hex_real                      0x00001841   Thumb Code   718  _printf_fp_hex.o(.text)
    _printf_cs_common                        0x00001b19   Thumb Code    22  _printf_char.o(.text)
    _printf_char                             0x00001b2f   Thumb Code    16  _printf_char.o(.text)
    _printf_string                           0x00001b3f   Thumb Code     8  _printf_char.o(.text)
    _printf_lcs_common                       0x00001b47   Thumb Code    22  _printf_wchar.o(.text)
    _printf_wchar                            0x00001b5d   Thumb Code    16  _printf_wchar.o(.text)
    _printf_wstring                          0x00001b6d   Thumb Code     8  _printf_wchar.o(.text)
    _c16rtomb                                0x00001b75   Thumb Code    66  _c16rtomb.o(.text)
    _wcrtomb                                 0x00001b75   Thumb Code     0  _c16rtomb.o(.text)
    __rt_udiv10                              0x00001bb7   Thumb Code    40  rtudiv10.o(.text)
    __fpl_fcmp_InfNaN                        0x00001be1   Thumb Code    96  fcmpin.o(.text)
    __user_libspace                          0x00001c45   Thumb Code     8  libspace.o(.text)
    __user_perproc_libspace                  0x00001c45   Thumb Code     0  libspace.o(.text)
    __user_perthread_libspace                0x00001c45   Thumb Code     0  libspace.o(.text)
    __user_setup_stackheap                   0x00001c4d   Thumb Code    62  sys_stackheap_outer.o(.text)
    __rt_ctype_table                         0x00001c8d   Thumb Code    16  rt_ctype_table.o(.text)
    __rt_locale                              0x00001c9d   Thumb Code     8  rt_locale_intlibspace.o(.text)
    _printf_fp_infnan                        0x00001ca5   Thumb Code   120  _printf_fp_infnan.o(.text)
    _btod_etento                             0x00001d2d   Thumb Code   210  bigflt0.o(.text)
    _btod_d2e                                0x00001e05   Thumb Code    64  btod.o(.text)
    _btod_emul                               0x00002239   Thumb Code    28  btod.o(.text)
    _btod_emuld                              0x00002255   Thumb Code   144  btod.o(.text)
    _btod_ediv                               0x000022e5   Thumb Code    26  btod.o(.text)
    _btod_edivd                              0x000022ff   Thumb Code   124  btod.o(.text)
    exit                                     0x00002385   Thumb Code    16  exit.o(.text)
    __fpl_cmpreturn                          0x00002395   Thumb Code    46  cmpret.o(.text)
    __fpl_fcheck_NaN2                        0x000023c5   Thumb Code    10  fnan2.o(.text)
    strcmp                                   0x000023d5   Thumb Code   176  strcmpv6m.o(.text)
    __fpl_return_NaN                         0x00002485   Thumb Code    94  retnan.o(.text)
    _sys_exit                                0x000024e5   Thumb Code     8  sys_exit.o(.text)
    __I$use$semihosting                      0x000024f1   Thumb Code     0  use_no_semi.o(.text)
    __use_no_semihosting_swi                 0x000024f1   Thumb Code     2  use_no_semi.o(.text)
    DL_Common_delayCycles                    0x000024f3   Thumb Code    10  dl_common.o(.text.DL_Common_delayCycles)
    __semihosting_library_function           0x000024f3   Thumb Code     0  indicate_semi.o(.text)
    DL_DMA_initChannel                       0x0000254d   Thumb Code    68  dl_dma.o(.text.DL_DMA_initChannel)
    DL_I2C_setClockConfig                    0x00002963   Thumb Code    38  dl_i2c.o(.text.DL_I2C_setClockConfig)
    DL_SPI_init                              0x00002a3d   Thumb Code    68  dl_spi.o(.text.DL_SPI_init)
    DL_SPI_setClockConfig                    0x00002ab9   Thumb Code    18  dl_spi.o(.text.DL_SPI_setClockConfig)
    DL_SYSCTL_configSYSPLL                   0x00002afd   Thumb Code   196  dl_sysctl_mspm0g1x0x_g3x0x.o(.text.DL_SYSCTL_configSYSPLL)
    DL_SYSCTL_switchMCLKfromSYSOSCtoHSCLK    0x00002c29   Thumb Code    40  dl_sysctl_mspm0g1x0x_g3x0x.o(.text.DL_SYSCTL_switchMCLKfromSYSOSCtoHSCLK)
    DL_Timer_initFourCCPWMMode               0x00002c95   Thumb Code   264  dl_timer.o(.text.DL_Timer_initFourCCPWMMode)
    DL_Timer_initTimerMode                   0x00002d9d   Thumb Code   240  dl_timer.o(.text.DL_Timer_initTimerMode)
    DL_Timer_setCaptCompUpdateMethod         0x00002eb1   Thumb Code    28  dl_timer.o(.text.DL_Timer_setCaptCompUpdateMethod)
    DL_Timer_setCaptureCompareOutCtl         0x00002ecd   Thumb Code    24  dl_timer.o(.text.DL_Timer_setCaptureCompareOutCtl)
    DL_Timer_setCaptureCompareValue          0x00002ee5   Thumb Code    16  dl_timer.o(.text.DL_Timer_setCaptureCompareValue)
    DL_Timer_setClockConfig                  0x00002ef5   Thumb Code    24  dl_timer.o(.text.DL_Timer_setClockConfig)
    DL_UART_init                             0x00002fb5   Thumb Code    72  dl_uart.o(.text.DL_UART_init)
    DL_UART_setClockConfig                   0x00003075   Thumb Code    18  dl_uart.o(.text.DL_UART_setClockConfig)
    GROUP1_IRQHandler                        0x000030f1   Thumb Code   304  encoder_app.o(.text.GROUP1_IRQHandler)
    HardFault_Handler                        0x00003229   Thumb Code    52  main.o(.text.HardFault_Handler)
    LOG_E                                    0x00003261   Thumb Code    40  log.o(.text.LOG_E)
    LOG_I                                    0x00003289   Thumb Code    40  log.o(.text.LOG_I)
    PendSV_Handler                           0x000032b1   Thumb Code    68  port.o(.text.PendSV_Handler)
    SOFT_IIC_Ack                             0x000032f5   Thumb Code    82  sw_i2c.o(.text.SOFT_IIC_Ack)
    SOFT_IIC_DLY                             0x00003347   Thumb Code    14  sw_i2c.o(.text.SOFT_IIC_DLY)
    SOFT_IIC_Init                            0x00003355   Thumb Code    74  sw_i2c.o(.text.SOFT_IIC_Init)
    SOFT_IIC_NAck                            0x0000339f   Thumb Code    72  sw_i2c.o(.text.SOFT_IIC_NAck)
    SOFT_IIC_Read_Byte                       0x000033e7   Thumb Code   180  sw_i2c.o(.text.SOFT_IIC_Read_Byte)
    SOFT_IIC_Read_Len                        0x0000349b   Thumb Code   300  sw_i2c.o(.text.SOFT_IIC_Read_Len)
    SOFT_IIC_Send_Byte                       0x000035c7   Thumb Code   140  sw_i2c.o(.text.SOFT_IIC_Send_Byte)
    SOFT_IIC_Start                           0x00003653   Thumb Code    76  sw_i2c.o(.text.SOFT_IIC_Start)
    SOFT_IIC_Stop                            0x0000369f   Thumb Code    72  sw_i2c.o(.text.SOFT_IIC_Stop)
    SOFT_IIC_Wait_Ack                        0x000036e7   Thumb Code   154  sw_i2c.o(.text.SOFT_IIC_Wait_Ack)
    SOFT_IIC_Write_Len                       0x00003781   Thumb Code   262  sw_i2c.o(.text.SOFT_IIC_Write_Len)
    SOFT_SDA_IN                              0x00003887   Thumb Code    36  sw_i2c.o(.text.SOFT_SDA_IN)
    SOFT_SDA_OUT                             0x000038ab   Thumb Code    28  sw_i2c.o(.text.SOFT_SDA_OUT)
    SVC_Handler                              0x000038c7   Thumb Code     2  port.o(.text.SVC_Handler)
    SYSCFG_DL_DMA_CH0_init                   0x000038c9   Thumb Code    16  ti_msp_dl_config.o(.text.SYSCFG_DL_DMA_CH0_init)
    SYSCFG_DL_DMA_init                       0x000038e1   Thumb Code     8  ti_msp_dl_config.o(.text.SYSCFG_DL_DMA_init)
    SYSCFG_DL_GPIO_init                      0x000038e9   Thumb Code   432  ti_msp_dl_config.o(.text.SYSCFG_DL_GPIO_init)
    SYSCFG_DL_I2C_0_init                     0x00003aa9   Thumb Code    80  ti_msp_dl_config.o(.text.SYSCFG_DL_I2C_0_init)
    SYSCFG_DL_Motor_PWM1_init                0x00003afd   Thumb Code   116  ti_msp_dl_config.o(.text.SYSCFG_DL_Motor_PWM1_init)
    SYSCFG_DL_Motor_PWM2_init                0x00003b79   Thumb Code   116  ti_msp_dl_config.o(.text.SYSCFG_DL_Motor_PWM2_init)
    SYSCFG_DL_SPI_0_init                     0x00003bf5   Thumb Code    52  ti_msp_dl_config.o(.text.SYSCFG_DL_SPI_0_init)
    SYSCFG_DL_SYSCTL_init                    0x00003c31   Thumb Code    48  ti_msp_dl_config.o(.text.SYSCFG_DL_SYSCTL_init)
    SYSCFG_DL_TIMER_delay_init               0x00003c65   Thumb Code    40  ti_msp_dl_config.o(.text.SYSCFG_DL_TIMER_delay_init)
    SYSCFG_DL_UART_DEBUG_init                0x00003c95   Thumb Code    88  ti_msp_dl_config.o(.text.SYSCFG_DL_UART_DEBUG_init)
    SYSCFG_DL_init                           0x00003cf5   Thumb Code    64  ti_msp_dl_config.o(.text.SYSCFG_DL_init)
    SYSCFG_DL_initPower                      0x00003d41   Thumb Code   128  ti_msp_dl_config.o(.text.SYSCFG_DL_initPower)
    SysTick_Handler                          0x00003dd9   Thumb Code    32  port.o(.text.SysTick_Handler)
    UART0_IRQHandler                         0x00003df9   Thumb Code   124  mspm0g3507_it.o(.text.UART0_IRQHandler)
    beep_off                                 0x00003eb1   Thumb Code    16  beep.o(.text.beep_off)
    beep_on                                  0x00003ec1   Thumb Code    16  beep.o(.text.beep_on)
    delay_ms                                 0x00003f09   Thumb Code    82  delay.o(.text.delay_ms)
    delay_us                                 0x00003f5b   Thumb Code    32  delay.o(.text.delay_us)
    eTaskConfirmSleepModeStatus              0x00003f7d   Thumb Code    52  tasks.o(.text.eTaskConfirmSleepModeStatus)
    encoder_update                           0x00003fc5   Thumb Code   250  encoder.o(.text.encoder_update)
    hmc5883l_get_calibrated_xyz              0x000040c1   Thumb Code   156  hmc5883l.o(.text.hmc5883l_get_calibrated_xyz)
    hmc5883l_get_heading                     0x00004175   Thumb Code    84  hmc5883l.o(.text.hmc5883l_get_heading)
    hmc5883l_init                            0x000041d9   Thumb Code    16  hmc5883l.o(.text.hmc5883l_init)
    hmc5883l_read_xyz                        0x00004211   Thumb Code    64  hmc5883l.o(.text.hmc5883l_read_xyz)
    hmc5883l_soft_reset                      0x00004251   Thumb Code    34  hmc5883l.o(.text.hmc5883l_soft_reset)
    hmc5883l_test_task_start                 0x000042ed   Thumb Code    28  hmc5883l_test.o(.text.hmc5883l_test_task_start)
    led_set_color                            0x00004335   Thumb Code    32  rgb_led.o(.text.led_set_color)
    led_set_rgb                              0x00004355   Thumb Code   124  rgb_led.o(.text.led_set_rgb)
    main                                     0x0000445d   Thumb Code    72  main.o(.text.main)
    play_alert_blocking                      0x000044a9   Thumb Code   126  alert.o(.text.play_alert_blocking)
    process_received_packet                  0x00004529   Thumb Code   440  embedfire_protocol_receive.o(.text.process_received_packet)
    protocol_calculate_checksum              0x000046e5   Thumb Code    58  embedfire_protocol_send.o(.text.protocol_calculate_checksum)
    protocol_receive_byte                    0x00004721   Thumb Code   496  embedfire_protocol_receive.o(.text.protocol_receive_byte)
    pvPortMalloc                             0x00004f59   Thumb Code   356  heap_4.o(.text.pvPortMalloc)
    pxPortInitialiseStack                    0x000050d9   Thumb Code    32  port.o(.text.pxPortInitialiseStack)
    system_init                              0x000050fd   Thumb Code    18  main.o(.text.system_init)
    test_task_init_and_create                0x0000510f   Thumb Code     8  main.o(.text.test_task_init_and_create)
    uart_init                                0x00005119   Thumb Code    88  uart_driver.o(.text.uart_init)
    uart_rx_task                             0x00005185   Thumb Code    40  uart_driver.o(.text.uart_rx_task)
    uart_tx_task                             0x000051b1   Thumb Code    84  uart_driver.o(.text.uart_tx_task)
    ulSetInterruptMaskFromISR                0x00005209   Thumb Code     8  port.o(.text.ulSetInterruptMaskFromISR)
    ulTaskGenericNotifyTake                  0x00005211   Thumb Code   168  tasks.o(.text.ulTaskGenericNotifyTake)
    usart_printf                             0x000052d1   Thumb Code    88  uart_driver.o(.text.usart_printf)
    usart_send_bytes                         0x00005331   Thumb Code    64  uart_driver.o(.text.usart_send_bytes)
    uxListRemove                             0x00005375   Thumb Code    32  list.o(.text.uxListRemove)
    vApplicationGetIdleTaskMemory            0x00005395   Thumb Code    16  staticallocs_freertos.o(.text.vApplicationGetIdleTaskMemory)
    vApplicationGetTimerTaskMemory           0x000053ad   Thumb Code    16  staticallocs_freertos.o(.text.vApplicationGetTimerTaskMemory)
    vApplicationMallocFailedHook             0x000053c5   Thumb Code    52  main.o(.text.vApplicationMallocFailedHook)
    vApplicationStackOverflowHook            0x000053fd   Thumb Code    60  main.o(.text.vApplicationStackOverflowHook)
    vClearInterruptMaskFromISR               0x0000543d   Thumb Code     6  port.o(.text.vClearInterruptMaskFromISR)
    vListInitialise                          0x00005443   Thumb Code    20  list.o(.text.vListInitialise)
    vListInitialiseItem                      0x00005457   Thumb Code     6  list.o(.text.vListInitialiseItem)
    vListInsert                              0x0000545d   Thumb Code    60  list.o(.text.vListInsert)
    vListInsertEnd                           0x00005499   Thumb Code    22  list.o(.text.vListInsertEnd)
    vPortEnterCritical                       0x000054b1   Thumb Code    20  port.o(.text.vPortEnterCritical)
    vPortExitCritical                        0x000054c5   Thumb Code    24  port.o(.text.vPortExitCritical)
    vPortFree                                0x000054e1   Thumb Code   148  heap_4.o(.text.vPortFree)
    vPortSetupTimerInterrupt                 0x00005589   Thumb Code    32  port.o(.text.vPortSetupTimerInterrupt)
    vPortSuppressTicksAndSleep               0x000055e5   Thumb Code   324  port.o(.text.vPortSuppressTicksAndSleep)
    vPortYield                               0x0000573d   Thumb Code    20  port.o(.text.vPortYield)
    vQueueWaitForMessageRestricted           0x00005755   Thumb Code    68  queue.o(.text.vQueueWaitForMessageRestricted)
    vTaskDelay                               0x00005799   Thumb Code   104  tasks.o(.text.vTaskDelay)
    vTaskGenericNotifyGiveFromISR            0x00005801   Thumb Code   148  tasks.o(.text.vTaskGenericNotifyGiveFromISR)
    vTaskInternalSetTimeOutState             0x00005899   Thumb Code    16  tasks.o(.text.vTaskInternalSetTimeOutState)
    vTaskMissedYield                         0x000058ad   Thumb Code     8  tasks.o(.text.vTaskMissedYield)
    vTaskPlaceOnEventList                    0x000058b5   Thumb Code    96  tasks.o(.text.vTaskPlaceOnEventList)
    vTaskPlaceOnEventListRestricted          0x00005915   Thumb Code   120  tasks.o(.text.vTaskPlaceOnEventListRestricted)
    vTaskStartScheduler                      0x00005999   Thumb Code   148  tasks.o(.text.vTaskStartScheduler)
    vTaskStepTick                            0x00005a45   Thumb Code    28  tasks.o(.text.vTaskStepTick)
    vTaskSuspendAll                          0x00005a69   Thumb Code    12  tasks.o(.text.vTaskSuspendAll)
    vTaskSwitchContext                       0x00005a79   Thumb Code   204  tasks.o(.text.vTaskSwitchContext)
    xPortStartScheduler                      0x00005b5d   Thumb Code    84  port.o(.text.xPortStartScheduler)
    xQueueGenericCreate                      0x00005bb9   Thumb Code   156  queue.o(.text.xQueueGenericCreate)
    xQueueGenericCreateStatic                0x00005c55   Thumb Code   150  queue.o(.text.xQueueGenericCreateStatic)
    xQueueGenericSend                        0x00005ceb   Thumb Code   532  queue.o(.text.xQueueGenericSend)
    xQueueGenericSendFromISR                 0x00005eff   Thumb Code   268  queue.o(.text.xQueueGenericSendFromISR)
    xQueueReceive                            0x0000600b   Thumb Code   378  queue.o(.text.xQueueReceive)
    xTaskCheckForTimeOut                     0x00006185   Thumb Code    96  tasks.o(.text.xTaskCheckForTimeOut)
    xTaskCreate                              0x000061e5   Thumb Code    88  tasks.o(.text.xTaskCreate)
    xTaskCreateStatic                        0x0000623d   Thumb Code    78  tasks.o(.text.xTaskCreateStatic)
    xTaskGenericNotify                       0x0000628d   Thumb Code   204  tasks.o(.text.xTaskGenericNotify)
    xTaskGetSchedulerState                   0x00006359   Thumb Code    24  tasks.o(.text.xTaskGetSchedulerState)
    xTaskGetTickCount                        0x00006375   Thumb Code     8  tasks.o(.text.xTaskGetTickCount)
    xTaskIncrementTick                       0x0000637d   Thumb Code   248  tasks.o(.text.xTaskIncrementTick)
    xTaskPriorityDisinherit                  0x00006481   Thumb Code    96  tasks.o(.text.xTaskPriorityDisinherit)
    xTaskRemoveFromEventList                 0x000064e1   Thumb Code   128  tasks.o(.text.xTaskRemoveFromEventList)
    xTaskResumeAll                           0x00006561   Thumb Code   216  tasks.o(.text.xTaskResumeAll)
    xTimerCreateTimerTask                    0x00006661   Thumb Code   128  timers.o(.text.xTimerCreateTimerTask)
    __aeabi_uidiv                            0x0000670d   Thumb Code    68  aeabi_sdivfast.o(.text_divfast)
    __aeabi_idiv                             0x00006751   Thumb Code   434  aeabi_sdivfast.o(.text_divfast)
    __ARM_common_ll_muluu                    0x00006903   Thumb Code    48  btod.o(i.__ARM_common_ll_muluu)
    __ARM_fpclassify                         0x00006935   Thumb Code    40  fpclassify.o(i.__ARM_fpclassify)
    __ARM_fpclassifyf                        0x00006961   Thumb Code    34  fpclassifyf.o(i.__ARM_fpclassifyf)
    __mathlib_flt_infnan2                    0x00006983   Thumb Code     8  funder.o(i.__mathlib_flt_infnan2)
    __mathlib_flt_underflow                  0x0000698b   Thumb Code    14  funder.o(i.__mathlib_flt_underflow)
    __aeabi_fcmpge                           0x00006999   Thumb Code     0  fcmp.o(i._fgeq)
    _fgeq                                    0x00006999   Thumb Code    22  fcmp.o(i._fgeq)
    _is_digit                                0x000069af   Thumb Code    14  __printf_wp.o(i._is_digit)
    atan2f                                   0x000069bd   Thumb Code   592  atan2f.o(i.atan2f)
    _get_lc_numeric                          0x00006c59   Thumb Code    44  lc_numeric_c.o(locale$$code)
    _get_lc_ctype                            0x00006c85   Thumb Code    44  lc_ctype_c.o(locale$$code)
    __aeabi_fadd                             0x00006cb1   Thumb Code     0  faddsub.o(x$fpl$fadd)
    _fadd                                    0x00006cb1   Thumb Code   134  faddsub.o(x$fpl$fadd)
    _fcmpge                                  0x00006d3d   Thumb Code    78  fgef.o(x$fpl$fgeqf)
    __aeabi_fmul                             0x00006d91   Thumb Code     0  fmul.o(x$fpl$fmul)
    _fmul                                    0x00006d91   Thumb Code   172  fmul.o(x$fpl$fmul)
    __aeabi_frsub                            0x00006e41   Thumb Code     0  faddsub.o(x$fpl$frsb)
    _frsb                                    0x00006e41   Thumb Code    24  faddsub.o(x$fpl$frsb)
    __aeabi_fsub                             0x00006e59   Thumb Code     0  faddsub.o(x$fpl$fsub)
    _fsub                                    0x00006e59   Thumb Code   204  faddsub.o(x$fpl$fsub)
    _printf_fp_dec                           0x00006f29   Thumb Code    16  printf1.o(x$fpl$printf1)
    _printf_fp_hex                           0x00006f39   Thumb Code    16  printf2.o(x$fpl$printf2)
    __I$use$fp                               0x00006f48   Number         0  usenofp.o(x$fpl$usenofp)
    uxTopUsedPriority                        0x000072b8   Data           4  tasks.o(.rodata.uxTopUsedPriority)
    Region$$Table$$Base                      0x000072c0   Number         0  anon$$obj.o(Region$$Table)
    Region$$Table$$Limit                     0x000072e0   Number         0  anon$$obj.o(Region$$Table)
    __ctype                                  0x00007309   Data           0  lc_ctype_c.o(locale$$data)
    __libspace_start                         0x20200028   Data          96  libspace.o(.bss)
    __temporary_stack_top$libspace           0x20200088   Data           0  libspace.o(.bss)
    gMotor_PWM1Backup                        0x2020008c   Data         188  ti_msp_dl_config.o(.bss.gMotor_PWM1Backup)
    gSPI_0Backup                             0x20200148   Data          40  ti_msp_dl_config.o(.bss.gSPI_0Backup)
    gTIMER_delayBackup                       0x20200170   Data         188  ti_msp_dl_config.o(.bss.gTIMER_delayBackup)
    pxCurrentTCB                             0x202003a0   Data           4  tasks.o(.bss.pxCurrentTCB)
    uart_rx_queue                            0x202004b8   Data           4  uart_driver.o(.bss.uart_rx_queue)
    uart_rx_task_handle                      0x202004bc   Data           4  uart_driver.o(.bss.uart_rx_task_handle)
    uart_tx_queue                            0x202004c0   Data           4  uart_driver.o(.bss.uart_tx_queue)
    uart_tx_task_handle                      0x202004c4   Data           4  uart_driver.o(.bss.uart_tx_task_handle)



==============================================================================

Memory Map of the image

  Image Entry point : 0x000000c1

  Load Region LR_IROM1 (Base: 0x00000000, Size: 0x00007438, Max: 0x00020000, ABSOLUTE)

    Execution Region ER_IROM1 (Exec base: 0x00000000, Load base: 0x00000000, Size: 0x0000740c, Max: 0x00020000, ABSOLUTE)

    Exec Addr    Load Addr    Size         Type   Attr      Idx    E Section Name        Object

    0x00000000   0x00000000   0x000000c0   Data   RO          263    RESET               startup_mspm0g350x_uvision.o
    0x000000c0   0x000000c0   0x00000008   Code   RO         2743  * !!!main             c_p.l(__main.o)
    0x000000c8   0x000000c8   0x00000054   Code   RO         3262    !!!scatter          c_p.l(__scatter.o)
    0x0000011c   0x0000011c   0x00000004   PAD
    0x00000120   0x00000120   0x0000001a   Code   RO         3266    !!handler_copy      c_p.l(__scatter_copy.o)
    0x0000013a   0x0000013a   0x00000006   PAD
    0x00000140   0x00000140   0x00000002   Code   RO         3263    !!handler_null      c_p.l(__scatter.o)
    0x00000142   0x00000142   0x00000006   PAD
    0x00000148   0x00000148   0x0000001c   Code   RO         3268    !!handler_zi        c_p.l(__scatter_zi.o)
    0x00000164   0x00000164   0x00000002   Code   RO         2941    .ARM.Collect$$_printf_percent$$00000000  c_p.l(_printf_percent.o)
    0x00000166   0x00000166   0x0000000a   Code   RO         2930    .ARM.Collect$$_printf_percent$$00000001  c_p.l(_printf_n.o)
    0x00000170   0x00000170   0x0000000a   Code   RO         2932    .ARM.Collect$$_printf_percent$$00000002  c_p.l(_printf_p.o)
    0x0000017a   0x0000017a   0x0000000a   Code   RO         2937    .ARM.Collect$$_printf_percent$$00000003  c_p.l(_printf_f.o)
    0x00000184   0x00000184   0x0000000a   Code   RO         2938    .ARM.Collect$$_printf_percent$$00000004  c_p.l(_printf_e.o)
    0x0000018e   0x0000018e   0x0000000a   Code   RO         2939    .ARM.Collect$$_printf_percent$$00000005  c_p.l(_printf_g.o)
    0x00000198   0x00000198   0x0000000a   Code   RO         2940    .ARM.Collect$$_printf_percent$$00000006  c_p.l(_printf_a.o)
    0x000001a2   0x000001a2   0x0000000a   Code   RO         2945    .ARM.Collect$$_printf_percent$$00000007  c_p.l(_printf_ll.o)
    0x000001ac   0x000001ac   0x0000000a   Code   RO         2934    .ARM.Collect$$_printf_percent$$00000008  c_p.l(_printf_i.o)
    0x000001b6   0x000001b6   0x0000000a   Code   RO         2935    .ARM.Collect$$_printf_percent$$00000009  c_p.l(_printf_d.o)
    0x000001c0   0x000001c0   0x0000000a   Code   RO         2936    .ARM.Collect$$_printf_percent$$0000000A  c_p.l(_printf_u.o)
    0x000001ca   0x000001ca   0x0000000a   Code   RO         2933    .ARM.Collect$$_printf_percent$$0000000B  c_p.l(_printf_o.o)
    0x000001d4   0x000001d4   0x0000000a   Code   RO         2931    .ARM.Collect$$_printf_percent$$0000000C  c_p.l(_printf_x.o)
    0x000001de   0x000001de   0x0000000a   Code   RO         2942    .ARM.Collect$$_printf_percent$$0000000D  c_p.l(_printf_lli.o)
    0x000001e8   0x000001e8   0x0000000a   Code   RO         2943    .ARM.Collect$$_printf_percent$$0000000E  c_p.l(_printf_lld.o)
    0x000001f2   0x000001f2   0x0000000a   Code   RO         2944    .ARM.Collect$$_printf_percent$$0000000F  c_p.l(_printf_llu.o)
    0x000001fc   0x000001fc   0x0000000a   Code   RO         2949    .ARM.Collect$$_printf_percent$$00000010  c_p.l(_printf_llo.o)
    0x00000206   0x00000206   0x0000000a   Code   RO         2950    .ARM.Collect$$_printf_percent$$00000011  c_p.l(_printf_llx.o)
    0x00000210   0x00000210   0x0000000a   Code   RO         2946    .ARM.Collect$$_printf_percent$$00000012  c_p.l(_printf_l.o)
    0x0000021a   0x0000021a   0x0000000a   Code   RO         2928    .ARM.Collect$$_printf_percent$$00000013  c_p.l(_printf_c.o)
    0x00000224   0x00000224   0x0000000a   Code   RO         2929    .ARM.Collect$$_printf_percent$$00000014  c_p.l(_printf_s.o)
    0x0000022e   0x0000022e   0x0000000a   Code   RO         2947    .ARM.Collect$$_printf_percent$$00000015  c_p.l(_printf_lc.o)
    0x00000238   0x00000238   0x0000000a   Code   RO         2948    .ARM.Collect$$_printf_percent$$00000016  c_p.l(_printf_ls.o)
    0x00000242   0x00000242   0x00000004   Code   RO         3062    .ARM.Collect$$_printf_percent$$00000017  c_p.l(_printf_percent_end.o)
    0x00000246   0x00000246   0x00000002   Code   RO         3110    .ARM.Collect$$libinit$$00000000  c_p.l(libinit.o)
    0x00000248   0x00000248   0x00000000   Code   RO         3134    .ARM.Collect$$libinit$$00000002  c_p.l(libinit2.o)
    0x00000248   0x00000248   0x00000000   Code   RO         3136    .ARM.Collect$$libinit$$00000004  c_p.l(libinit2.o)
    0x00000248   0x00000248   0x00000000   Code   RO         3138    .ARM.Collect$$libinit$$00000006  c_p.l(libinit2.o)
    0x00000248   0x00000248   0x00000000   Code   RO         3141    .ARM.Collect$$libinit$$0000000C  c_p.l(libinit2.o)
    0x00000248   0x00000248   0x00000000   Code   RO         3143    .ARM.Collect$$libinit$$0000000E  c_p.l(libinit2.o)
    0x00000248   0x00000248   0x00000000   Code   RO         3145    .ARM.Collect$$libinit$$00000010  c_p.l(libinit2.o)
    0x00000248   0x00000248   0x00000006   Code   RO         3146    .ARM.Collect$$libinit$$00000011  c_p.l(libinit2.o)
    0x0000024e   0x0000024e   0x00000000   Code   RO         3148    .ARM.Collect$$libinit$$00000013  c_p.l(libinit2.o)
    0x0000024e   0x0000024e   0x0000000c   Code   RO         3149    .ARM.Collect$$libinit$$00000014  c_p.l(libinit2.o)
    0x0000025a   0x0000025a   0x00000000   Code   RO         3150    .ARM.Collect$$libinit$$00000015  c_p.l(libinit2.o)
    0x0000025a   0x0000025a   0x00000000   Code   RO         3152    .ARM.Collect$$libinit$$00000017  c_p.l(libinit2.o)
    0x0000025a   0x0000025a   0x0000000a   Code   RO         3153    .ARM.Collect$$libinit$$00000018  c_p.l(libinit2.o)
    0x00000264   0x00000264   0x00000000   Code   RO         3154    .ARM.Collect$$libinit$$00000019  c_p.l(libinit2.o)
    0x00000264   0x00000264   0x00000000   Code   RO         3156    .ARM.Collect$$libinit$$0000001B  c_p.l(libinit2.o)
    0x00000264   0x00000264   0x00000000   Code   RO         3158    .ARM.Collect$$libinit$$0000001D  c_p.l(libinit2.o)
    0x00000264   0x00000264   0x00000000   Code   RO         3160    .ARM.Collect$$libinit$$0000001F  c_p.l(libinit2.o)
    0x00000264   0x00000264   0x00000000   Code   RO         3162    .ARM.Collect$$libinit$$00000021  c_p.l(libinit2.o)
    0x00000264   0x00000264   0x00000000   Code   RO         3164    .ARM.Collect$$libinit$$00000023  c_p.l(libinit2.o)
    0x00000264   0x00000264   0x00000000   Code   RO         3166    .ARM.Collect$$libinit$$00000025  c_p.l(libinit2.o)
    0x00000264   0x00000264   0x00000000   Code   RO         3168    .ARM.Collect$$libinit$$00000027  c_p.l(libinit2.o)
    0x00000264   0x00000264   0x00000000   Code   RO         3172    .ARM.Collect$$libinit$$0000002E  c_p.l(libinit2.o)
    0x00000264   0x00000264   0x00000000   Code   RO         3174    .ARM.Collect$$libinit$$00000030  c_p.l(libinit2.o)
    0x00000264   0x00000264   0x00000000   Code   RO         3176    .ARM.Collect$$libinit$$00000032  c_p.l(libinit2.o)
    0x00000264   0x00000264   0x00000000   Code   RO         3178    .ARM.Collect$$libinit$$00000034  c_p.l(libinit2.o)
    0x00000264   0x00000264   0x00000002   Code   RO         3179    .ARM.Collect$$libinit$$00000035  c_p.l(libinit2.o)
    0x00000266   0x00000266   0x00000002   Code   RO         3218    .ARM.Collect$$libshutdown$$00000000  c_p.l(libshutdown.o)
    0x00000268   0x00000268   0x00000000   Code   RO         3246    .ARM.Collect$$libshutdown$$00000002  c_p.l(libshutdown2.o)
    0x00000268   0x00000268   0x00000000   Code   RO         3248    .ARM.Collect$$libshutdown$$00000004  c_p.l(libshutdown2.o)
    0x00000268   0x00000268   0x00000000   Code   RO         3251    .ARM.Collect$$libshutdown$$00000007  c_p.l(libshutdown2.o)
    0x00000268   0x00000268   0x00000000   Code   RO         3254    .ARM.Collect$$libshutdown$$0000000A  c_p.l(libshutdown2.o)
    0x00000268   0x00000268   0x00000000   Code   RO         3256    .ARM.Collect$$libshutdown$$0000000C  c_p.l(libshutdown2.o)
    0x00000268   0x00000268   0x00000000   Code   RO         3259    .ARM.Collect$$libshutdown$$0000000F  c_p.l(libshutdown2.o)
    0x00000268   0x00000268   0x00000002   Code   RO         3260    .ARM.Collect$$libshutdown$$00000010  c_p.l(libshutdown2.o)
    0x0000026a   0x0000026a   0x00000000   Code   RO         2853    .ARM.Collect$$rtentry$$00000000  c_p.l(__rtentry.o)
    0x0000026a   0x0000026a   0x00000000   Code   RO         3024    .ARM.Collect$$rtentry$$00000002  c_p.l(__rtentry2.o)
    0x0000026a   0x0000026a   0x00000006   Code   RO         3036    .ARM.Collect$$rtentry$$00000004  c_p.l(__rtentry4.o)
    0x00000270   0x00000270   0x00000000   Code   RO         3026    .ARM.Collect$$rtentry$$00000009  c_p.l(__rtentry2.o)
    0x00000270   0x00000270   0x00000004   Code   RO         3027    .ARM.Collect$$rtentry$$0000000A  c_p.l(__rtentry2.o)
    0x00000274   0x00000274   0x00000000   Code   RO         3029    .ARM.Collect$$rtentry$$0000000C  c_p.l(__rtentry2.o)
    0x00000274   0x00000274   0x00000008   Code   RO         3030    .ARM.Collect$$rtentry$$0000000D  c_p.l(__rtentry2.o)
    0x0000027c   0x0000027c   0x00000002   Code   RO         3118    .ARM.Collect$$rtexit$$00000000  c_p.l(rtexit.o)
    0x0000027e   0x0000027e   0x00000000   Code   RO         3187    .ARM.Collect$$rtexit$$00000002  c_p.l(rtexit2.o)
    0x0000027e   0x0000027e   0x00000004   Code   RO         3188    .ARM.Collect$$rtexit$$00000003  c_p.l(rtexit2.o)
    0x00000282   0x00000282   0x00000006   Code   RO         3189    .ARM.Collect$$rtexit$$00000004  c_p.l(rtexit2.o)
    0x00000288   0x00000288   0x00000038   Code   RO         2725    .emb_text           c_p.l(rt_memcpy.o)
    0x000002c0   0x000002c0   0x00000030   Code   RO          264    .text               startup_mspm0g350x_uvision.o
    0x000002f0   0x000002f0   0x00000030   Code   RO         2717    .text               c_p.l(llmul.o)
    0x00000320   0x00000320   0x0000003c   Code   RO         2721    .text               c_p.l(vsnprintf.o)
    0x0000035c   0x0000035c   0x00000044   Code   RO         2723    .text               c_p.l(strlen.o)
    0x000003a0   0x000003a0   0x00000082   Code   RO         2726    .text               c_p.l(rt_memcpy.o)
    0x00000422   0x00000422   0x00000012   Code   RO         2729    .text               c_p.l(aeabi_memset4.o)
    0x00000434   0x00000434   0x00000040   Code   RO         2731    .text               c_p.l(rt_memclr.o)
    0x00000474   0x00000474   0x000001f8   Code   RO         2733    .text               c_p.l(aeabi_sdivfast.o)
    0x0000066c   0x0000066c   0x00000006   Code   RO         2741    .text               c_p.l(heapauxi.o)
    0x00000672   0x00000672   0x00000002   PAD
    0x00000674   0x00000674   0x0000007c   Code   RO         2745    .text               fz_ps.l(d2f.o)
    0x000006f0   0x000006f0   0x00000448   Code   RO         2773    .text               fz_ps.l(ddiv.o)
    0x00000b38   0x00000b38   0x00000054   Code   RO         2778    .text               fz_ps.l(f2d.o)
    0x00000b8c   0x00000b8c   0x00000160   Code   RO         2810    .text               fz_ps.l(fdiv.o)
    0x00000cec   0x00000cec   0x0000005e   Code   RO         2815    .text               fz_ps.l(fflti.o)
    0x00000d4a   0x00000d4a   0x00000016   Code   RO         2858    .text               c_p.l(_rserrno.o)
    0x00000d60   0x00000d60   0x0000004e   Code   RO         2862    .text               c_p.l(_printf_pad.o)
    0x00000dae   0x00000dae   0x00000024   Code   RO         2864    .text               c_p.l(_printf_truncate.o)
    0x00000dd2   0x00000dd2   0x00000052   Code   RO         2866    .text               c_p.l(_printf_str.o)
    0x00000e24   0x00000e24   0x0000006c   Code   RO         2868    .text               c_p.l(_printf_dec.o)
    0x00000e90   0x00000e90   0x00000026   Code   RO         2870    .text               c_p.l(_printf_charcount.o)
    0x00000eb6   0x00000eb6   0x00000002   PAD
    0x00000eb8   0x00000eb8   0x00000030   Code   RO         2872    .text               c_p.l(_printf_char_common.o)
    0x00000ee8   0x00000ee8   0x00000010   Code   RO         2874    .text               c_p.l(_snputc.o)
    0x00000ef8   0x00000ef8   0x000000bc   Code   RO         2876    .text               c_p.l(_printf_wctomb.o)
    0x00000fb4   0x00000fb4   0x00000070   Code   RO         2879    .text               c_p.l(_printf_longlong_dec.o)
    0x00001024   0x00001024   0x00000070   Code   RO         2885    .text               c_p.l(_printf_oct_int_ll.o)
    0x00001094   0x00001094   0x00000098   Code   RO         2905    .text               c_p.l(_printf_hex_int_ll_ptr.o)
    0x0000112c   0x0000112c   0x00000188   Code   RO         2925    .text               c_p.l(__printf_flags_ss_wp.o)
    0x000012b4   0x000012b4   0x00000044   Code   RO         2969    .text               fz_ps.l(fscalbn.o)
    0x000012f8   0x000012f8   0x00000008   Code   RO         3043    .text               c_p.l(rt_errno_addr_intlibspace.o)
    0x00001300   0x00001300   0x0000007a   Code   RO         3045    .text               c_p.l(lludiv10.o)
    0x0000137a   0x0000137a   0x000000b0   Code   RO         3047    .text               c_p.l(_printf_intcommon.o)
    0x0000142a   0x0000142a   0x00000002   PAD
    0x0000142c   0x0000142c   0x00000414   Code   RO         3049    .text               c_p.l(_printf_fp_dec.o)
    0x00001840   0x00001840   0x000002d8   Code   RO         3053    .text               c_p.l(_printf_fp_hex.o)
    0x00001b18   0x00001b18   0x0000002e   Code   RO         3058    .text               c_p.l(_printf_char.o)
    0x00001b46   0x00001b46   0x0000002e   Code   RO         3060    .text               c_p.l(_printf_wchar.o)
    0x00001b74   0x00001b74   0x00000042   Code   RO         3063    .text               c_p.l(_c16rtomb.o)
    0x00001bb6   0x00001bb6   0x00000028   Code   RO         3065    .text               c_p.l(rtudiv10.o)
    0x00001bde   0x00001bde   0x00000002   PAD
    0x00001be0   0x00001be0   0x00000064   Code   RO         3069    .text               fz_ps.l(fcmpin.o)
    0x00001c44   0x00001c44   0x00000008   Code   RO         3071    .text               c_p.l(libspace.o)
    0x00001c4c   0x00001c4c   0x0000003e   Code   RO         3074    .text               c_p.l(sys_stackheap_outer.o)
    0x00001c8a   0x00001c8a   0x00000002   PAD
    0x00001c8c   0x00001c8c   0x00000010   Code   RO         3077    .text               c_p.l(rt_ctype_table.o)
    0x00001c9c   0x00001c9c   0x00000008   Code   RO         3082    .text               c_p.l(rt_locale_intlibspace.o)
    0x00001ca4   0x00001ca4   0x00000088   Code   RO         3084    .text               c_p.l(_printf_fp_infnan.o)
    0x00001d2c   0x00001d2c   0x000000d8   Code   RO         3086    .text               c_p.l(bigflt0.o)
    0x00001e04   0x00001e04   0x00000580   Code   RO         3089    .text               c_p.l(btod.o)
    0x00002384   0x00002384   0x00000010   Code   RO         3099    .text               c_p.l(exit.o)
    0x00002394   0x00002394   0x0000002e   Code   RO         3111    .text               fz_ps.l(cmpret.o)
    0x000023c2   0x000023c2   0x00000002   PAD
    0x000023c4   0x000023c4   0x00000010   Code   RO         3115    .text               fz_ps.l(fnan2.o)
    0x000023d4   0x000023d4   0x000000b0   Code   RO         3131    .text               c_p.l(strcmpv6m.o)
    0x00002484   0x00002484   0x0000005e   Code   RO         3180    .text               fz_ps.l(retnan.o)
    0x000024e2   0x000024e2   0x00000002   PAD
    0x000024e4   0x000024e4   0x0000000c   Code   RO         3182    .text               c_p.l(sys_exit.o)
    0x000024f0   0x000024f0   0x00000002   Code   RO         3207    .text               c_p.l(use_no_semi.o)
    0x000024f2   0x000024f2   0x00000000   Code   RO         3209    .text               c_p.l(indicate_semi.o)
    0x000024f2   0x000024f2   0x0000000a   Code   RO         2067    .text.DL_Common_delayCycles  driverlib.a(dl_common.o)
    0x000024fc   0x000024fc   0x00000028   Code   RO          237    .text.DL_Common_updateReg  ti_msp_dl_config.o
    0x00002524   0x00002524   0x00000026   Code   RO         1042    .text.DL_DMA_enableChannel  uart_driver.o
    0x0000254a   0x0000254a   0x00000002   PAD
    0x0000254c   0x0000254c   0x00000044   Code   RO         2076    .text.DL_DMA_initChannel  driverlib.a(dl_dma.o)
    0x00002590   0x00002590   0x00000028   Code   RO         1038    .text.DL_DMA_setDestAddr  uart_driver.o
    0x000025b8   0x000025b8   0x00000028   Code   RO         1036    .text.DL_DMA_setSrcAddr  uart_driver.o
    0x000025e0   0x000025e0   0x00000030   Code   RO         1040    .text.DL_DMA_setTransferSize  uart_driver.o
    0x00002610   0x00002610   0x00000018   Code   RO          179    .text.DL_GPIO_clearInterruptStatus  ti_msp_dl_config.o
    0x00002628   0x00002628   0x0000001c   Code   RO          339    .text.DL_GPIO_clearInterruptStatus  encoder_app.o
    0x00002644   0x00002644   0x00000014   Code   RO          175    .text.DL_GPIO_clearPins  ti_msp_dl_config.o
    0x00002658   0x00002658   0x00000014   Code   RO          937    .text.DL_GPIO_clearPins  beep.o
    0x0000266c   0x0000266c   0x00000014   Code   RO          954    .text.DL_GPIO_clearPins  rgb_led.o
    0x00002680   0x00002680   0x00000014   Code   RO         1078    .text.DL_GPIO_clearPins  sw_i2c.o
    0x00002694   0x00002694   0x00000018   Code   RO          165    .text.DL_GPIO_enableHiZ  ti_msp_dl_config.o
    0x000026ac   0x000026ac   0x00000018   Code   RO         1064    .text.DL_GPIO_enableHiZ  sw_i2c.o
    0x000026c4   0x000026c4   0x0000001c   Code   RO          181    .text.DL_GPIO_enableInterrupt  ti_msp_dl_config.o
    0x000026e0   0x000026e0   0x00000014   Code   RO          161    .text.DL_GPIO_enableOutput  ti_msp_dl_config.o
    0x000026f4   0x000026f4   0x00000018   Code   RO         1072    .text.DL_GPIO_enableOutput  sw_i2c.o
    0x0000270c   0x0000270c   0x00000014   Code   RO          149    .text.DL_GPIO_enablePower  ti_msp_dl_config.o
    0x00002720   0x00002720   0x00000018   Code   RO          337    .text.DL_GPIO_getEnabledInterruptStatus  encoder_app.o
    0x00002738   0x00002738   0x00000014   Code   RO          171    .text.DL_GPIO_initDigitalInput  ti_msp_dl_config.o
    0x0000274c   0x0000274c   0x0000002c   Code   RO          173    .text.DL_GPIO_initDigitalInputFeatures  ti_msp_dl_config.o
    0x00002778   0x00002778   0x00000030   Code   RO         1062    .text.DL_GPIO_initDigitalInputFeatures  sw_i2c.o
    0x000027a8   0x000027a8   0x00000014   Code   RO          169    .text.DL_GPIO_initDigitalOutput  ti_msp_dl_config.o
    0x000027bc   0x000027bc   0x00000014   Code   RO         1070    .text.DL_GPIO_initDigitalOutput  sw_i2c.o
    0x000027d0   0x000027d0   0x00000018   Code   RO          167    .text.DL_GPIO_initPeripheralInputFunction  ti_msp_dl_config.o
    0x000027e8   0x000027e8   0x00000038   Code   RO          163    .text.DL_GPIO_initPeripheralInputFunctionFeatures  ti_msp_dl_config.o
    0x00002820   0x00002820   0x0000001c   Code   RO          159    .text.DL_GPIO_initPeripheralOutputFunction  ti_msp_dl_config.o
    0x0000283c   0x0000283c   0x00000016   Code   RO         1084    .text.DL_GPIO_readPins  sw_i2c.o
    0x00002852   0x00002852   0x00000002   PAD
    0x00002854   0x00002854   0x00000010   Code   RO          139    .text.DL_GPIO_reset  ti_msp_dl_config.o
    0x00002864   0x00002864   0x0000001c   Code   RO          177    .text.DL_GPIO_setLowerPinsPolarity  ti_msp_dl_config.o
    0x00002880   0x00002880   0x00000014   Code   RO          935    .text.DL_GPIO_setPins  beep.o
    0x00002894   0x00002894   0x00000014   Code   RO          956    .text.DL_GPIO_setPins  rgb_led.o
    0x000028a8   0x000028a8   0x00000018   Code   RO         1066    .text.DL_GPIO_setPins  sw_i2c.o
    0x000028c0   0x000028c0   0x00000018   Code   RO          199    .text.DL_I2C_enableAnalogGlitchFilter  ti_msp_dl_config.o
    0x000028d8   0x000028d8   0x00000014   Code   RO          211    .text.DL_I2C_enableController  ti_msp_dl_config.o
    0x000028ec   0x000028ec   0x00000018   Code   RO          209    .text.DL_I2C_enableControllerClockStretching  ti_msp_dl_config.o
    0x00002904   0x00002904   0x00000014   Code   RO          153    .text.DL_I2C_enablePower  ti_msp_dl_config.o
    0x00002918   0x00002918   0x00000010   Code   RO          143    .text.DL_I2C_reset  ti_msp_dl_config.o
    0x00002928   0x00002928   0x00000014   Code   RO          201    .text.DL_I2C_resetControllerTransfer  ti_msp_dl_config.o
    0x0000293c   0x0000293c   0x00000026   Code   RO          197    .text.DL_I2C_setAnalogGlitchFilterPulseWidth  ti_msp_dl_config.o
    0x00002962   0x00002962   0x00000026   Code   RO         2086    .text.DL_I2C_setClockConfig  driverlib.a(dl_i2c.o)
    0x00002988   0x00002988   0x00000024   Code   RO          207    .text.DL_I2C_setControllerRXFIFOThreshold  ti_msp_dl_config.o
    0x000029ac   0x000029ac   0x00000028   Code   RO          205    .text.DL_I2C_setControllerTXFIFOThreshold  ti_msp_dl_config.o
    0x000029d4   0x000029d4   0x00000018   Code   RO          203    .text.DL_I2C_setTimerPeriod  ti_msp_dl_config.o
    0x000029ec   0x000029ec   0x00000020   Code   RO          335    .text.DL_Interrupt_getStatusGroup  encoder_app.o
    0x00002a0c   0x00002a0c   0x00000018   Code   RO          233    .text.DL_SPI_enable  ti_msp_dl_config.o
    0x00002a24   0x00002a24   0x00000018   Code   RO          157    .text.DL_SPI_enablePower  ti_msp_dl_config.o
    0x00002a3c   0x00002a3c   0x00000044   Code   RO         2118    .text.DL_SPI_init   driverlib.a(dl_spi.o)
    0x00002a80   0x00002a80   0x00000018   Code   RO          147    .text.DL_SPI_reset  ti_msp_dl_config.o
    0x00002a98   0x00002a98   0x00000020   Code   RO          229    .text.DL_SPI_setBitRateSerialClockDivider  ti_msp_dl_config.o
    0x00002ab8   0x00002ab8   0x00000012   Code   RO         2120    .text.DL_SPI_setClockConfig  driverlib.a(dl_spi.o)
    0x00002aca   0x00002aca   0x00000002   PAD
    0x00002acc   0x00002acc   0x00000030   Code   RO          231    .text.DL_SPI_setFIFOThreshold  ti_msp_dl_config.o
    0x00002afc   0x00002afc   0x000000c4   Code   RO         2313    .text.DL_SYSCTL_configSYSPLL  driverlib.a(dl_sysctl_mspm0g1x0x_g3x0x.o)
    0x00002bc0   0x00002bc0   0x00000018   Code   RO          183    .text.DL_SYSCTL_setBORThreshold  ti_msp_dl_config.o
    0x00002bd8   0x00002bd8   0x0000001c   Code   RO          185    .text.DL_SYSCTL_setFlashWaitState  ti_msp_dl_config.o
    0x00002bf4   0x00002bf4   0x0000001c   Code   RO          187    .text.DL_SYSCTL_setSYSOSCFreq  ti_msp_dl_config.o
    0x00002c10   0x00002c10   0x00000018   Code   RO          189    .text.DL_SYSCTL_setULPCLKDivider  ti_msp_dl_config.o
    0x00002c28   0x00002c28   0x00000028   Code   RO         2321    .text.DL_SYSCTL_switchMCLKfromSYSOSCtoHSCLK  driverlib.a(dl_sysctl_mspm0g1x0x_g3x0x.o)
    0x00002c50   0x00002c50   0x00000014   Code   RO          191    .text.DL_Timer_enableClock  ti_msp_dl_config.o
    0x00002c64   0x00002c64   0x00000018   Code   RO          195    .text.DL_Timer_enableInterrupt  ti_msp_dl_config.o
    0x00002c7c   0x00002c7c   0x00000018   Code   RO          151    .text.DL_Timer_enablePower  ti_msp_dl_config.o
    0x00002c94   0x00002c94   0x00000108   Code   RO         2252    .text.DL_Timer_initFourCCPWMMode  driverlib.a(dl_timer.o)
    0x00002d9c   0x00002d9c   0x000000f0   Code   RO         2176    .text.DL_Timer_initTimerMode  driverlib.a(dl_timer.o)
    0x00002e8c   0x00002e8c   0x00000010   Code   RO          141    .text.DL_Timer_reset  ti_msp_dl_config.o
    0x00002e9c   0x00002e9c   0x00000014   Code   RO          193    .text.DL_Timer_setCCPDirection  ti_msp_dl_config.o
    0x00002eb0   0x00002eb0   0x0000001c   Code   RO         2218    .text.DL_Timer_setCaptCompUpdateMethod  driverlib.a(dl_timer.o)
    0x00002ecc   0x00002ecc   0x00000018   Code   RO         2226    .text.DL_Timer_setCaptureCompareOutCtl  driverlib.a(dl_timer.o)
    0x00002ee4   0x00002ee4   0x00000010   Code   RO         2178    .text.DL_Timer_setCaptureCompareValue  driverlib.a(dl_timer.o)
    0x00002ef4   0x00002ef4   0x00000018   Code   RO         2172    .text.DL_Timer_setClockConfig  driverlib.a(dl_timer.o)
    0x00002f0c   0x00002f0c   0x00000018   Code   RO           54    .text.DL_UART_clearInterruptStatus  mspm0g3507_it.o
    0x00002f24   0x00002f24   0x00000016   Code   RO          227    .text.DL_UART_enable  ti_msp_dl_config.o
    0x00002f3a   0x00002f3a   0x00000002   PAD
    0x00002f3c   0x00002f3c   0x00000018   Code   RO          219    .text.DL_UART_enableDMATransmitEvent  ti_msp_dl_config.o
    0x00002f54   0x00002f54   0x00000018   Code   RO          221    .text.DL_UART_enableFIFOs  ti_msp_dl_config.o
    0x00002f6c   0x00002f6c   0x0000001c   Code   RO          217    .text.DL_UART_enableInterrupt  ti_msp_dl_config.o
    0x00002f88   0x00002f88   0x00000018   Code   RO          155    .text.DL_UART_enablePower  ti_msp_dl_config.o
    0x00002fa0   0x00002fa0   0x00000012   Code   RO           50    .text.DL_UART_getPendingInterrupt  mspm0g3507_it.o
    0x00002fb2   0x00002fb2   0x00000002   PAD
    0x00002fb4   0x00002fb4   0x00000048   Code   RO         2273    .text.DL_UART_init  driverlib.a(dl_uart.o)
    0x00002ffc   0x00002ffc   0x00000014   Code   RO           52    .text.DL_UART_receiveData  mspm0g3507_it.o
    0x00003010   0x00003010   0x00000018   Code   RO          145    .text.DL_UART_reset  ti_msp_dl_config.o
    0x00003028   0x00003028   0x0000004c   Code   RO          215    .text.DL_UART_setBaudRateDivisor  ti_msp_dl_config.o
    0x00003074   0x00003074   0x00000012   Code   RO         2275    .text.DL_UART_setClockConfig  driverlib.a(dl_uart.o)
    0x00003086   0x00003086   0x0000001e   Code   RO          213    .text.DL_UART_setOversampling  ti_msp_dl_config.o
    0x000030a4   0x000030a4   0x00000024   Code   RO          223    .text.DL_UART_setRXFIFOThreshold  ti_msp_dl_config.o
    0x000030c8   0x000030c8   0x00000028   Code   RO          225    .text.DL_UART_setTXFIFOThreshold  ti_msp_dl_config.o
    0x000030f0   0x000030f0   0x00000138   Code   RO          333    .text.GROUP1_IRQHandler  encoder_app.o
    0x00003228   0x00003228   0x00000038   Code   RO           14    .text.HardFault_Handler  main.o
    0x00003260   0x00003260   0x00000028   Code   RO          744    .text.LOG_E         log.o
    0x00003288   0x00003288   0x00000028   Code   RO          738    .text.LOG_I         log.o
    0x000032b0   0x000032b0   0x00000044   Code   RO         2583    .text.PendSV_Handler  freertos_builds_LP_MSPM0G3507_release_keil.lib(port.o)
    0x000032f4   0x000032f4   0x00000052   Code   RO         1086    .text.SOFT_IIC_Ack  sw_i2c.o
    0x00003346   0x00003346   0x0000000e   Code   RO         1058    .text.SOFT_IIC_DLY  sw_i2c.o
    0x00003354   0x00003354   0x0000004a   Code   RO         1060    .text.SOFT_IIC_Init  sw_i2c.o
    0x0000339e   0x0000339e   0x00000048   Code   RO         1088    .text.SOFT_IIC_NAck  sw_i2c.o
    0x000033e6   0x000033e6   0x000000b4   Code   RO         1092    .text.SOFT_IIC_Read_Byte  sw_i2c.o
    0x0000349a   0x0000349a   0x0000012c   Code   RO         1096    .text.SOFT_IIC_Read_Len  sw_i2c.o
    0x000035c6   0x000035c6   0x0000008c   Code   RO         1090    .text.SOFT_IIC_Send_Byte  sw_i2c.o
    0x00003652   0x00003652   0x0000004c   Code   RO         1076    .text.SOFT_IIC_Start  sw_i2c.o
    0x0000369e   0x0000369e   0x00000048   Code   RO         1080    .text.SOFT_IIC_Stop  sw_i2c.o
    0x000036e6   0x000036e6   0x0000009a   Code   RO         1082    .text.SOFT_IIC_Wait_Ack  sw_i2c.o
    0x00003780   0x00003780   0x00000106   Code   RO         1094    .text.SOFT_IIC_Write_Len  sw_i2c.o
    0x00003886   0x00003886   0x00000024   Code   RO         1074    .text.SOFT_SDA_IN   sw_i2c.o
    0x000038aa   0x000038aa   0x0000001c   Code   RO         1068    .text.SOFT_SDA_OUT  sw_i2c.o
    0x000038c6   0x000038c6   0x00000002   Code   RO         2563    .text.SVC_Handler   freertos_builds_LP_MSPM0G3507_release_keil.lib(port.o)
    0x000038c8   0x000038c8   0x00000018   Code   RO          235    .text.SYSCFG_DL_DMA_CH0_init  ti_msp_dl_config.o
    0x000038e0   0x000038e0   0x00000008   Code   RO          133    .text.SYSCFG_DL_DMA_init  ti_msp_dl_config.o
    0x000038e8   0x000038e8   0x000001c0   Code   RO          117    .text.SYSCFG_DL_GPIO_init  ti_msp_dl_config.o
    0x00003aa8   0x00003aa8   0x00000054   Code   RO          127    .text.SYSCFG_DL_I2C_0_init  ti_msp_dl_config.o
    0x00003afc   0x00003afc   0x0000007c   Code   RO          121    .text.SYSCFG_DL_Motor_PWM1_init  ti_msp_dl_config.o
    0x00003b78   0x00003b78   0x0000007c   Code   RO          123    .text.SYSCFG_DL_Motor_PWM2_init  ti_msp_dl_config.o
    0x00003bf4   0x00003bf4   0x0000003c   Code   RO          131    .text.SYSCFG_DL_SPI_0_init  ti_msp_dl_config.o
    0x00003c30   0x00003c30   0x00000034   Code   RO          119    .text.SYSCFG_DL_SYSCTL_init  ti_msp_dl_config.o
    0x00003c64   0x00003c64   0x00000030   Code   RO          125    .text.SYSCFG_DL_TIMER_delay_init  ti_msp_dl_config.o
    0x00003c94   0x00003c94   0x00000060   Code   RO          129    .text.SYSCFG_DL_UART_DEBUG_init  ti_msp_dl_config.o
    0x00003cf4   0x00003cf4   0x0000004c   Code   RO          113    .text.SYSCFG_DL_init  ti_msp_dl_config.o
    0x00003d40   0x00003d40   0x00000098   Code   RO          115    .text.SYSCFG_DL_initPower  ti_msp_dl_config.o
    0x00003dd8   0x00003dd8   0x00000020   Code   RO         2585    .text.SysTick_Handler  freertos_builds_LP_MSPM0G3507_release_keil.lib(port.o)
    0x00003df8   0x00003df8   0x0000008c   Code   RO           48    .text.UART0_IRQHandler  mspm0g3507_it.o
    0x00003e84   0x00003e84   0x0000002c   Code   RO            4    .text.__NVIC_EnableIRQ  main.o
    0x00003eb0   0x00003eb0   0x00000010   Code   RO          929    .text.beep_off      beep.o
    0x00003ec0   0x00003ec0   0x00000014   Code   RO          933    .text.beep_on       beep.o
    0x00003ed4   0x00003ed4   0x00000010   Code   RO          721    .text.busy_wait_cycles  delay.o
    0x00003ee4   0x00003ee4   0x00000024   Code   RO          725    .text.busy_wait_ms  delay.o
    0x00003f08   0x00003f08   0x00000052   Code   RO          723    .text.delay_ms      delay.o
    0x00003f5a   0x00003f5a   0x00000020   Code   RO          719    .text.delay_us      delay.o
    0x00003f7a   0x00003f7a   0x00000002   PAD
    0x00003f7c   0x00003f7c   0x00000048   Code   RO         2493    .text.eTaskConfirmSleepModeStatus  freertos_builds_LP_MSPM0G3507_release_keil.lib(tasks.o)
    0x00003fc4   0x00003fc4   0x000000fa   Code   RO          756    .text.encoder_update  encoder.o
    0x000040be   0x000040be   0x00000002   PAD
    0x000040c0   0x000040c0   0x000000b4   Code   RO          977    .text.hmc5883l_get_calibrated_xyz  hmc5883l.o
    0x00004174   0x00004174   0x00000064   Code   RO          979    .text.hmc5883l_get_heading  hmc5883l.o
    0x000041d8   0x000041d8   0x00000010   Code   RO          969    .text.hmc5883l_init  hmc5883l.o
    0x000041e8   0x000041e8   0x00000028   Code   RO          973    .text.hmc5883l_read  hmc5883l.o
    0x00004210   0x00004210   0x00000040   Code   RO          971    .text.hmc5883l_read_xyz  hmc5883l.o
    0x00004250   0x00004250   0x00000022   Code   RO          965    .text.hmc5883l_soft_reset  hmc5883l.o
    0x00004272   0x00004272   0x00000002   PAD
    0x00004274   0x00004274   0x00000078   Code   RO          103    .text.hmc5883l_test_task  hmc5883l_test.o
    0x000042ec   0x000042ec   0x00000024   Code   RO          101    .text.hmc5883l_test_task_start  hmc5883l_test.o
    0x00004310   0x00004310   0x00000024   Code   RO          967    .text.hmc5883l_write_reg  hmc5883l.o
    0x00004334   0x00004334   0x00000020   Code   RO          950    .text.led_set_color  rgb_led.o
    0x00004354   0x00004354   0x00000080   Code   RO          952    .text.led_set_rgb   rgb_led.o
    0x000043d4   0x000043d4   0x00000088   Code   RO          740    .text.log_print     log.o
    0x0000445c   0x0000445c   0x0000004c   Code   RO           10    .text.main          main.o
    0x000044a8   0x000044a8   0x0000007e   Code   RO          480    .text.play_alert_blocking  alert.o
    0x00004526   0x00004526   0x00000002   PAD
    0x00004528   0x00004528   0x000001bc   Code   RO          277    .text.process_received_packet  embedfire_protocol_receive.o
    0x000046e4   0x000046e4   0x0000003a   Code   RO          293    .text.protocol_calculate_checksum  embedfire_protocol_send.o
    0x0000471e   0x0000471e   0x00000002   PAD
    0x00004720   0x00004720   0x00000200   Code   RO          279    .text.protocol_receive_byte  embedfire_protocol_receive.o
    0x00004920   0x00004920   0x00000114   Code   RO         2413    .text.prvAddNewTaskToReadyList  freertos_builds_LP_MSPM0G3507_release_keil.lib(tasks.o)
    0x00004a34   0x00004a34   0x000000fc   Code   RO         2443    .text.prvIdleTask   freertos_builds_LP_MSPM0G3507_release_keil.lib(tasks.o)
    0x00004b30   0x00004b30   0x000000de   Code   RO         2411    .text.prvInitialiseNewTask  freertos_builds_LP_MSPM0G3507_release_keil.lib(tasks.o)
    0x00004c0e   0x00004c0e   0x00000002   PAD
    0x00004c10   0x00004c10   0x0000009c   Code   RO         2653    .text.prvSampleTimeNow  freertos_builds_LP_MSPM0G3507_release_keil.lib(timers.o)
    0x00004cac   0x00004cac   0x00000034   Code   RO         2561    .text.prvTaskExitError  freertos_builds_LP_MSPM0G3507_release_keil.lib(port.o)
    0x00004ce0   0x00004ce0   0x000001f8   Code   RO         2621    .text.prvTimerTask  freertos_builds_LP_MSPM0G3507_release_keil.lib(timers.o)
    0x00004ed8   0x00004ed8   0x0000007e   Code   RO         2367    .text.prvUnlockQueue  freertos_builds_LP_MSPM0G3507_release_keil.lib(queue.o)
    0x00004f56   0x00004f56   0x00000002   PAD
    0x00004f58   0x00004f58   0x00000180   Code   RO         2672    .text.pvPortMalloc  freertos_builds_LP_MSPM0G3507_release_keil.lib(heap_4.o)
    0x000050d8   0x000050d8   0x00000024   Code   RO         2559    .text.pxPortInitialiseStack  freertos_builds_LP_MSPM0G3507_release_keil.lib(port.o)
    0x000050fc   0x000050fc   0x00000012   Code   RO            2    .text.system_init   main.o
    0x0000510e   0x0000510e   0x00000008   Code   RO            8    .text.test_task_init_and_create  main.o
    0x00005116   0x00005116   0x00000002   PAD
    0x00005118   0x00005118   0x0000006c   Code   RO         1026    .text.uart_init     uart_driver.o
    0x00005184   0x00005184   0x0000002c   Code   RO         1028    .text.uart_rx_task  uart_driver.o
    0x000051b0   0x000051b0   0x00000058   Code   RO         1030    .text.uart_tx_task  uart_driver.o
    0x00005208   0x00005208   0x00000008   Code   RO         2579    .text.ulSetInterruptMaskFromISR  freertos_builds_LP_MSPM0G3507_release_keil.lib(port.o)
    0x00005210   0x00005210   0x000000c0   Code   RO         2515    .text.ulTaskGenericNotifyTake  freertos_builds_LP_MSPM0G3507_release_keil.lib(tasks.o)
    0x000052d0   0x000052d0   0x00000060   Code   RO         1044    .text.usart_printf  uart_driver.o
    0x00005330   0x00005330   0x00000044   Code   RO         1034    .text.usart_send_bytes  uart_driver.o
    0x00005374   0x00005374   0x00000020   Code   RO         2609    .text.uxListRemove  freertos_builds_LP_MSPM0G3507_release_keil.lib(list.o)
    0x00005394   0x00005394   0x00000018   Code   RO         2700    .text.vApplicationGetIdleTaskMemory  freertos_builds_LP_MSPM0G3507_release_keil.lib(staticallocs_freertos.o)
    0x000053ac   0x000053ac   0x00000018   Code   RO         2702    .text.vApplicationGetTimerTaskMemory  freertos_builds_LP_MSPM0G3507_release_keil.lib(staticallocs_freertos.o)
    0x000053c4   0x000053c4   0x00000038   Code   RO           16    .text.vApplicationMallocFailedHook  main.o
    0x000053fc   0x000053fc   0x00000040   Code   RO           12    .text.vApplicationStackOverflowHook  main.o
    0x0000543c   0x0000543c   0x00000006   Code   RO         2581    .text.vClearInterruptMaskFromISR  freertos_builds_LP_MSPM0G3507_release_keil.lib(port.o)
    0x00005442   0x00005442   0x00000014   Code   RO         2601    .text.vListInitialise  freertos_builds_LP_MSPM0G3507_release_keil.lib(list.o)
    0x00005456   0x00005456   0x00000006   Code   RO         2603    .text.vListInitialiseItem  freertos_builds_LP_MSPM0G3507_release_keil.lib(list.o)
    0x0000545c   0x0000545c   0x0000003c   Code   RO         2607    .text.vListInsert   freertos_builds_LP_MSPM0G3507_release_keil.lib(list.o)
    0x00005498   0x00005498   0x00000016   Code   RO         2605    .text.vListInsertEnd  freertos_builds_LP_MSPM0G3507_release_keil.lib(list.o)
    0x000054ae   0x000054ae   0x00000002   PAD
    0x000054b0   0x000054b0   0x00000014   Code   RO         2575    .text.vPortEnterCritical  freertos_builds_LP_MSPM0G3507_release_keil.lib(port.o)
    0x000054c4   0x000054c4   0x0000001c   Code   RO         2577    .text.vPortExitCritical  freertos_builds_LP_MSPM0G3507_release_keil.lib(port.o)
    0x000054e0   0x000054e0   0x000000a8   Code   RO         2674    .text.vPortFree     freertos_builds_LP_MSPM0G3507_release_keil.lib(heap_4.o)
    0x00005588   0x00005588   0x00000024   Code   RO         2567    .text.vPortSetupTimerInterrupt  freertos_builds_LP_MSPM0G3507_release_keil.lib(port.o)
    0x000055ac   0x000055ac   0x00000004   PAD
    0x000055b0   0x000055b0   0x00000034   Code   RO         2569    .text.vPortStartFirstTask  freertos_builds_LP_MSPM0G3507_release_keil.lib(port.o)
    0x000055e4   0x000055e4   0x00000158   Code   RO         2587    .text.vPortSuppressTicksAndSleep  freertos_builds_LP_MSPM0G3507_release_keil.lib(port.o)
    0x0000573c   0x0000573c   0x00000018   Code   RO         2573    .text.vPortYield    freertos_builds_LP_MSPM0G3507_release_keil.lib(port.o)
    0x00005754   0x00005754   0x00000044   Code   RO         2399    .text.vQueueWaitForMessageRestricted  freertos_builds_LP_MSPM0G3507_release_keil.lib(queue.o)
    0x00005798   0x00005798   0x00000068   Code   RO         2425    .text.vTaskDelay    freertos_builds_LP_MSPM0G3507_release_keil.lib(tasks.o)
    0x00005800   0x00005800   0x00000098   Code   RO         2523    .text.vTaskGenericNotifyGiveFromISR  freertos_builds_LP_MSPM0G3507_release_keil.lib(tasks.o)
    0x00005898   0x00005898   0x00000014   Code   RO         2483    .text.vTaskInternalSetTimeOutState  freertos_builds_LP_MSPM0G3507_release_keil.lib(tasks.o)
    0x000058ac   0x000058ac   0x00000008   Code   RO         2487    .text.vTaskMissedYield  freertos_builds_LP_MSPM0G3507_release_keil.lib(tasks.o)
    0x000058b4   0x000058b4   0x00000060   Code   RO         2471    .text.vTaskPlaceOnEventList  freertos_builds_LP_MSPM0G3507_release_keil.lib(tasks.o)
    0x00005914   0x00005914   0x00000084   Code   RO         2475    .text.vTaskPlaceOnEventListRestricted  freertos_builds_LP_MSPM0G3507_release_keil.lib(tasks.o)
    0x00005998   0x00005998   0x000000ac   Code   RO         2441    .text.vTaskStartScheduler  freertos_builds_LP_MSPM0G3507_release_keil.lib(tasks.o)
    0x00005a44   0x00005a44   0x00000024   Code   RO         2459    .text.vTaskStepTick  freertos_builds_LP_MSPM0G3507_release_keil.lib(tasks.o)
    0x00005a68   0x00005a68   0x00000010   Code   RO         2421    .text.vTaskSuspendAll  freertos_builds_LP_MSPM0G3507_release_keil.lib(tasks.o)
    0x00005a78   0x00005a78   0x000000e4   Code   RO         2437    .text.vTaskSwitchContext  freertos_builds_LP_MSPM0G3507_release_keil.lib(tasks.o)
    0x00005b5c   0x00005b5c   0x0000005c   Code   RO         2565    .text.xPortStartScheduler  freertos_builds_LP_MSPM0G3507_release_keil.lib(port.o)
    0x00005bb8   0x00005bb8   0x0000009c   Code   RO         2349    .text.xQueueGenericCreate  freertos_builds_LP_MSPM0G3507_release_keil.lib(queue.o)
    0x00005c54   0x00005c54   0x00000096   Code   RO         2347    .text.xQueueGenericCreateStatic  freertos_builds_LP_MSPM0G3507_release_keil.lib(queue.o)
    0x00005cea   0x00005cea   0x00000214   Code   RO         2357    .text.xQueueGenericSend  freertos_builds_LP_MSPM0G3507_release_keil.lib(queue.o)
    0x00005efe   0x00005efe   0x0000010c   Code   RO         2369    .text.xQueueGenericSendFromISR  freertos_builds_LP_MSPM0G3507_release_keil.lib(queue.o)
    0x0000600a   0x0000600a   0x0000017a   Code   RO         2373    .text.xQueueReceive  freertos_builds_LP_MSPM0G3507_release_keil.lib(queue.o)
    0x00006184   0x00006184   0x00000060   Code   RO         2485    .text.xTaskCheckForTimeOut  freertos_builds_LP_MSPM0G3507_release_keil.lib(tasks.o)
    0x000061e4   0x000061e4   0x00000058   Code   RO         2415    .text.xTaskCreate   freertos_builds_LP_MSPM0G3507_release_keil.lib(tasks.o)
    0x0000623c   0x0000623c   0x0000004e   Code   RO         2409    .text.xTaskCreateStatic  freertos_builds_LP_MSPM0G3507_release_keil.lib(tasks.o)
    0x0000628a   0x0000628a   0x00000002   PAD
    0x0000628c   0x0000628c   0x000000cc   Code   RO         2519    .text.xTaskGenericNotify  freertos_builds_LP_MSPM0G3507_release_keil.lib(tasks.o)
    0x00006358   0x00006358   0x0000001c   Code   RO         2503    .text.xTaskGetSchedulerState  freertos_builds_LP_MSPM0G3507_release_keil.lib(tasks.o)
    0x00006374   0x00006374   0x00000008   Code   RO         2449    .text.xTaskGetTickCount  freertos_builds_LP_MSPM0G3507_release_keil.lib(tasks.o)
    0x0000637c   0x0000637c   0x00000104   Code   RO         2447    .text.xTaskIncrementTick  freertos_builds_LP_MSPM0G3507_release_keil.lib(tasks.o)
    0x00006480   0x00006480   0x00000060   Code   RO         2507    .text.xTaskPriorityDisinherit  freertos_builds_LP_MSPM0G3507_release_keil.lib(tasks.o)
    0x000064e0   0x000064e0   0x00000080   Code   RO         2477    .text.xTaskRemoveFromEventList  freertos_builds_LP_MSPM0G3507_release_keil.lib(tasks.o)
    0x00006560   0x00006560   0x00000100   Code   RO         2423    .text.xTaskResumeAll  freertos_builds_LP_MSPM0G3507_release_keil.lib(tasks.o)
    0x00006660   0x00006660   0x000000ac   Code   RO         2619    .text.xTimerCreateTimerTask  freertos_builds_LP_MSPM0G3507_release_keil.lib(timers.o)
    0x0000670c   0x0000670c   0x000001f6   Code   RO         2734    .text_divfast       c_p.l(aeabi_sdivfast.o)
    0x00006902   0x00006902   0x00000030   Code   RO         3092    i.__ARM_common_ll_muluu  c_p.l(btod.o)
    0x00006932   0x00006932   0x00000002   PAD
    0x00006934   0x00006934   0x0000002c   Code   RO         2998    i.__ARM_fpclassify  m_ps.l(fpclassify.o)
    0x00006960   0x00006960   0x00000022   Code   RO         3000    i.__ARM_fpclassifyf  m_ps.l(fpclassifyf.o)
    0x00006982   0x00006982   0x00000008   Code   RO         3004    i.__mathlib_flt_infnan2  m_ps.l(funder.o)
    0x0000698a   0x0000698a   0x0000000e   Code   RO         3008    i.__mathlib_flt_underflow  m_ps.l(funder.o)
    0x00006998   0x00006998   0x00000016   Code   RO         2793    i._fgeq             fz_ps.l(fcmp.o)
    0x000069ae   0x000069ae   0x0000000e   Code   RO         2918    i._is_digit         c_p.l(__printf_wp.o)
    0x000069bc   0x000069bc   0x0000029c   Code   RO         2829    i.atan2f            m_ps.l(atan2f.o)
    0x00006c58   0x00006c58   0x0000002c   Code   RO         3097    locale$$code        c_p.l(lc_numeric_c.o)
    0x00006c84   0x00006c84   0x0000002c   Code   RO         3125    locale$$code        c_p.l(lc_ctype_c.o)
    0x00006cb0   0x00006cb0   0x0000008c   Code   RO         2780    x$fpl$fadd          fz_ps.l(faddsub.o)
    0x00006d3c   0x00006d3c   0x00000054   Code   RO         2963    x$fpl$fgeqf         fz_ps.l(fgef.o)
    0x00006d90   0x00006d90   0x000000b0   Code   RO         2817    x$fpl$fmul          fz_ps.l(fmul.o)
    0x00006e40   0x00006e40   0x00000018   Code   RO         2781    x$fpl$frsb          fz_ps.l(faddsub.o)
    0x00006e58   0x00006e58   0x000000d0   Code   RO         2782    x$fpl$fsub          fz_ps.l(faddsub.o)
    0x00006f28   0x00006f28   0x00000010   Code   RO         2975    x$fpl$printf1       fz_ps.l(printf1.o)
    0x00006f38   0x00006f38   0x00000010   Code   RO         2977    x$fpl$printf2       fz_ps.l(printf2.o)
    0x00006f48   0x00006f48   0x00000000   Code   RO         2983    x$fpl$usenofp       fz_ps.l(usenofp.o)
    0x00006f48   0x00006f48   0x00000080   Data   RO         2774    .constdata          fz_ps.l(ddiv.o)
    0x00006fc8   0x00006fc8   0x00000040   Data   RO         2811    .constdata          fz_ps.l(fdiv.o)
    0x00007008   0x00007008   0x00000008   Data   RO         2877    .constdata          c_p.l(_printf_wctomb.o)
    0x00007010   0x00007010   0x00000028   Data   RO         2906    .constdata          c_p.l(_printf_hex_int_ll_ptr.o)
    0x00007038   0x00007038   0x00000011   Data   RO         2926    .constdata          c_p.l(__printf_flags_ss_wp.o)
    0x00007049   0x00007049   0x00000026   Data   RO         3054    .constdata          c_p.l(_printf_fp_hex.o)
    0x0000706f   0x0000706f   0x00000001   PAD
    0x00007070   0x00007070   0x00000094   Data   RO         3087    .constdata          c_p.l(bigflt0.o)
    0x00007104   0x00007104   0x00000018   Data   RO          254    .rodata.gDMA_CH0Config  ti_msp_dl_config.o
    0x0000711c   0x0000711c   0x00000002   Data   RO          249    .rodata.gI2C_0ClockConfig  ti_msp_dl_config.o
    0x0000711e   0x0000711e   0x00000003   Data   RO          243    .rodata.gMotor_PWM1ClockConfig  ti_msp_dl_config.o
    0x00007121   0x00007121   0x00000003   PAD
    0x00007124   0x00007124   0x00000008   Data   RO          244    .rodata.gMotor_PWM1Config  ti_msp_dl_config.o
    0x0000712c   0x0000712c   0x00000003   Data   RO          245    .rodata.gMotor_PWM2ClockConfig  ti_msp_dl_config.o
    0x0000712f   0x0000712f   0x00000001   PAD
    0x00007130   0x00007130   0x00000008   Data   RO          246    .rodata.gMotor_PWM2Config  ti_msp_dl_config.o
    0x00007138   0x00007138   0x00000002   Data   RO          252    .rodata.gSPI_0_clockConfig  ti_msp_dl_config.o
    0x0000713a   0x0000713a   0x0000000a   Data   RO          253    .rodata.gSPI_0_config  ti_msp_dl_config.o
    0x00007144   0x00007144   0x00000028   Data   RO          242    .rodata.gSYSPLLConfig  ti_msp_dl_config.o
    0x0000716c   0x0000716c   0x00000003   Data   RO          247    .rodata.gTIMER_delayClockConfig  ti_msp_dl_config.o
    0x0000716f   0x0000716f   0x00000001   PAD
    0x00007170   0x00007170   0x00000014   Data   RO          248    .rodata.gTIMER_delayTimerConfig  ti_msp_dl_config.o
    0x00007184   0x00007184   0x00000002   Data   RO          250    .rodata.gUART_DEBUGClockConfig  ti_msp_dl_config.o
    0x00007186   0x00007186   0x0000000a   Data   RO          251    .rodata.gUART_DEBUGConfig  ti_msp_dl_config.o
    0x00007190   0x00007190   0x0000009a   Data   RO           18    .rodata.str1.1      main.o
    0x0000722a   0x0000722a   0x00000036   Data   RO          105    .rodata.str1.1      hmc5883l_test.o
    0x00007260   0x00007260   0x00000048   Data   RO          748    .rodata.str1.1      log.o
    0x000072a8   0x000072a8   0x00000010   Data   RO         1050    .rodata.str1.1      uart_driver.o
    0x000072b8   0x000072b8   0x00000004   Data   RO         2530    .rodata.uxTopUsedPriority  freertos_builds_LP_MSPM0G3507_release_keil.lib(tasks.o)
    0x000072bc   0x000072bc   0x00000004   PAD
    0x000072c0   0x000072c0   0x00000020   Data   RO         3261    Region$$Table       anon$$obj.o
    0x000072e0   0x000072e0   0x0000001c   Data   RO         3096    locale$$data        c_p.l(lc_numeric_c.o)
    0x000072fc   0x000072fc   0x00000110   Data   RO         3124    locale$$data        c_p.l(lc_ctype_c.o)


    Execution Region RW_IRAM2 (Exec base: 0x20200000, Load base: 0x00007410, Size: 0x00005a80, Max: 0x00008000, ABSOLUTE)

    Exec Addr    Load Addr    Size         Type   Attr      Idx    E Section Name        Object

    0x20200000   0x00007410   0x00000018   Data   RW          985    .data.hmc5883l_i2c  hmc5883l.o
    0x20200018   0x00007428   0x00000004   Data   RW          989    .data.mag_scale_x   hmc5883l.o
    0x2020001c   0x0000742c   0x00000004   Data   RW          990    .data.mag_scale_y   hmc5883l.o
    0x20200020   0x00007430   0x00000004   Data   RW          991    .data.mag_scale_z   hmc5883l.o
    0x20200024   0x00007434   0x00000004   Data   RW         2589    .data.uxCriticalNesting  freertos_builds_LP_MSPM0G3507_release_keil.lib(port.o)
    0x20200028        -       0x00000060   Zero   RW         3072    .bss                c_p.l(libspace.o)
    0x20200088        -       0x00000004   Zero   RW          285    .bss.expected_packet_length  embedfire_protocol_receive.o
    0x2020008c        -       0x000000bc   Zero   RW          239    .bss.gMotor_PWM1Backup  ti_msp_dl_config.o
    0x20200148        -       0x00000028   Zero   RW          241    .bss.gSPI_0Backup   ti_msp_dl_config.o
    0x20200170        -       0x000000bc   Zero   RW          240    .bss.gTIMER_delayBackup  ti_msp_dl_config.o
    0x2020022c        -       0x00000024   Zero   RW          351    .bss.interrupt_iidx_to_encoder_instance  encoder_app.o
    0x20200250        -       0x00000004   Zero   RW          986    .bss.mag_offset_x   hmc5883l.o
    0x20200254        -       0x00000004   Zero   RW          987    .bss.mag_offset_y   hmc5883l.o
    0x20200258        -       0x00000004   Zero   RW          988    .bss.mag_offset_z   hmc5883l.o
    0x2020025c        -       0x000000f0   Zero   RW         2663    .bss.prvCheckForValidListAndQueue.ucStaticTimerQueueStorage  freertos_builds_LP_MSPM0G3507_release_keil.lib(timers.o)
    0x2020034c        -       0x00000050   Zero   RW         2662    .bss.prvCheckForValidListAndQueue.xStaticTimerQueue  freertos_builds_LP_MSPM0G3507_release_keil.lib(timers.o)
    0x2020039c        -       0x00000004   Zero   RW         2659    .bss.prvSampleTimeNow.xLastTime  freertos_builds_LP_MSPM0G3507_release_keil.lib(timers.o)
    0x202003a0        -       0x00000004   Zero   RW         2529    .bss.pxCurrentTCB   freertos_builds_LP_MSPM0G3507_release_keil.lib(tasks.o)
    0x202003a4        -       0x00000004   Zero   RW         2657    .bss.pxCurrentTimerList  freertos_builds_LP_MSPM0G3507_release_keil.lib(timers.o)
    0x202003a8        -       0x00000004   Zero   RW         2538    .bss.pxDelayedTaskList  freertos_builds_LP_MSPM0G3507_release_keil.lib(tasks.o)
    0x202003ac        -       0x00000004   Zero   RW         2684    .bss.pxEnd          freertos_builds_LP_MSPM0G3507_release_keil.lib(heap_4.o)
    0x202003b0        -       0x00000004   Zero   RW         2539    .bss.pxOverflowDelayedTaskList  freertos_builds_LP_MSPM0G3507_release_keil.lib(tasks.o)
    0x202003b4        -       0x00000004   Zero   RW         2658    .bss.pxOverflowTimerList  freertos_builds_LP_MSPM0G3507_release_keil.lib(timers.o)
    0x202003b8        -       0x000000c8   Zero   RW         2541    .bss.pxReadyTasksLists  freertos_builds_LP_MSPM0G3507_release_keil.lib(tasks.o)
    0x20200480        -       0x00000017   Zero   RW          283    .bss.rx_buffer      embedfire_protocol_receive.o
    0x20200497   0x00007438   0x00000001   PAD
    0x20200498        -       0x00000004   Zero   RW          284    .bss.rx_buffer_index  embedfire_protocol_receive.o
    0x2020049c        -       0x00000018   Zero   RW          281    .bss.rx_callbacks   embedfire_protocol_receive.o
    0x202004b4        -       0x00000001   Zero   RW          282    .bss.rx_state       embedfire_protocol_receive.o
    0x202004b5   0x00007438   0x00000003   PAD
    0x202004b8        -       0x00000004   Zero   RW         1048    .bss.uart_rx_queue  uart_driver.o
    0x202004bc        -       0x00000004   Zero   RW         1047    .bss.uart_rx_task_handle  uart_driver.o
    0x202004c0        -       0x00000004   Zero   RW         1049    .bss.uart_tx_queue  uart_driver.o
    0x202004c4        -       0x00000004   Zero   RW         1046    .bss.uart_tx_task_handle  uart_driver.o
    0x202004c8        -       0x00002000   Zero   RW         2691    .bss.ucHeap         freertos_builds_LP_MSPM0G3507_release_keil.lib(heap_4.o)
    0x202024c8        -       0x00000001   Zero   RW         2592    .bss.ulStoppedTimerCompensation  freertos_builds_LP_MSPM0G3507_release_keil.lib(port.o)
    0x202024c9   0x00007438   0x00000003   PAD
    0x202024cc        -       0x00000001   Zero   RW         2590    .bss.ulTimerCountsForOneTick  freertos_builds_LP_MSPM0G3507_release_keil.lib(port.o)
    0x202024cd   0x00007438   0x00000003   PAD
    0x202024d0        -       0x00000004   Zero   RW         2534    .bss.uxCurrentNumberOfTasks  freertos_builds_LP_MSPM0G3507_release_keil.lib(tasks.o)
    0x202024d4        -       0x00000004   Zero   RW         2533    .bss.uxDeletedTasksWaitingCleanUp  freertos_builds_LP_MSPM0G3507_release_keil.lib(tasks.o)
    0x202024d8        -       0x00000004   Zero   RW         2536    .bss.uxSchedulerSuspended  freertos_builds_LP_MSPM0G3507_release_keil.lib(tasks.o)
    0x202024dc        -       0x00000004   Zero   RW         2531    .bss.uxTaskNumber   freertos_builds_LP_MSPM0G3507_release_keil.lib(tasks.o)
    0x202024e0        -       0x00000004   Zero   RW         2542    .bss.uxTopReadyPriority  freertos_builds_LP_MSPM0G3507_release_keil.lib(tasks.o)
    0x202024e4        -       0x00000200   Zero   RW         2705    .bss.vApplicationGetIdleTaskMemory.uxIdleTaskStack  freertos_builds_LP_MSPM0G3507_release_keil.lib(staticallocs_freertos.o)
    0x202026e4        -       0x00000064   Zero   RW         2704    .bss.vApplicationGetIdleTaskMemory.xIdleTaskTCB  freertos_builds_LP_MSPM0G3507_release_keil.lib(staticallocs_freertos.o)
    0x20202748        -       0x00000200   Zero   RW         2707    .bss.vApplicationGetTimerTaskMemory.uxTimerTaskStack  freertos_builds_LP_MSPM0G3507_release_keil.lib(staticallocs_freertos.o)
    0x20202948        -       0x00000064   Zero   RW         2706    .bss.vApplicationGetTimerTaskMemory.xTimerTaskTCB  freertos_builds_LP_MSPM0G3507_release_keil.lib(staticallocs_freertos.o)
    0x202029ac        -       0x00000014   Zero   RW         2660    .bss.xActiveTimerList1  freertos_builds_LP_MSPM0G3507_release_keil.lib(timers.o)
    0x202029c0        -       0x00000014   Zero   RW         2661    .bss.xActiveTimerList2  freertos_builds_LP_MSPM0G3507_release_keil.lib(timers.o)
    0x202029d4        -       0x00000001   Zero   RW         2685    .bss.xBlockAllocatedBit  freertos_builds_LP_MSPM0G3507_release_keil.lib(heap_4.o)
    0x202029d5   0x00007438   0x00000003   PAD
    0x202029d8        -       0x00000014   Zero   RW         2549    .bss.xDelayedTaskList1  freertos_builds_LP_MSPM0G3507_release_keil.lib(tasks.o)
    0x202029ec        -       0x00000014   Zero   RW         2550    .bss.xDelayedTaskList2  freertos_builds_LP_MSPM0G3507_release_keil.lib(tasks.o)
    0x20202a00        -       0x00000004   Zero   RW         2686    .bss.xFreeBytesRemaining  freertos_builds_LP_MSPM0G3507_release_keil.lib(heap_4.o)
    0x20202a04        -       0x00000004   Zero   RW         2543    .bss.xIdleTaskHandle  freertos_builds_LP_MSPM0G3507_release_keil.lib(tasks.o)
    0x20202a08        -       0x00000001   Zero   RW         2591    .bss.xMaximumPossibleSuppressedTicks  freertos_builds_LP_MSPM0G3507_release_keil.lib(port.o)
    0x20202a09   0x00007438   0x00000003   PAD
    0x20202a0c        -       0x00000004   Zero   RW         2688    .bss.xMinimumEverFreeBytesRemaining  freertos_builds_LP_MSPM0G3507_release_keil.lib(heap_4.o)
    0x20202a10        -       0x00000004   Zero   RW         2544    .bss.xNextTaskUnblockTime  freertos_builds_LP_MSPM0G3507_release_keil.lib(tasks.o)
    0x20202a14        -       0x00000004   Zero   RW         2548    .bss.xNumOfOverflows  freertos_builds_LP_MSPM0G3507_release_keil.lib(tasks.o)
    0x20202a18        -       0x00000004   Zero   RW         2689    .bss.xNumberOfSuccessfulAllocations  freertos_builds_LP_MSPM0G3507_release_keil.lib(heap_4.o)
    0x20202a1c        -       0x00000004   Zero   RW         2690    .bss.xNumberOfSuccessfulFrees  freertos_builds_LP_MSPM0G3507_release_keil.lib(heap_4.o)
    0x20202a20        -       0x00000004   Zero   RW         2547    .bss.xPendedTicks   freertos_builds_LP_MSPM0G3507_release_keil.lib(tasks.o)
    0x20202a24        -       0x00000014   Zero   RW         2545    .bss.xPendingReadyList  freertos_builds_LP_MSPM0G3507_release_keil.lib(tasks.o)
    0x20202a38        -       0x00000004   Zero   RW         2535    .bss.xSchedulerRunning  freertos_builds_LP_MSPM0G3507_release_keil.lib(tasks.o)
    0x20202a3c        -       0x00000008   Zero   RW         2687    .bss.xStart         freertos_builds_LP_MSPM0G3507_release_keil.lib(heap_4.o)
    0x20202a44        -       0x00000014   Zero   RW         2540    .bss.xSuspendedTaskList  freertos_builds_LP_MSPM0G3507_release_keil.lib(tasks.o)
    0x20202a58        -       0x00000014   Zero   RW         2532    .bss.xTasksWaitingTermination  freertos_builds_LP_MSPM0G3507_release_keil.lib(tasks.o)
    0x20202a6c        -       0x00000004   Zero   RW         2537    .bss.xTickCount     freertos_builds_LP_MSPM0G3507_release_keil.lib(tasks.o)
    0x20202a70        -       0x00000004   Zero   RW         2655    .bss.xTimerQueue    freertos_builds_LP_MSPM0G3507_release_keil.lib(timers.o)
    0x20202a74        -       0x00000004   Zero   RW         2656    .bss.xTimerTaskHandle  freertos_builds_LP_MSPM0G3507_release_keil.lib(timers.o)
    0x20202a78        -       0x00000004   Zero   RW         2546    .bss.xYieldPending  freertos_builds_LP_MSPM0G3507_release_keil.lib(tasks.o)
    0x20202a7c   0x00007438   0x00000004   PAD
    0x20202a80        -       0x00002000   Zero   RW          262    HEAP                startup_mspm0g350x_uvision.o
    0x20204a80        -       0x00001000   Zero   RW          261    STACK               startup_mspm0g350x_uvision.o



  Load Region LR_BCR (Base: 0x41c00000, Size: 0x00000000, Max: 0x00000100, ABSOLUTE)

    Execution Region BCR_CONFIG (Exec base: 0x41c00000, Load base: 0x41c00000, Size: 0x00000000, Max: 0x000000ff, ABSOLUTE)

    **** No section assigned to this execution region ****



  Load Region LR_BSL (Base: 0x41c00100, Size: 0x00000000, Max: 0x00000100, ABSOLUTE)

    Execution Region BSL_CONFIG (Exec base: 0x41c00100, Load base: 0x41c00100, Size: 0x00000000, Max: 0x00000080, ABSOLUTE)

    **** No section assigned to this execution region ****


==============================================================================

Image component sizes


      Code (inc. data)   RO Data    RW Data    ZI Data      Debug   Object Name

       126          0          0          0          0       2110   alert.o
        76          4          0          0          0       3965   beep.o
       166          4          0          0          0       1848   delay.o
       956         68          0          0         56       5407   embedfire_protocol_receive.o
        58          0          0          0          0       5190   embedfire_protocol_send.o
       250         56          0          0          0       3825   encoder.o
       396         20          0          0         36       9264   encoder_app.o
       470         44          0         36         12       6054   hmc5883l.o
       156         24         54          0          0       1231   hmc5883l_test.o
       216         28         72          0          0       3746   log.o
       322         20        154          0          0       3146   main.o
       202         24          0          0          0       3881   mspm0g3507_it.o
       200          4          0          0          0       4226   rgb_led.o
        48         22        192          0      12288        716   startup_mspm0g350x_uvision.o
      1672         12          0          0          0       8409   sw_i2c.o
      2658        220        135          0        416      35849   ti_msp_dl_config.o
       570         52         16          0         16       6277   uart_driver.o

    ----------------------------------------------------------------------
      8562        602        660         36      12828     105144   Object Totals
         0          0         32          0          0          0   (incl. Generated)
        20          0          5          0          4          0   (incl. Padding)

    ----------------------------------------------------------------------

      Code (inc. data)   RO Data    RW Data    ZI Data      Debug   Library Member Name

         8          0          0          0          0         68   __main.o
       392          6         17          0          0         76   __printf_flags_ss_wp.o
        14          0          0          0          0         60   __printf_wp.o
         0          0          0          0          0          0   __rtentry.o
        12          0          0          0          0          0   __rtentry2.o
         6          0          0          0          0          0   __rtentry4.o
        86         10          0          0          0          0   __scatter.o
        26          0          0          0          0          0   __scatter_copy.o
        28          0          0          0          0          0   __scatter_zi.o
        66          0          0          0          0         76   _c16rtomb.o
        10          0          0          0          0          0   _printf_a.o
        10          0          0          0          0          0   _printf_c.o
        46          0          0          0          0        100   _printf_char.o
        48          6          0          0          0         88   _printf_char_common.o
        38          0          0          0          0         60   _printf_charcount.o
        10          0          0          0          0          0   _printf_d.o
       108         18          0          0          0         76   _printf_dec.o
        10          0          0          0          0          0   _printf_e.o
        10          0          0          0          0          0   _printf_f.o
      1044         12          0          0          0        116   _printf_fp_dec.o
       728         10         38          0          0         84   _printf_fp_hex.o
       136         16          0          0          0         76   _printf_fp_infnan.o
        10          0          0          0          0          0   _printf_g.o
       152          4         40          0          0        148   _printf_hex_int_ll_ptr.o
        10          0          0          0          0          0   _printf_i.o
       176          0          0          0          0         84   _printf_intcommon.o
        10          0          0          0          0          0   _printf_l.o
        10          0          0          0          0          0   _printf_lc.o
        10          0          0          0          0          0   _printf_ll.o
        10          0          0          0          0          0   _printf_lld.o
        10          0          0          0          0          0   _printf_lli.o
        10          0          0          0          0          0   _printf_llo.o
        10          0          0          0          0          0   _printf_llu.o
        10          0          0          0          0          0   _printf_llx.o
       112         18          0          0          0         76   _printf_longlong_dec.o
        10          0          0          0          0          0   _printf_ls.o
        10          0          0          0          0          0   _printf_n.o
        10          0          0          0          0          0   _printf_o.o
       112         10          0          0          0        112   _printf_oct_int_ll.o
        10          0          0          0          0          0   _printf_p.o
        78          0          0          0          0        100   _printf_pad.o
         2          0          0          0          0          0   _printf_percent.o
         4          0          0          0          0          0   _printf_percent_end.o
        10          0          0          0          0          0   _printf_s.o
        82          0          0          0          0         72   _printf_str.o
        36          0          0          0          0         76   _printf_truncate.o
        10          0          0          0          0          0   _printf_u.o
        46          0          0          0          0        100   _printf_wchar.o
       188          6          8          0          0         80   _printf_wctomb.o
        10          0          0          0          0          0   _printf_x.o
        22          0          0          0          0         92   _rserrno.o
        16          0          0          0          0         60   _snputc.o
        18          0          0          0          0         68   aeabi_memset4.o
      1006          4          0          0          0        184   aeabi_sdivfast.o
       216          6        148          0          0         80   bigflt0.o
      1456         30          0          0          0        336   btod.o
        16          0          0          0          0         68   exit.o
         6          0          0          0          0        136   heapauxi.o
         0          0          0          0          0          0   indicate_semi.o
        44         10        272          0          0         76   lc_ctype_c.o
        44         10         28          0          0         76   lc_numeric_c.o
         2          0          0          0          0          0   libinit.o
        30          0          0          0          0          0   libinit2.o
         2          0          0          0          0          0   libshutdown.o
         2          0          0          0          0          0   libshutdown2.o
         8          4          0          0         96         68   libspace.o
        48          0          0          0          0         72   llmul.o
       122          0          0          0          0         72   lludiv10.o
        16          4          0          0          0         76   rt_ctype_table.o
         8          4          0          0          0         68   rt_errno_addr_intlibspace.o
         8          4          0          0          0         68   rt_locale_intlibspace.o
        64          0          0          0          0        108   rt_memclr.o
       186          0          0          0          0        144   rt_memcpy.o
         2          0          0          0          0          0   rtexit.o
        10          0          0          0          0          0   rtexit2.o
        40          0          0          0          0         60   rtudiv10.o
       176          4          0          0          0         80   strcmpv6m.o
        68          6          0          0          0         72   strlen.o
        12          4          0          0          0         60   sys_exit.o
        62          0          0          0          0         80   sys_stackheap_outer.o
         2          0          0          0          0         68   use_no_semi.o
        60          4          0          0          0         72   vsnprintf.o
        10          0          0          0          0        803   dl_common.o
        68          4          0          0          0       4510   dl_dma.o
        38          0          0          0          0       8620   dl_i2c.o
        86          8          0          0          0      13518   dl_spi.o
       236         24          0          0          0      12877   dl_sysctl_mspm0g1x0x_g3x0x.o
       596        188          0          0          0      41557   dl_timer.o
        90          8          0          0          0      14163   dl_uart.o
       552         48          0          0       8221       5096   heap_4.o
       140          0          0          0          0       2327   list.o
       800         56          0          4          3       4251   port.o
      1678          0          0          0          0      21928   queue.o
        48         16          0          0       1224       2216   staticallocs_freertos.o
      3220        254          4          0        360      41621   tasks.o
       832         70          0          0        380      14187   timers.o
        46          0          0          0          0         60   cmpret.o
       124          4          0          0          0         72   d2f.o
      1096         26        128          0          0        112   ddiv.o
        84          4          0          0          0         60   f2d.o
       372          8          0          0          0        240   faddsub.o
        22          0          0          0          0         68   fcmp.o
       100          4          0          0          0         68   fcmpin.o
       352         10         64          0          0         92   fdiv.o
        94          0          0          0          0         92   fflti.o
        84          4          0          0          0         76   fgef.o
       176          4          0          0          0         80   fmul.o
        16          6          0          0          0         68   fnan2.o
        68          4          0          0          0         68   fscalbn.o
        16          4          0          0          0         76   printf1.o
        16          4          0          0          0         76   printf2.o
        94          0          0          0          0         68   retnan.o
         0          0          0          0          0          0   usenofp.o
       668         76          0          0          0        120   atan2f.o
        44          4          0          0          0         60   fpclassify.o
        34          0          0          0          0         60   fpclassifyf.o
        22          0          0          0          0        136   funder.o

    ----------------------------------------------------------------------
     19734       1056        752          4      10300     193498   Library Totals
        46          8          5          0         16          0   (incl. Padding)

    ----------------------------------------------------------------------

      Code (inc. data)   RO Data    RW Data    ZI Data      Debug   Library Name

      7766        210        551          0         96       4072   c_p.l
      1124        232          0          0          0      96048   driverlib.a
      7270        444          4          4      10188      91626   freertos_builds_LP_MSPM0G3507_release_keil.lib
      2760         82        192          0          0       1376   fz_ps.l
       768         80          0          0          0        376   m_ps.l

    ----------------------------------------------------------------------
     19734       1056        752          4      10300     193498   Library Totals

    ----------------------------------------------------------------------

==============================================================================


      Code (inc. data)   RO Data    RW Data    ZI Data      Debug   

     28296       1658       1412         40      23128     295094   Grand Totals
     28296       1658       1412         40      23128     295094   ELF Image Totals
     28296       1658       1412         40          0          0   ROM Totals

==============================================================================

    Total RO  Size (Code + RO Data)                29708 (  29.01kB)
    Total RW  Size (RW Data + ZI Data)             23168 (  22.62kB)
    Total ROM Size (Code + RO Data + RW Data)      29748 (  29.05kB)

==============================================================================

