Component: Arm Compiler for Embedded 6.23 Tool: armlink [5f102400]

==============================================================================

Section Cross References

    ti_msp_dl_config.o(.text.SYSCFG_DL_init) refers to ti_msp_dl_config.o(.text.SYSCFG_DL_initPower) for SYSCFG_DL_initPower
    ti_msp_dl_config.o(.text.SYSCFG_DL_init) refers to ti_msp_dl_config.o(.text.SYSCFG_DL_GPIO_init) for SYSCFG_DL_GPIO_init
    ti_msp_dl_config.o(.text.SYSCFG_DL_init) refers to ti_msp_dl_config.o(.text.SYSCFG_DL_SYSCTL_init) for SYSCFG_DL_SYSCTL_init
    ti_msp_dl_config.o(.text.SYSCFG_DL_init) refers to ti_msp_dl_config.o(.text.SYSCFG_DL_Motor_PWM1_init) for SYSCFG_DL_Motor_PWM1_init
    ti_msp_dl_config.o(.text.SYSCFG_DL_init) refers to ti_msp_dl_config.o(.text.SYSCFG_DL_Motor_PWM2_init) for SYSCFG_DL_Motor_PWM2_init
    ti_msp_dl_config.o(.text.SYSCFG_DL_init) refers to ti_msp_dl_config.o(.text.SYSCFG_DL_TIMER_delay_init) for SYSCFG_DL_TIMER_delay_init
    ti_msp_dl_config.o(.text.SYSCFG_DL_init) refers to ti_msp_dl_config.o(.text.SYSCFG_DL_I2C_0_init) for SYSCFG_DL_I2C_0_init
    ti_msp_dl_config.o(.text.SYSCFG_DL_init) refers to ti_msp_dl_config.o(.text.SYSCFG_DL_UART_DEBUG_init) for SYSCFG_DL_UART_DEBUG_init
    ti_msp_dl_config.o(.text.SYSCFG_DL_init) refers to ti_msp_dl_config.o(.text.SYSCFG_DL_SPI_0_init) for SYSCFG_DL_SPI_0_init
    ti_msp_dl_config.o(.text.SYSCFG_DL_init) refers to ti_msp_dl_config.o(.bss.gTIMER_delayBackup) for gTIMER_delayBackup
    ti_msp_dl_config.o(.text.SYSCFG_DL_init) refers to ti_msp_dl_config.o(.bss.gMotor_PWM1Backup) for gMotor_PWM1Backup
    ti_msp_dl_config.o(.text.SYSCFG_DL_init) refers to ti_msp_dl_config.o(.bss.gSPI_0Backup) for gSPI_0Backup
    ti_msp_dl_config.o(.ARM.exidx.text.SYSCFG_DL_init) refers to ti_msp_dl_config.o(.text.SYSCFG_DL_init) for [Anonymous Symbol]
    ti_msp_dl_config.o(.text.SYSCFG_DL_initPower) refers to dl_common.o(.text.DL_Common_delayCycles) for DL_Common_delayCycles
    ti_msp_dl_config.o(.ARM.exidx.text.SYSCFG_DL_initPower) refers to ti_msp_dl_config.o(.text.SYSCFG_DL_initPower) for [Anonymous Symbol]
    ti_msp_dl_config.o(.ARM.exidx.text.SYSCFG_DL_GPIO_init) refers to ti_msp_dl_config.o(.text.SYSCFG_DL_GPIO_init) for [Anonymous Symbol]
    ti_msp_dl_config.o(.ARM.exidx.text.SYSCFG_DL_SYSCTL_init) refers to ti_msp_dl_config.o(.text.SYSCFG_DL_SYSCTL_init) for [Anonymous Symbol]
    ti_msp_dl_config.o(.text.SYSCFG_DL_Motor_PWM1_init) refers to dl_timer.o(.text.DL_Timer_setClockConfig) for DL_Timer_setClockConfig
    ti_msp_dl_config.o(.text.SYSCFG_DL_Motor_PWM1_init) refers to dl_timer.o(.text.DL_Timer_initFourCCPWMMode) for DL_Timer_initFourCCPWMMode
    ti_msp_dl_config.o(.text.SYSCFG_DL_Motor_PWM1_init) refers to dl_timer.o(.text.DL_Timer_setCaptureCompareOutCtl) for DL_Timer_setCaptureCompareOutCtl
    ti_msp_dl_config.o(.text.SYSCFG_DL_Motor_PWM1_init) refers to dl_timer.o(.text.DL_Timer_setCaptCompUpdateMethod) for DL_Timer_setCaptCompUpdateMethod
    ti_msp_dl_config.o(.text.SYSCFG_DL_Motor_PWM1_init) refers to dl_timer.o(.text.DL_Timer_setCaptureCompareValue) for DL_Timer_setCaptureCompareValue
    ti_msp_dl_config.o(.text.SYSCFG_DL_Motor_PWM1_init) refers to ti_msp_dl_config.o(.rodata.gMotor_PWM1ClockConfig) for [Anonymous Symbol]
    ti_msp_dl_config.o(.text.SYSCFG_DL_Motor_PWM1_init) refers to ti_msp_dl_config.o(.rodata.gMotor_PWM1Config) for [Anonymous Symbol]
    ti_msp_dl_config.o(.ARM.exidx.text.SYSCFG_DL_Motor_PWM1_init) refers to ti_msp_dl_config.o(.text.SYSCFG_DL_Motor_PWM1_init) for [Anonymous Symbol]
    ti_msp_dl_config.o(.text.SYSCFG_DL_Motor_PWM2_init) refers to dl_timer.o(.text.DL_Timer_setClockConfig) for DL_Timer_setClockConfig
    ti_msp_dl_config.o(.text.SYSCFG_DL_Motor_PWM2_init) refers to dl_timer.o(.text.DL_Timer_initFourCCPWMMode) for DL_Timer_initFourCCPWMMode
    ti_msp_dl_config.o(.text.SYSCFG_DL_Motor_PWM2_init) refers to dl_timer.o(.text.DL_Timer_setCaptureCompareOutCtl) for DL_Timer_setCaptureCompareOutCtl
    ti_msp_dl_config.o(.text.SYSCFG_DL_Motor_PWM2_init) refers to dl_timer.o(.text.DL_Timer_setCaptCompUpdateMethod) for DL_Timer_setCaptCompUpdateMethod
    ti_msp_dl_config.o(.text.SYSCFG_DL_Motor_PWM2_init) refers to dl_timer.o(.text.DL_Timer_setCaptureCompareValue) for DL_Timer_setCaptureCompareValue
    ti_msp_dl_config.o(.text.SYSCFG_DL_Motor_PWM2_init) refers to ti_msp_dl_config.o(.rodata.gMotor_PWM2ClockConfig) for [Anonymous Symbol]
    ti_msp_dl_config.o(.text.SYSCFG_DL_Motor_PWM2_init) refers to ti_msp_dl_config.o(.rodata.gMotor_PWM2Config) for [Anonymous Symbol]
    ti_msp_dl_config.o(.ARM.exidx.text.SYSCFG_DL_Motor_PWM2_init) refers to ti_msp_dl_config.o(.text.SYSCFG_DL_Motor_PWM2_init) for [Anonymous Symbol]
    ti_msp_dl_config.o(.text.SYSCFG_DL_TIMER_delay_init) refers to dl_timer.o(.text.DL_Timer_setClockConfig) for DL_Timer_setClockConfig
    ti_msp_dl_config.o(.text.SYSCFG_DL_TIMER_delay_init) refers to dl_timer.o(.text.DL_Timer_initTimerMode) for DL_Timer_initTimerMode
[...]
    __aeabi_i2f_normalise                    0x00000af5   Thumb Code    72  fflti.o(.text)
    __aeabi_i2f                              0x00000b3d   Thumb Code    16  fflti.o(.text)
    _fflt                                    0x00000b3d   Thumb Code     0  fflti.o(.text)
    __aeabi_ui2f                             0x00000b4d   Thumb Code     6  fflti.o(.text)
    _ffltu                                   0x00000b4d   Thumb Code     0  fflti.o(.text)
    __read_errno                             0x00000b53   Thumb Code    10  _rserrno.o(.text)
    __set_errno                              0x00000b5d   Thumb Code    12  _rserrno.o(.text)
    _printf_pre_padding                      0x00000b69   Thumb Code    44  _printf_pad.o(.text)
    _printf_post_padding                     0x00000b95   Thumb Code    34  _printf_pad.o(.text)
    _printf_truncate_signed                  0x00000bb7   Thumb Code    18  _printf_truncate.o(.text)
    _printf_truncate_unsigned                0x00000bc9   Thumb Code    18  _printf_truncate.o(.text)
    _printf_str                              0x00000bdb   Thumb Code    82  _printf_str.o(.text)
    _printf_int_dec                          0x00000c2d   Thumb Code    90  _printf_dec.o(.text)
    _printf_charcount                        0x00000c99   Thumb Code    38  _printf_charcount.o(.text)
    _printf_char_common                      0x00000ccb   Thumb Code    32  _printf_char_common.o(.text)
    _snputc                                  0x00000cf1   Thumb Code    16  _snputc.o(.text)
    _printf_wctomb                           0x00000d01   Thumb Code   182  _printf_wctomb.o(.text)
    _printf_longlong_dec                     0x00000dbd   Thumb Code    94  _printf_longlong_dec.o(.text)
    _printf_longlong_oct                     0x00000e2d   Thumb Code    68  _printf_oct_int_ll.o(.text)
    _printf_int_oct                          0x00000e71   Thumb Code    24  _printf_oct_int_ll.o(.text)
    _printf_ll_oct                           0x00000e89   Thumb Code    10  _printf_oct_int_ll.o(.text)
    _printf_longlong_hex                     0x00000e9d   Thumb Code    88  _printf_hex_int_ll_ptr.o(.text)
    _printf_int_hex                          0x00000ef5   Thumb Code    28  _printf_hex_int_ll_ptr.o(.text)
    _printf_ll_hex                           0x00000f11   Thumb Code    10  _printf_hex_int_ll_ptr.o(.text)
    _printf_hex_ptr                          0x00000f1b   Thumb Code    22  _printf_hex_int_ll_ptr.o(.text)
    __printf                                 0x00000f35   Thumb Code   386  __printf_flags_ss_wp.o(.text)
    _memset_w                                0x000010bd   Thumb Code    26  rt_memclr.o(.text)
    _memset                                  0x000010d7   Thumb Code    30  rt_memclr.o(.text)
    __aeabi_memclr                           0x000010f5   Thumb Code     4  rt_memclr.o(.text)
    __rt_memclr                              0x000010f5   Thumb Code     0  rt_memclr.o(.text)
    __aeabi_memclr4                          0x000010f9   Thumb Code     0  rt_memclr.o(.text)
    __aeabi_memclr8                          0x000010f9   Thumb Code     0  rt_memclr.o(.text)
    __rt_memclr_w                            0x000010f9   Thumb Code     4  rt_memclr.o(.text)
    _frnd                                    0x000010fd   Thumb Code   122  frnd.o(.text)
    __ARM_scalbnf                            0x0000117d   Thumb Code    64  fscalbn.o(.text)
    _fsqrt                                   0x000011c1   Thumb Code   140  fsqrt.o(.text)
    __aeabi_errno_addr                       0x00001251   Thumb Code     8  rt_errno_addr_intlibspace.o(.text)
    __errno$intlibspace                      0x00001251   Thumb Code     0  rt_errno_addr_intlibspace.o(.text)
    __rt_errno_addr$intlibspace              0x00001251   Thumb Code     0  rt_errno_addr_intlibspace.o(.text)
    _ll_udiv10                               0x00001259   Thumb Code   122  lludiv10.o(.text)
    _printf_int_common                       0x000012d3   Thumb Code   176  _printf_intcommon.o(.text)
    _printf_fp_dec_real                      0x00001521   Thumb Code   620  _printf_fp_dec.o(.text)
    _printf_fp_hex_real                      0x00001799   Thumb Code   718  _printf_fp_hex.o(.text)
    _printf_cs_common                        0x00001a71   Thumb Code    22  _printf_char.o(.text)
    _printf_char                             0x00001a87   Thumb Code    16  _printf_char.o(.text)
    _printf_string                           0x00001a97   Thumb Code     8  _printf_char.o(.text)
    _printf_lcs_common                       0x00001a9f   Thumb Code    22  _printf_wchar.o(.text)
    _printf_wchar                            0x00001ab5   Thumb Code    16  _printf_wchar.o(.text)
    _printf_wstring                          0x00001ac5   Thumb Code     8  _printf_wchar.o(.text)
    _c16rtomb                                0x00001acd   Thumb Code    66  _c16rtomb.o(.text)
    _wcrtomb                                 0x00001acd   Thumb Code     0  _c16rtomb.o(.text)
    __rt_udiv10                              0x00001b0f   Thumb Code    40  rtudiv10.o(.text)
    __fpl_fcmp_InfNaN                        0x00001b39   Thumb Code    96  fcmpin.o(.text)
    __user_libspace                          0x00001b9d   Thumb Code     8  libspace.o(.text)
    __user_perproc_libspace                  0x00001b9d   Thumb Code     0  libspace.o(.text)
    __user_perthread_libspace                0x00001b9d   Thumb Code     0  libspace.o(.text)
    __user_setup_stackheap                   0x00001ba5   Thumb Code    62  sys_stackheap_outer.o(.text)
    __rt_ctype_table                         0x00001be5   Thumb Code    16  rt_ctype_table.o(.text)
    __rt_locale                              0x00001bf5   Thumb Code     8  rt_locale_intlibspace.o(.text)
    _printf_fp_infnan                        0x00001bfd   Thumb Code   120  _printf_fp_infnan.o(.text)
    _btod_etento                             0x00001c85   Thumb Code   210  bigflt0.o(.text)
    _btod_d2e                                0x00001d5d   Thumb Code    64  btod.o(.text)
    _btod_emul                               0x00002191   Thumb Code    28  btod.o(.text)
    _btod_emuld                              0x000021ad   Thumb Code   144  btod.o(.text)
    _btod_ediv                               0x0000223d   Thumb Code    26  btod.o(.text)
    _btod_edivd                              0x00002257   Thumb Code   124  btod.o(.text)
    exit                                     0x000022dd   Thumb Code    16  exit.o(.text)
    __fpl_cmpreturn                          0x000022ed   Thumb Code    46  cmpret.o(.text)
    __fpl_fcheck_NaN2                        0x0000231d   Thumb Code    10  fnan2.o(.text)
    strcmp                                   0x0000232d   Thumb Code   176  strcmpv6m.o(.text)
    __fpl_return_NaN                         0x000023dd   Thumb Code    94  retnan.o(.text)
    _sys_exit                                0x0000243d   Thumb Code     8  sys_exit.o(.text)
    __I$use$semihosting                      0x00002449   Thumb Code     0  use_no_semi.o(.text)
    __use_no_semihosting_swi                 0x00002449   Thumb Code     2  use_no_semi.o(.text)
    DL_Common_delayCycles                    0x0000244b   Thumb Code    10  dl_common.o(.text.DL_Common_delayCycles)
    __semihosting_library_function           0x0000244b   Thumb Code     0  indicate_semi.o(.text)
    DL_I2C_fillControllerTXFIFO              0x00002455   Thumb Code    44  dl_i2c.o(.text.DL_I2C_fillControllerTXFIFO)
    DL_I2C_flushControllerTXFIFO             0x00002481   Thumb Code    40  dl_i2c.o(.text.DL_I2C_flushControllerTXFIFO)
    DL_I2C_setClockConfig                    0x000024a9   Thumb Code    38  dl_i2c.o(.text.DL_I2C_setClockConfig)
    DL_SPI_init                              0x000024d1   Thumb Code    68  dl_spi.o(.text.DL_SPI_init)
    DL_SPI_setClockConfig                    0x00002515   Thumb Code    18  dl_spi.o(.text.DL_SPI_setClockConfig)
    DL_Timer_initFourCCPWMMode               0x00002529   Thumb Code   264  dl_timer.o(.text.DL_Timer_initFourCCPWMMode)
    DL_Timer_initTimerMode                   0x00002631   Thumb Code   240  dl_timer.o(.text.DL_Timer_initTimerMode)
    DL_Timer_setCaptCompUpdateMethod         0x00002721   Thumb Code    28  dl_timer.o(.text.DL_Timer_setCaptCompUpdateMethod)
    DL_Timer_setCaptureCompareOutCtl         0x0000273d   Thumb Code    24  dl_timer.o(.text.DL_Timer_setCaptureCompareOutCtl)
    DL_Timer_setCaptureCompareValue          0x00002755   Thumb Code    16  dl_timer.o(.text.DL_Timer_setCaptureCompareValue)
    DL_Timer_setClockConfig                  0x00002765   Thumb Code    28  dl_timer.o(.text.DL_Timer_setClockConfig)
    DL_UART_init                             0x00002781   Thumb Code    72  dl_uart.o(.text.DL_UART_init)
    DL_UART_setClockConfig                   0x000027c9   Thumb Code    18  dl_uart.o(.text.DL_UART_setClockConfig)
    DL_UART_transmitDataBlocking             0x000027dd   Thumb Code    20  dl_uart.o(.text.DL_UART_transmitDataBlocking)
    DisplayTask                              0x000027f1   Thumb Code   236  motor_controller.o(.text.DisplayTask)
    Encoder_init                             0x00002925   Thumb Code    88  encoder.o(.text.Encoder_init)
    FusionAhrsGetQuaternion                  0x0000299d   Thumb Code    16  fusionahrs.o(.text.FusionAhrsGetQuaternion)
    FusionAhrsInitialise                     0x000029ad   Thumb Code    72  fusionahrs.o(.text.FusionAhrsInitialise)
    FusionAhrsSetHeading                     0x00002a05   Thumb Code   252  fusionahrs.o(.text.FusionAhrsSetHeading)
    FusionAhrsSetSettings                    0x00002b05   Thumb Code   152  fusionahrs.o(.text.FusionAhrsSetSettings)
    FusionAhrsUpdate                         0x00002bad   Thumb Code  1796  fusionahrs.o(.text.FusionAhrsUpdate)
    FusionAhrsUpdateNoMagnetometer           0x000032c1   Thumb Code   282  fusionahrs.o(.text.FusionAhrsUpdateNoMagnetometer)
    FusionCompassCalculateHeading            0x000033dd   Thumb Code   396  fusioncompass.o(.text.FusionCompassCalculateHeading)
    GROUP1_IRQHandler                        0x00003579   Thumb Code   216  encoder.o(.text.GROUP1_IRQHandler)
    Gray_Detection_Init                      0x00003671   Thumb Code    12  gray_detection.o(.text.Gray_Detection_Init)
    I2C_ReadReg                              0x00003681   Thumb Code   228  hardware_i2c.o(.text.I2C_ReadReg)
    ICM206xx_Init                            0x00003779   Thumb Code   476  icm20608.o(.text.ICM206xx_Init)
    ICM206xx_Read_Data                       0x00003979   Thumb Code   376  icm20608.o(.text.ICM206xx_Read_Data)
    LOG_E                                    0x00003b0d   Thumb Code    56  log.o(.text.LOG_E)
    LOG_I                                    0x00003b55   Thumb Code    56  log.o(.text.LOG_I)
    Motor_Init                               0x00003b99   Thumb Code    52  motor.o(.text.Motor_Init)
    OLED_Init                                0x00003bd5   Thumb Code    96  oled.o(.text.OLED_Init)
    PendSV_Handler                           0x00003c51   Thumb Code    68  port.o(.text.PendSV_Handler)
    QuaternionToEulerAngles                  0x00003c95   Thumb Code   340  motor_controller.o(.text.QuaternionToEulerAngles)
    ReadFlashParameterOne                    0x00003df5   Thumb Code    16  eeprom.o(.text.ReadFlashParameterOne)
    SPI_LCD_WrCmd                            0x00003e05   Thumb Code    40  spi.o(.text.SPI_LCD_WrCmd)
    SPI_LCD_WrDat                            0x00003e2d   Thumb Code    36  spi.o(.text.SPI_LCD_WrDat)
    SVC_Handler                              0x00003e59   Thumb Code     2  port.o(.text.SVC_Handler)
    SYSCFG_DL_GPIO_init                      0x00003e5d   Thumb Code   176  ti_msp_dl_config.o(.text.SYSCFG_DL_GPIO_init)
    SYSCFG_DL_I2C_0_init                     0x00003f3d   Thumb Code    72  ti_msp_dl_config.o(.text.SYSCFG_DL_I2C_0_init)
    SYSCFG_DL_Motor_PWM1_init                0x00003f91   Thumb Code   116  ti_msp_dl_config.o(.text.SYSCFG_DL_Motor_PWM1_init)
    SYSCFG_DL_Motor_PWM2_init                0x00004019   Thumb Code   116  ti_msp_dl_config.o(.text.SYSCFG_DL_Motor_PWM2_init)
    SYSCFG_DL_SPI_0_init                     0x000040a5   Thumb Code    56  ti_msp_dl_config.o(.text.SYSCFG_DL_SPI_0_init)
    SYSCFG_DL_SYSCTL_init                    0x000040f1   Thumb Code    20  ti_msp_dl_config.o(.text.SYSCFG_DL_SYSCTL_init)
    SYSCFG_DL_TIMER_delay_init               0x0000410d   Thumb Code    36  ti_msp_dl_config.o(.text.SYSCFG_DL_TIMER_delay_init)
    SYSCFG_DL_UART_DEBUG_init                0x00004145   Thumb Code    76  ti_msp_dl_config.o(.text.SYSCFG_DL_UART_DEBUG_init)
    SYSCFG_DL_init                           0x000041a5   Thumb Code    60  ti_msp_dl_config.o(.text.SYSCFG_DL_init)
    SYSCFG_DL_initPower                      0x000041ed   Thumb Code    72  ti_msp_dl_config.o(.text.SYSCFG_DL_initPower)
    SoftwareI2C_Init                         0x0000425d   Thumb Code    36  software_i2c.o(.text.SoftwareI2C_Init)
    SpeedTimerCallback                       0x00004289   Thumb Code   192  encoder.o(.text.SpeedTimerCallback)
    SysTick_Handler                          0x0000436d   Thumb Code    32  port.o(.text.SysTick_Handler)
    W25Q64_erase_sector                      0x00004391   Thumb Code   372  w25qxx.o(.text.W25Q64_erase_sector)
    W25Q64_read                              0x00004505   Thumb Code   216  w25qxx.o(.text.W25Q64_read)
    W25Q64_write_page                        0x000045dd   Thumb Code   340  w25qxx.o(.text.W25Q64_write_page)
    W25QXX_Read_f                            0x0000473d   Thumb Code    46  w25qxx.o(.text.W25QXX_Read_f)
    W25QXX_Write                             0x0000476d   Thumb Code   324  w25qxx.o(.text.W25QXX_Write)
    W25QXX_Write_f                           0x000048b9   Thumb Code    46  w25qxx.o(.text.W25QXX_Write_f)
    WriteFlashParameter_Three                0x000048e9   Thumb Code    32  eeprom.o(.text.WriteFlashParameter_Three)
    delay_ms                                 0x0000490d   Thumb Code    74  delay.o(.text.delay_ms)
    eTaskConfirmSleepModeStatus              0x00004959   Thumb Code    52  tasks.o(.text.eTaskConfirmSleepModeStatus)
    i2creadnbyte                             0x000049a1   Thumb Code     8  hardware_i2c.o(.text.i2creadnbyte)
    imu_calibration                          0x000049a9   Thumb Code   488  icm20608.o(.text.imu_calibration)
    imu_calibration_params_init              0x00004bc1   Thumb Code   224  icm20608.o(.text.imu_calibration_params_init)
    main                                     0x00004cad   Thumb Code    48  main.o(.text.main)
    pvPortMalloc                             0x000053b1   Thumb Code   340  heap_4.o(.text.pvPortMalloc)
    pvTaskIncrementMutexHeldCount            0x00005521   Thumb Code    20  tasks.o(.text.pvTaskIncrementMutexHeldCount)
    pxPortInitialiseStack                    0x00005539   Thumb Code    32  port.o(.text.pxPortInitialiseStack)
    safe_sqrt                                0x0000555d   Thumb Code    20  wp_math.o(.text.safe_sqrt)
    single_readi2c                           0x00005575   Thumb Code    24  hardware_i2c.o(.text.single_readi2c)
    single_writei2c                          0x0000558d   Thumb Code   160  hardware_i2c.o(.text.single_writei2c)
    ulSetInterruptMaskFromISR                0x00005641   Thumb Code     8  port.o(.text.ulSetInterruptMaskFromISR)
    usart_printf                             0x00005649   Thumb Code    70  uart.o(.text.usart_printf)
    uxListRemove                             0x0000568f   Thumb Code    32  list.o(.text.uxListRemove)
    vApplicationGetIdleTaskMemory            0x000056b1   Thumb Code    16  staticallocs_freertos.o(.text.vApplicationGetIdleTaskMemory)
    vApplicationGetTimerTaskMemory           0x000056c9   Thumb Code    16  staticallocs_freertos.o(.text.vApplicationGetTimerTaskMemory)
    vApplicationStackOverflowHook            0x000056e1   Thumb Code     2  apphooks_freertos.o(.text.vApplicationStackOverflowHook)
    vClearInterruptMaskFromISR               0x000056e3   Thumb Code     6  port.o(.text.vClearInterruptMaskFromISR)
    vListInitialise                          0x000056e9   Thumb Code    20  list.o(.text.vListInitialise)
    vListInitialiseItem                      0x000056fd   Thumb Code     6  list.o(.text.vListInitialiseItem)
    vListInsert                              0x00005703   Thumb Code    60  list.o(.text.vListInsert)
    vListInsertEnd                           0x0000573f   Thumb Code    22  list.o(.text.vListInsertEnd)
    vPortEnterCritical                       0x00005755   Thumb Code    20  port.o(.text.vPortEnterCritical)
    vPortExitCritical                        0x00005769   Thumb Code    24  port.o(.text.vPortExitCritical)
    vPortFree                                0x00005785   Thumb Code   148  heap_4.o(.text.vPortFree)
    vPortSetupTimerInterrupt                 0x0000582d   Thumb Code    32  port.o(.text.vPortSetupTimerInterrupt)
    vPortSuppressTicksAndSleep               0x00005885   Thumb Code   332  port.o(.text.vPortSuppressTicksAndSleep)
    vPortYield                               0x000059e1   Thumb Code    20  port.o(.text.vPortYield)
    vQueueWaitForMessageRestricted           0x000059f9   Thumb Code    68  queue.o(.text.vQueueWaitForMessageRestricted)
    vTaskDelay                               0x00005a3d   Thumb Code   104  tasks.o(.text.vTaskDelay)
    vTaskDelete                              0x00005aa5   Thumb Code   176  tasks.o(.text.vTaskDelete)
    vTaskInternalSetTimeOutState             0x00005b65   Thumb Code    16  tasks.o(.text.vTaskInternalSetTimeOutState)
    vTaskMissedYield                         0x00005b79   Thumb Code     8  tasks.o(.text.vTaskMissedYield)
    vTaskPlaceOnEventList                    0x00005b81   Thumb Code    96  tasks.o(.text.vTaskPlaceOnEventList)
    vTaskPlaceOnEventListRestricted          0x00005be1   Thumb Code   120  tasks.o(.text.vTaskPlaceOnEventListRestricted)
    vTaskPriorityDisinheritAfterTimeout      0x00005c65   Thumb Code   116  tasks.o(.text.vTaskPriorityDisinheritAfterTimeout)
    vTaskStartScheduler                      0x00005cdd   Thumb Code   148  tasks.o(.text.vTaskStartScheduler)
    vTaskStepTick                            0x00005d89   Thumb Code    28  tasks.o(.text.vTaskStepTick)
    vTaskSuspendAll                          0x00005dad   Thumb Code    12  tasks.o(.text.vTaskSuspendAll)
    vTaskSwitchContext                       0x00005dbd   Thumb Code   204  tasks.o(.text.vTaskSwitchContext)
    xPortStartScheduler                      0x00005ea1   Thumb Code    84  port.o(.text.xPortStartScheduler)
    xQueueCreateMutex                        0x00005efd   Thumb Code    40  queue.o(.text.xQueueCreateMutex)
    xQueueGenericCreate                      0x00005f25   Thumb Code   156  queue.o(.text.xQueueGenericCreate)
    xQueueGenericCreateStatic                0x00005fc1   Thumb Code   150  queue.o(.text.xQueueGenericCreateStatic)
    xQueueGenericSend                        0x00006057   Thumb Code   532  queue.o(.text.xQueueGenericSend)
    xQueueGenericSendFromISR                 0x0000626b   Thumb Code   268  queue.o(.text.xQueueGenericSendFromISR)
    xQueueGiveFromISR                        0x00006377   Thumb Code   132  queue.o(.text.xQueueGiveFromISR)
    xQueueReceive                            0x000063fb   Thumb Code   378  queue.o(.text.xQueueReceive)
    xQueueReceiveFromISR                     0x00006575   Thumb Code   156  queue.o(.text.xQueueReceiveFromISR)
    xQueueSemaphoreTake                      0x00006611   Thumb Code   474  queue.o(.text.xQueueSemaphoreTake)
    xTaskCheckForTimeOut                     0x000067ed   Thumb Code    96  tasks.o(.text.xTaskCheckForTimeOut)
    xTaskCreate                              0x0000684d   Thumb Code    88  tasks.o(.text.xTaskCreate)
    xTaskCreateStatic                        0x000068a5   Thumb Code    78  tasks.o(.text.xTaskCreateStatic)
    xTaskGetSchedulerState                   0x000068f5   Thumb Code    24  tasks.o(.text.xTaskGetSchedulerState)
    xTaskGetTickCount                        0x00006911   Thumb Code     8  tasks.o(.text.xTaskGetTickCount)
    xTaskIncrementTick                       0x00006919   Thumb Code   248  tasks.o(.text.xTaskIncrementTick)
    xTaskPriorityDisinherit                  0x00006a1d   Thumb Code    96  tasks.o(.text.xTaskPriorityDisinherit)
    xTaskPriorityInherit                     0x00006a7d   Thumb Code   120  tasks.o(.text.xTaskPriorityInherit)
    xTaskRemoveFromEventList                 0x00006af5   Thumb Code   128  tasks.o(.text.xTaskRemoveFromEventList)
    xTaskResumeAll                           0x00006b75   Thumb Code   216  tasks.o(.text.xTaskResumeAll)
    xTimerCreate                             0x00006c75   Thumb Code    54  timers.o(.text.xTimerCreate)
    xTimerCreateTimerTask                    0x00006cad   Thumb Code   128  timers.o(.text.xTimerCreateTimerTask)
    xTimerGenericCommand                     0x00006d59   Thumb Code    88  timers.o(.text.xTimerGenericCommand)
    __aeabi_uidiv                            0x00006db5   Thumb Code    68  aeabi_sdivfast.o(.text_divfast)
    __aeabi_idiv                             0x00006df9   Thumb Code   434  aeabi_sdivfast.o(.text_divfast)
    __ARM_common_ll_muluu                    0x00006fab   Thumb Code    48  btod.o(i.__ARM_common_ll_muluu)
    __ARM_fpclassify                         0x00006fdd   Thumb Code    40  fpclassify.o(i.__ARM_fpclassify)
    __ARM_fpclassifyf                        0x00007009   Thumb Code    34  fpclassifyf.o(i.__ARM_fpclassifyf)
    __mathlib_flt_infnan                     0x0000702b   Thumb Code    10  funder.o(i.__mathlib_flt_infnan)
    __mathlib_flt_infnan2                    0x00007035   Thumb Code     8  funder.o(i.__mathlib_flt_infnan2)
    __mathlib_flt_invalid                    0x0000703d   Thumb Code    12  funder.o(i.__mathlib_flt_invalid)
    __mathlib_flt_underflow                  0x00007049   Thumb Code    14  funder.o(i.__mathlib_flt_underflow)
    __mathlib_rredf2                         0x00007059   Thumb Code   366  rredf.o(i.__mathlib_rredf2)
    __aeabi_fcmpeq                           0x000071d9   Thumb Code     0  fcmp.o(i._feq)
    _feq                                     0x000071d9   Thumb Code    22  fcmp.o(i._feq)
    __aeabi_fcmpge                           0x000071ef   Thumb Code     0  fcmp.o(i._fgeq)
    _fgeq                                    0x000071ef   Thumb Code    22  fcmp.o(i._fgeq)
    __aeabi_fcmpgt                           0x00007205   Thumb Code     0  fcmp.o(i._fgr)
    _fgr                                     0x00007205   Thumb Code    22  fcmp.o(i._fgr)
    __aeabi_fcmplt                           0x0000721b   Thumb Code     0  fcmp.o(i._fls)
    _fls                                     0x0000721b   Thumb Code    22  fcmp.o(i._fls)
    _is_digit                                0x00007231   Thumb Code    14  __printf_wp.o(i._is_digit)
    asinf                                    0x00007241   Thumb Code   242  asinf.o(i.asinf)
    atan2f                                   0x00007359   Thumb Code   592  atan2f.o(i.atan2f)
    cosf                                     0x000075f5   Thumb Code   318  cosf.o(i.cosf)
    sinf                                     0x0000776d   Thumb Code   330  sinf.o(i.sinf)
    sqrtf                                    0x000078f1   Thumb Code    44  sqrtf.o(i.sqrtf)
    _get_lc_numeric                          0x0000791d   Thumb Code    44  lc_numeric_c.o(locale$$code)
    _get_lc_ctype                            0x00007949   Thumb Code    44  lc_ctype_c.o(locale$$code)
    __aeabi_fadd                             0x00007975   Thumb Code     0  faddsub.o(x$fpl$fadd)
    _fadd                                    0x00007975   Thumb Code   134  faddsub.o(x$fpl$fadd)
    __aeabi_cfcmpeq                          0x00007a01   Thumb Code     0  feqf.o(x$fpl$feqf)
    _fcmpeq                                  0x00007a01   Thumb Code    78  feqf.o(x$fpl$feqf)
    _fcmpge                                  0x00007a55   Thumb Code    78  fgef.o(x$fpl$fgeqf)
    __aeabi_cfcmple                          0x00007aa9   Thumb Code     0  flef.o(x$fpl$fleqf)
    _fcmple                                  0x00007aa9   Thumb Code    78  flef.o(x$fpl$fleqf)
    __aeabi_fmul                             0x00007afd   Thumb Code     0  fmul.o(x$fpl$fmul)
    _fmul                                    0x00007afd   Thumb Code   172  fmul.o(x$fpl$fmul)
    __aeabi_frsub                            0x00007bad   Thumb Code     0  faddsub.o(x$fpl$frsb)
    _frsb                                    0x00007bad   Thumb Code    24  faddsub.o(x$fpl$frsb)
    __aeabi_fsub                             0x00007bc5   Thumb Code     0  faddsub.o(x$fpl$fsub)
    _fsub                                    0x00007bc5   Thumb Code   204  faddsub.o(x$fpl$fsub)
    _printf_fp_dec                           0x00007c95   Thumb Code    16  printf1.o(x$fpl$printf1)
    _printf_fp_hex                           0x00007ca5   Thumb Code    16  printf2.o(x$fpl$printf2)
    __I$use$fp                               0x00007cb4   Number         0  usenofp.o(x$fpl$usenofp)
    uxTopUsedPriority                        0x00007e70   Data           4  tasks.o(.rodata.uxTopUsedPriority)
    Region$$Table$$Base                      0x00007e78   Number         0  anon$$obj.o(Region$$Table)
    Region$$Table$$Limit                     0x00007e98   Number         0  anon$$obj.o(Region$$Table)
    __ctype                                  0x00007ec1   Data           0  lc_ctype_c.o(locale$$data)
    NEncoder                                 0x20200004   Data          24  encoder.o(.data.NEncoder)
    pca9555_i2c                              0x2020001c   Data          32  gray_detection.o(.data.pca9555_i2c)
    trackless_motor                          0x2020003c   Data           8  encoder.o(.data.trackless_motor)
    __libspace_start                         0x20200048   Data          96  libspace.o(.bss)
    D_State                                  0x202000a8   Data           2  encoder.o(.bss.D_State)
    __temporary_stack_top$libspace           0x202000a8   Data           0  libspace.o(.bss)
    Trackless_Params                         0x202000ac   Data        1804  eeprom.o(.bss.Trackless_Params)
    W25QXX_BUFFER                            0x202007b8   Data        4096  w25qxx.o(.bss.W25QXX_BUFFER)
    gMotor_PWM1Backup                        0x20201834   Data         188  ti_msp_dl_config.o(.bss.gMotor_PWM1Backup)
    gSPI_0Backup                             0x202018f0   Data          40  ti_msp_dl_config.o(.bss.gSPI_0Backup)
    gTIMER_delayBackup                       0x20201918   Data         188  ti_msp_dl_config.o(.bss.gTIMER_delayBackup)
    left_motor_period_cnt                    0x20201a10   Data           4  encoder.o(.bss.left_motor_period_cnt)
    pxCurrentTCB                             0x20201b58   Data           4  tasks.o(.bss.pxCurrentTCB)
    right_motor_period_cnt                   0x20201c38   Data           4  encoder.o(.bss.right_motor_period_cnt)
    smartcar_imu                             0x20201c3c   Data         392  sensor.o(.bss.smartcar_imu)
    xMotorCountMutex                         0x20202f10   Data           4  encoder.o(.bss.xMotorCountMutex)
    xSpeedTimer                              0x20202f40   Data           4  encoder.o(.bss.xSpeedTimer)



==============================================================================

Memory Map of the image

  Image Entry point : 0x000000c1

  Load Region LR_IROM1 (Base: 0x00000000, Size: 0x00008010, Max: 0x00020000, ABSOLUTE)

    Execution Region ER_IROM1 (Exec base: 0x00000000, Load base: 0x00000000, Size: 0x00007fc4, Max: 0x00020000, ABSOLUTE)

    Exec Addr    Load Addr    Size         Type   Attr      Idx    E Section Name        Object

    0x00000000   0x00000000   0x000000c0   Data   RO           49    RESET               startup_mspm0g350x_uvision.o
    0x000000c0   0x000000c0   0x00000008   Code   RO         1188  * !!!main             c_p.l(__main.o)
    0x000000c8   0x000000c8   0x00000054   Code   RO         1668    !!!scatter          c_p.l(__scatter.o)
    0x0000011c   0x0000011c   0x00000004   PAD
    0x00000120   0x00000120   0x0000001a   Code   RO         1672    !!handler_copy      c_p.l(__scatter_copy.o)
    0x0000013a   0x0000013a   0x00000006   PAD
    0x00000140   0x00000140   0x00000002   Code   RO         1669    !!handler_null      c_p.l(__scatter.o)
    0x00000142   0x00000142   0x00000006   PAD
    0x00000148   0x00000148   0x0000001c   Code   RO         1674    !!handler_zi        c_p.l(__scatter_zi.o)
    0x00000164   0x00000164   0x00000002   Code   RO         1352    .ARM.Collect$$_printf_percent$$00000000  c_p.l(_printf_percent.o)
    0x00000166   0x00000166   0x0000000a   Code   RO         1341    .ARM.Collect$$_printf_percent$$00000001  c_p.l(_printf_n.o)
    0x00000170   0x00000170   0x0000000a   Code   RO         1343    .ARM.Collect$$_printf_percent$$00000002  c_p.l(_printf_p.o)
    0x0000017a   0x0000017a   0x0000000a   Code   RO         1348    .ARM.Collect$$_printf_percent$$00000003  c_p.l(_printf_f.o)
    0x00000184   0x00000184   0x0000000a   Code   RO         1349    .ARM.Collect$$_printf_percent$$00000004  c_p.l(_printf_e.o)
    0x0000018e   0x0000018e   0x0000000a   Code   RO         1350    .ARM.Collect$$_printf_percent$$00000005  c_p.l(_printf_g.o)
    0x00000198   0x00000198   0x0000000a   Code   RO         1351    .ARM.Collect$$_printf_percent$$00000006  c_p.l(_printf_a.o)
    0x000001a2   0x000001a2   0x0000000a   Code   RO         1356    .ARM.Collect$$_printf_percent$$00000007  c_p.l(_printf_ll.o)
    0x000001ac   0x000001ac   0x0000000a   Code   RO         1345    .ARM.Collect$$_printf_percent$$00000008  c_p.l(_printf_i.o)
    0x000001b6   0x000001b6   0x0000000a   Code   RO         1346    .ARM.Collect$$_printf_percent$$00000009  c_p.l(_printf_d.o)
    0x000001c0   0x000001c0   0x0000000a   Code   RO         1347    .ARM.Collect$$_printf_percent$$0000000A  c_p.l(_printf_u.o)
    0x000001ca   0x000001ca   0x0000000a   Code   RO         1344    .ARM.Collect$$_printf_percent$$0000000B  c_p.l(_printf_o.o)
    0x000001d4   0x000001d4   0x0000000a   Code   RO         1342    .ARM.Collect$$_printf_percent$$0000000C  c_p.l(_printf_x.o)
    0x000001de   0x000001de   0x0000000a   Code   RO         1353    .ARM.Collect$$_printf_percent$$0000000D  c_p.l(_printf_lli.o)
    0x000001e8   0x000001e8   0x0000000a   Code   RO         1354    .ARM.Collect$$_printf_percent$$0000000E  c_p.l(_printf_lld.o)
    0x000001f2   0x000001f2   0x0000000a   Code   RO         1355    .ARM.Collect$$_printf_percent$$0000000F  c_p.l(_printf_llu.o)
    0x000001fc   0x000001fc   0x0000000a   Code   RO         1360    .ARM.Collect$$_printf_percent$$00000010  c_p.l(_printf_llo.o)
    0x00000206   0x00000206   0x0000000a   Code   RO         1361    .ARM.Collect$$_printf_percent$$00000011  c_p.l(_printf_llx.o)
    0x00000210   0x00000210   0x0000000a   Code   RO         1357    .ARM.Collect$$_printf_percent$$00000012  c_p.l(_printf_l.o)
    0x0000021a   0x0000021a   0x0000000a   Code   RO         1339    .ARM.Collect$$_printf_percent$$00000013  c_p.l(_printf_c.o)
    0x00000224   0x00000224   0x0000000a   Code   RO         1340    .ARM.Collect$$_printf_percent$$00000014  c_p.l(_printf_s.o)
    0x0000022e   0x0000022e   0x0000000a   Code   RO         1358    .ARM.Collect$$_printf_percent$$00000015  c_p.l(_printf_lc.o)
    0x00000238   0x00000238   0x0000000a   Code   RO         1359    .ARM.Collect$$_printf_percent$$00000016  c_p.l(_printf_ls.o)
    0x00000242   0x00000242   0x00000004   Code   RO         1470    .ARM.Collect$$_printf_percent$$00000017  c_p.l(_printf_percent_end.o)
    0x00000246   0x00000246   0x00000002   Code   RO         1516    .ARM.Collect$$libinit$$00000000  c_p.l(libinit.o)
    0x00000248   0x00000248   0x00000000   Code   RO         1540    .ARM.Collect$$libinit$$00000002  c_p.l(libinit2.o)
    0x00000248   0x00000248   0x00000000   Code   RO         1542    .ARM.Collect$$libinit$$00000004  c_p.l(libinit2.o)
    0x00000248   0x00000248   0x00000000   Code   RO         1544    .ARM.Collect$$libinit$$00000006  c_p.l(libinit2.o)
    0x00000248   0x00000248   0x00000000   Code   RO         1547    .ARM.Collect$$libinit$$0000000C  c_p.l(libinit2.o)
    0x00000248   0x00000248   0x00000000   Code   RO         1549    .ARM.Collect$$libinit$$0000000E  c_p.l(libinit2.o)
    0x00000248   0x00000248   0x00000000   Code   RO         1551    .ARM.Collect$$libinit$$00000010  c_p.l(libinit2.o)
    0x00000248   0x00000248   0x00000006   Code   RO         1552    .ARM.Collect$$libinit$$00000011  c_p.l(libinit2.o)
    0x0000024e   0x0000024e   0x00000000   Code   RO         1554    .ARM.Collect$$libinit$$00000013  c_p.l(libinit2.o)
    0x0000024e   0x0000024e   0x0000000c   Code   RO         1555    .ARM.Collect$$libinit$$00000014  c_p.l(libinit2.o)
    0x0000025a   0x0000025a   0x00000000   Code   RO         1556    .ARM.Collect$$libinit$$00000015  c_p.l(libinit2.o)
    0x0000025a   0x0000025a   0x00000000   Code   RO         1558    .ARM.Collect$$libinit$$00000017  c_p.l(libinit2.o)
    0x0000025a   0x0000025a   0x0000000a   Code   RO         1559    .ARM.Collect$$libinit$$00000018  c_p.l(libinit2.o)
    0x00000264   0x00000264   0x00000000   Code   RO         1560    .ARM.Collect$$libinit$$00000019  c_p.l(libinit2.o)
    0x00000264   0x00000264   0x00000000   Code   RO         1562    .ARM.Collect$$libinit$$0000001B  c_p.l(libinit2.o)
    0x00000264   0x00000264   0x00000000   Code   RO         1564    .ARM.Collect$$libinit$$0000001D  c_p.l(libinit2.o)
    0x00000264   0x00000264   0x00000000   Code   RO         1566    .ARM.Collect$$libinit$$0000001F  c_p.l(libinit2.o)
    0x00000264   0x00000264   0x00000000   Code   RO         1568    .ARM.Collect$$libinit$$00000021  c_p.l(libinit2.o)
    0x00000264   0x00000264   0x00000000   Code   RO         1570    .ARM.Collect$$libinit$$00000023  c_p.l(libinit2.o)
    0x00000264   0x00000264   0x00000000   Code   RO         1572    .ARM.Collect$$libinit$$00000025  c_p.l(libinit2.o)
    0x00000264   0x00000264   0x00000000   Code   RO         1574    .ARM.Collect$$libinit$$00000027  c_p.l(libinit2.o)
    0x00000264   0x00000264   0x00000000   Code   RO         1578    .ARM.Collect$$libinit$$0000002E  c_p.l(libinit2.o)
    0x00000264   0x00000264   0x00000000   Code   RO         1580    .ARM.Collect$$libinit$$00000030  c_p.l(libinit2.o)
    0x00000264   0x00000264   0x00000000   Code   RO         1582    .ARM.Collect$$libinit$$00000032  c_p.l(libinit2.o)
    0x00000264   0x00000264   0x00000000   Code   RO         1584    .ARM.Collect$$libinit$$00000034  c_p.l(libinit2.o)
    0x00000264   0x00000264   0x00000002   Code   RO         1585    .ARM.Collect$$libinit$$00000035  c_p.l(libinit2.o)
    0x00000266   0x00000266   0x00000002   Code   RO         1624    .ARM.Collect$$libshutdown$$00000000  c_p.l(libshutdown.o)
    0x00000268   0x00000268   0x00000000   Code   RO         1652    .ARM.Collect$$libshutdown$$00000002  c_p.l(libshutdown2.o)
    0x00000268   0x00000268   0x00000000   Code   RO         1654    .ARM.Collect$$libshutdown$$00000004  c_p.l(libshutdown2.o)
    0x00000268   0x00000268   0x00000000   Code   RO         1657    .ARM.Collect$$libshutdown$$00000007  c_p.l(libshutdown2.o)
    0x00000268   0x00000268   0x00000000   Code   RO         1660    .ARM.Collect$$libshutdown$$0000000A  c_p.l(libshutdown2.o)
    0x00000268   0x00000268   0x00000000   Code   RO         1662    .ARM.Collect$$libshutdown$$0000000C  c_p.l(libshutdown2.o)
    0x00000268   0x00000268   0x00000000   Code   RO         1665    .ARM.Collect$$libshutdown$$0000000F  c_p.l(libshutdown2.o)
    0x00000268   0x00000268   0x00000002   Code   RO         1666    .ARM.Collect$$libshutdown$$00000010  c_p.l(libshutdown2.o)
    0x0000026a   0x0000026a   0x00000000   Code   RO         1264    .ARM.Collect$$rtentry$$00000000  c_p.l(__rtentry.o)
    0x0000026a   0x0000026a   0x00000000   Code   RO         1432    .ARM.Collect$$rtentry$$00000002  c_p.l(__rtentry2.o)
    0x0000026a   0x0000026a   0x00000006   Code   RO         1444    .ARM.Collect$$rtentry$$00000004  c_p.l(__rtentry4.o)
    0x00000270   0x00000270   0x00000000   Code   RO         1434    .ARM.Collect$$rtentry$$00000009  c_p.l(__rtentry2.o)
    0x00000270   0x00000270   0x00000004   Code   RO         1435    .ARM.Collect$$rtentry$$0000000A  c_p.l(__rtentry2.o)
    0x00000274   0x00000274   0x00000000   Code   RO         1437    .ARM.Collect$$rtentry$$0000000C  c_p.l(__rtentry2.o)
    0x00000274   0x00000274   0x00000008   Code   RO         1438    .ARM.Collect$$rtentry$$0000000D  c_p.l(__rtentry2.o)
    0x0000027c   0x0000027c   0x00000002   Code   RO         1524    .ARM.Collect$$rtexit$$00000000  c_p.l(rtexit.o)
    0x0000027e   0x0000027e   0x00000000   Code   RO         1593    .ARM.Collect$$rtexit$$00000002  c_p.l(rtexit2.o)
    0x0000027e   0x0000027e   0x00000004   Code   RO         1594    .ARM.Collect$$rtexit$$00000003  c_p.l(rtexit2.o)
    0x00000282   0x00000282   0x00000006   Code   RO         1595    .ARM.Collect$$rtexit$$00000004  c_p.l(rtexit2.o)
    0x00000288   0x00000288   0x00000038   Code   RO         1172    .emb_text           c_p.l(rt_memcpy.o)
    0x000002c0   0x000002c0   0x0000002c   Code   RO           50    .text               startup_mspm0g350x_uvision.o
    0x000002ec   0x000002ec   0x00000030   Code   RO         1166    .text               c_p.l(llmul.o)
    0x0000031c   0x0000031c   0x0000003c   Code   RO         1168    .text               c_p.l(vsnprintf.o)
    0x00000358   0x00000358   0x00000044   Code   RO         1170    .text               c_p.l(strlen.o)
    0x0000039c   0x0000039c   0x00000082   Code   RO         1173    .text               c_p.l(rt_memcpy.o)
    0x0000041e   0x0000041e   0x00000012   Code   RO         1176    .text               c_p.l(aeabi_memset4.o)
    0x00000430   0x00000430   0x000001f8   Code   RO         1178    .text               c_p.l(aeabi_sdivfast.o)
    0x00000628   0x00000628   0x00000006   Code   RO         1186    .text               c_p.l(heapauxi.o)
    0x0000062e   0x0000062e   0x00000002   PAD
    0x00000630   0x00000630   0x0000007c   Code   RO         1190    .text               fz_ps.l(d2f.o)
    0x000006ac   0x000006ac   0x00000248   Code   RO         1192    .text               fz_ps.l(dmul.o)
    0x000008f4   0x000008f4   0x00000054   Code   RO         1194    .text               fz_ps.l(f2d.o)
    0x00000948   0x00000948   0x00000160   Code   RO         1226    .text               fz_ps.l(fdiv.o)
    0x00000aa8   0x00000aa8   0x0000004c   Code   RO         1229    .text               fz_ps.l(ffixi.o)
    0x00000af4   0x00000af4   0x0000005e   Code   RO         1231    .text               fz_ps.l(fflti.o)
    0x00000b52   0x00000b52   0x00000016   Code   RO         1269    .text               c_p.l(_rserrno.o)
    0x00000b68   0x00000b68   0x0000004e   Code   RO         1273    .text               c_p.l(_printf_pad.o)
    0x00000bb6   0x00000bb6   0x00000024   Code   RO         1275    .text               c_p.l(_printf_truncate.o)
    0x00000bda   0x00000bda   0x00000052   Code   RO         1277    .text               c_p.l(_printf_str.o)
    0x00000c2c   0x00000c2c   0x0000006c   Code   RO         1279    .text               c_p.l(_printf_dec.o)
    0x00000c98   0x00000c98   0x00000026   Code   RO         1281    .text               c_p.l(_printf_charcount.o)
    0x00000cbe   0x00000cbe   0x00000002   PAD
    0x00000cc0   0x00000cc0   0x00000030   Code   RO         1283    .text               c_p.l(_printf_char_common.o)
    0x00000cf0   0x00000cf0   0x00000010   Code   RO         1285    .text               c_p.l(_snputc.o)
    0x00000d00   0x00000d00   0x000000bc   Code   RO         1287    .text               c_p.l(_printf_wctomb.o)
    0x00000dbc   0x00000dbc   0x00000070   Code   RO         1290    .text               c_p.l(_printf_longlong_dec.o)
    0x00000e2c   0x00000e2c   0x00000070   Code   RO         1296    .text               c_p.l(_printf_oct_int_ll.o)
    0x00000e9c   0x00000e9c   0x00000098   Code   RO         1316    .text               c_p.l(_printf_hex_int_ll_ptr.o)
    0x00000f34   0x00000f34   0x00000188   Code   RO         1336    .text               c_p.l(__printf_flags_ss_wp.o)
    0x000010bc   0x000010bc   0x00000040   Code   RO         1362    .text               c_p.l(rt_memclr.o)
    0x000010fc   0x000010fc   0x00000080   Code   RO         1377    .text               fz_ps.l(frnd.o)
    0x0000117c   0x0000117c   0x00000044   Code   RO         1379    .text               fz_ps.l(fscalbn.o)
    0x000011c0   0x000011c0   0x00000090   Code   RO         1381    .text               fz_ps.l(fsqrt.o)
    0x00001250   0x00001250   0x00000008   Code   RO         1451    .text               c_p.l(rt_errno_addr_intlibspace.o)
    0x00001258   0x00001258   0x0000007a   Code   RO         1453    .text               c_p.l(lludiv10.o)
    0x000012d2   0x000012d2   0x000000b0   Code   RO         1455    .text               c_p.l(_printf_intcommon.o)
    0x00001382   0x00001382   0x00000002   PAD
    0x00001384   0x00001384   0x00000414   Code   RO         1457    .text               c_p.l(_printf_fp_dec.o)
    0x00001798   0x00001798   0x000002d8   Code   RO         1461    .text               c_p.l(_printf_fp_hex.o)
    0x00001a70   0x00001a70   0x0000002e   Code   RO         1466    .text               c_p.l(_printf_char.o)
    0x00001a9e   0x00001a9e   0x0000002e   Code   RO         1468    .text               c_p.l(_printf_wchar.o)
    0x00001acc   0x00001acc   0x00000042   Code   RO         1471    .text               c_p.l(_c16rtomb.o)
    0x00001b0e   0x00001b0e   0x00000028   Code   RO         1473    .text               c_p.l(rtudiv10.o)
    0x00001b36   0x00001b36   0x00000002   PAD
    0x00001b38   0x00001b38   0x00000064   Code   RO         1475    .text               fz_ps.l(fcmpin.o)
    0x00001b9c   0x00001b9c   0x00000008   Code   RO         1477    .text               c_p.l(libspace.o)
    0x00001ba4   0x00001ba4   0x0000003e   Code   RO         1480    .text               c_p.l(sys_stackheap_outer.o)
    0x00001be2   0x00001be2   0x00000002   PAD
    0x00001be4   0x00001be4   0x00000010   Code   RO         1483    .text               c_p.l(rt_ctype_table.o)
    0x00001bf4   0x00001bf4   0x00000008   Code   RO         1488    .text               c_p.l(rt_locale_intlibspace.o)
    0x00001bfc   0x00001bfc   0x00000088   Code   RO         1490    .text               c_p.l(_printf_fp_infnan.o)
    0x00001c84   0x00001c84   0x000000d8   Code   RO         1492    .text               c_p.l(bigflt0.o)
    0x00001d5c   0x00001d5c   0x00000580   Code   RO         1495    .text               c_p.l(btod.o)
    0x000022dc   0x000022dc   0x00000010   Code   RO         1505    .text               c_p.l(exit.o)
    0x000022ec   0x000022ec   0x0000002e   Code   RO         1517    .text               fz_ps.l(cmpret.o)
    0x0000231a   0x0000231a   0x00000002   PAD
    0x0000231c   0x0000231c   0x00000010   Code   RO         1519    .text               fz_ps.l(fnan2.o)
    0x0000232c   0x0000232c   0x000000b0   Code   RO         1537    .text               c_p.l(strcmpv6m.o)
    0x000023dc   0x000023dc   0x0000005e   Code   RO         1586    .text               fz_ps.l(retnan.o)
    0x0000243a   0x0000243a   0x00000002   PAD
    0x0000243c   0x0000243c   0x0000000c   Code   RO         1588    .text               c_p.l(sys_exit.o)
    0x00002448   0x00002448   0x00000002   Code   RO         1613    .text               c_p.l(use_no_semi.o)
    0x0000244a   0x0000244a   0x00000000   Code   RO         1615    .text               c_p.l(indicate_semi.o)
    0x0000244a   0x0000244a   0x0000000a   Code   RO          550    .text.DL_Common_delayCycles  driverlib.a(dl_common.o)
    0x00002454   0x00002454   0x0000002c   Code   RO          563    .text.DL_I2C_fillControllerTXFIFO  driverlib.a(dl_i2c.o)
    0x00002480   0x00002480   0x00000028   Code   RO          565    .text.DL_I2C_flushControllerTXFIFO  driverlib.a(dl_i2c.o)
    0x000024a8   0x000024a8   0x00000026   Code   RO          559    .text.DL_I2C_setClockConfig  driverlib.a(dl_i2c.o)
    0x000024ce   0x000024ce   0x00000002   PAD
    0x000024d0   0x000024d0   0x00000044   Code   RO          591    .text.DL_SPI_init   driverlib.a(dl_spi.o)
    0x00002514   0x00002514   0x00000012   Code   RO          593    .text.DL_SPI_setClockConfig  driverlib.a(dl_spi.o)
    0x00002526   0x00002526   0x00000002   PAD
    0x00002528   0x00002528   0x00000108   Code   RO          725    .text.DL_Timer_initFourCCPWMMode  driverlib.a(dl_timer.o)
    0x00002630   0x00002630   0x000000f0   Code   RO          649    .text.DL_Timer_initTimerMode  driverlib.a(dl_timer.o)
    0x00002720   0x00002720   0x0000001c   Code   RO          691    .text.DL_Timer_setCaptCompUpdateMethod  driverlib.a(dl_timer.o)
    0x0000273c   0x0000273c   0x00000018   Code   RO          699    .text.DL_Timer_setCaptureCompareOutCtl  driverlib.a(dl_timer.o)
    0x00002754   0x00002754   0x00000010   Code   RO          651    .text.DL_Timer_setCaptureCompareValue  driverlib.a(dl_timer.o)
    0x00002764   0x00002764   0x0000001c   Code   RO          645    .text.DL_Timer_setClockConfig  driverlib.a(dl_timer.o)
    0x00002780   0x00002780   0x00000048   Code   RO          746    .text.DL_UART_init  driverlib.a(dl_uart.o)
    0x000027c8   0x000027c8   0x00000012   Code   RO          748    .text.DL_UART_setClockConfig  driverlib.a(dl_uart.o)
    0x000027da   0x000027da   0x00000002   PAD
    0x000027dc   0x000027dc   0x00000014   Code   RO          760    .text.DL_UART_transmitDataBlocking  driverlib.a(dl_uart.o)
    0x000027f0   0x000027f0   0x00000134   Code   RO          420    .text.DisplayTask   motor_controller.o
    0x00002924   0x00002924   0x00000078   Code   RO          179    .text.Encoder_init  encoder.o
    0x0000299c   0x0000299c   0x00000010   Code   RO          511    .text.FusionAhrsGetQuaternion  fusionahrs.o
    0x000029ac   0x000029ac   0x00000058   Code   RO          497    .text.FusionAhrsInitialise  fusionahrs.o
    0x00002a04   0x00002a04   0x00000100   Code   RO          505    .text.FusionAhrsSetHeading  fusionahrs.o
    0x00002b04   0x00002b04   0x000000a8   Code   RO          499    .text.FusionAhrsSetSettings  fusionahrs.o
    0x00002bac   0x00002bac   0x00000714   Code   RO          503    .text.FusionAhrsUpdate  fusionahrs.o
    0x000032c0   0x000032c0   0x0000011a   Code   RO          507    .text.FusionAhrsUpdateNoMagnetometer  fusionahrs.o
    0x000033da   0x000033da   0x00000002   PAD
    0x000033dc   0x000033dc   0x0000019c   Code   RO          529    .text.FusionCompassCalculateHeading  fusioncompass.o
    0x00003578   0x00003578   0x000000f8   Code   RO          185    .text.GROUP1_IRQHandler  encoder.o
    0x00003670   0x00003670   0x00000010   Code   RO          404    .text.Gray_Detection_Init  gray_detection.o
    0x00003680   0x00003680   0x000000f8   Code   RO          353    .text.I2C_ReadReg   hardware_i2c.o
    0x00003778   0x00003778   0x00000200   Code   RO          206    .text.ICM206xx_Init  icm20608.o
    0x00003978   0x00003978   0x00000194   Code   RO          208    .text.ICM206xx_Read_Data  icm20608.o
    0x00003b0c   0x00003b0c   0x00000048   Code   RO           75    .text.LOG_E         log.o
    0x00003b54   0x00003b54   0x00000044   Code   RO           71    .text.LOG_I         log.o
    0x00003b98   0x00003b98   0x0000003c   Code   RO           97    .text.Motor_Init    motor.o
    0x00003bd4   0x00003bd4   0x0000007c   Code   RO          115    .text.OLED_Init     oled.o
    0x00003c50   0x00003c50   0x00000044   Code   RO         1123    .text.PendSV_Handler  freertos_builds_LP_MSPM0G3507_release_keil.lib(port.o)
    0x00003c94   0x00003c94   0x00000160   Code   RO          418    .text.QuaternionToEulerAngles  motor_controller.o
    0x00003df4   0x00003df4   0x00000010   Code   RO          236    .text.ReadFlashParameterOne  eeprom.o
    0x00003e04   0x00003e04   0x00000028   Code   RO          385    .text.SPI_LCD_WrCmd  spi.o
    0x00003e2c   0x00003e2c   0x0000002c   Code   RO          383    .text.SPI_LCD_WrDat  spi.o
    0x00003e58   0x00003e58   0x00000002   Code   RO         1103    .text.SVC_Handler   freertos_builds_LP_MSPM0G3507_release_keil.lib(port.o)
    0x00003e5a   0x00003e5a   0x00000002   PAD
    0x00003e5c   0x00003e5c   0x000000e0   Code   RO            6    .text.SYSCFG_DL_GPIO_init  ti_msp_dl_config.o
    0x00003f3c   0x00003f3c   0x00000054   Code   RO           16    .text.SYSCFG_DL_I2C_0_init  ti_msp_dl_config.o
    0x00003f90   0x00003f90   0x00000088   Code   RO           10    .text.SYSCFG_DL_Motor_PWM1_init  ti_msp_dl_config.o
    0x00004018   0x00004018   0x0000008c   Code   RO           12    .text.SYSCFG_DL_Motor_PWM2_init  ti_msp_dl_config.o
    0x000040a4   0x000040a4   0x0000004c   Code   RO           20    .text.SYSCFG_DL_SPI_0_init  ti_msp_dl_config.o
    0x000040f0   0x000040f0   0x0000001c   Code   RO            8    .text.SYSCFG_DL_SYSCTL_init  ti_msp_dl_config.o
    0x0000410c   0x0000410c   0x00000038   Code   RO           14    .text.SYSCFG_DL_TIMER_delay_init  ti_msp_dl_config.o
    0x00004144   0x00004144   0x00000060   Code   RO           18    .text.SYSCFG_DL_UART_DEBUG_init  ti_msp_dl_config.o
    0x000041a4   0x000041a4   0x00000048   Code   RO            2    .text.SYSCFG_DL_init  ti_msp_dl_config.o
    0x000041ec   0x000041ec   0x00000070   Code   RO            4    .text.SYSCFG_DL_initPower  ti_msp_dl_config.o
    0x0000425c   0x0000425c   0x0000002c   Code   RO          313    .text.SoftwareI2C_Init  software_i2c.o
    0x00004288   0x00004288   0x000000e4   Code   RO          177    .text.SpeedTimerCallback  encoder.o
    0x0000436c   0x0000436c   0x00000024   Code   RO         1125    .text.SysTick_Handler  freertos_builds_LP_MSPM0G3507_release_keil.lib(port.o)
    0x00004390   0x00004390   0x00000174   Code   RO          273    .text.W25Q64_erase_sector  w25qxx.o
    0x00004504   0x00004504   0x000000d8   Code   RO          283    .text.W25Q64_read   w25qxx.o
    0x000045dc   0x000045dc   0x00000160   Code   RO          285    .text.W25Q64_write_page  w25qxx.o
    0x0000473c   0x0000473c   0x0000002e   Code   RO          295    .text.W25QXX_Read_f  w25qxx.o
    0x0000476a   0x0000476a   0x00000002   PAD
    0x0000476c   0x0000476c   0x0000014c   Code   RO          289    .text.W25QXX_Write  w25qxx.o
    0x000048b8   0x000048b8   0x0000002e   Code   RO          299    .text.W25QXX_Write_f  w25qxx.o
    0x000048e6   0x000048e6   0x00000002   PAD
    0x000048e8   0x000048e8   0x00000024   Code   RO          246    .text.WriteFlashParameter_Three  eeprom.o
    0x0000490c   0x0000490c   0x0000004a   Code   RO           59    .text.delay_ms      delay.o
    0x00004956   0x00004956   0x00000002   PAD
    0x00004958   0x00004958   0x00000048   Code   RO          934    .text.eTaskConfirmSleepModeStatus  freertos_builds_LP_MSPM0G3507_release_keil.lib(tasks.o)
    0x000049a0   0x000049a0   0x00000008   Code   RO          359    .text.i2creadnbyte  hardware_i2c.o
    0x000049a8   0x000049a8   0x00000218   Code   RO          212    .text.imu_calibration  icm20608.o
    0x00004bc0   0x00004bc0   0x000000ec   Code   RO          210    .text.imu_calibration_params_init  icm20608.o
    0x00004cac   0x00004cac   0x00000040   Code   RO           88    .text.main          main.o
    0x00004cec   0x00004cec   0x00000114   Code   RO          854    .text.prvAddNewTaskToReadyList  freertos_builds_LP_MSPM0G3507_release_keil.lib(tasks.o)
    0x00004e00   0x00004e00   0x000000fc   Code   RO          884    .text.prvIdleTask   freertos_builds_LP_MSPM0G3507_release_keil.lib(tasks.o)
    0x00004efc   0x00004efc   0x000000de   Code   RO          852    .text.prvInitialiseNewTask  freertos_builds_LP_MSPM0G3507_release_keil.lib(tasks.o)
    0x00004fda   0x00004fda   0x00000002   PAD
    0x00004fdc   0x00004fdc   0x0000008c   Code   RO         1006    .text.prvInitialiseNewTimer  freertos_builds_LP_MSPM0G3507_release_keil.lib(timers.o)
    0x00005068   0x00005068   0x0000009c   Code   RO         1034    .text.prvSampleTimeNow  freertos_builds_LP_MSPM0G3507_release_keil.lib(timers.o)
    0x00005104   0x00005104   0x00000034   Code   RO         1101    .text.prvTaskExitError  freertos_builds_LP_MSPM0G3507_release_keil.lib(port.o)
    0x00005138   0x00005138   0x000001f8   Code   RO         1002    .text.prvTimerTask  freertos_builds_LP_MSPM0G3507_release_keil.lib(timers.o)
    0x00005330   0x00005330   0x0000007e   Code   RO          808    .text.prvUnlockQueue  freertos_builds_LP_MSPM0G3507_release_keil.lib(queue.o)
    0x000053ae   0x000053ae   0x00000002   PAD
    0x000053b0   0x000053b0   0x00000170   Code   RO         1071    .text.pvPortMalloc  freertos_builds_LP_MSPM0G3507_release_keil.lib(heap_4.o)
    0x00005520   0x00005520   0x00000018   Code   RO          954    .text.pvTaskIncrementMutexHeldCount  freertos_builds_LP_MSPM0G3507_release_keil.lib(tasks.o)
    0x00005538   0x00005538   0x00000024   Code   RO         1099    .text.pxPortInitialiseStack  freertos_builds_LP_MSPM0G3507_release_keil.lib(port.o)
    0x0000555c   0x0000555c   0x00000018   Code   RO          438    .text.safe_sqrt     wp_math.o
    0x00005574   0x00005574   0x00000018   Code   RO          357    .text.single_readi2c  hardware_i2c.o
    0x0000558c   0x0000558c   0x000000b4   Code   RO          355    .text.single_writei2c  hardware_i2c.o
    0x00005640   0x00005640   0x00000008   Code   RO         1119    .text.ulSetInterruptMaskFromISR  freertos_builds_LP_MSPM0G3507_release_keil.lib(port.o)
    0x00005648   0x00005648   0x00000046   Code   RO          371    .text.usart_printf  uart.o
    0x0000568e   0x0000568e   0x00000020   Code   RO         1061    .text.uxListRemove  freertos_builds_LP_MSPM0G3507_release_keil.lib(list.o)
    0x000056ae   0x000056ae   0x00000002   PAD
    0x000056b0   0x000056b0   0x00000018   Code   RO         1149    .text.vApplicationGetIdleTaskMemory  freertos_builds_LP_MSPM0G3507_release_keil.lib(staticallocs_freertos.o)
    0x000056c8   0x000056c8   0x00000018   Code   RO         1151    .text.vApplicationGetTimerTaskMemory  freertos_builds_LP_MSPM0G3507_release_keil.lib(staticallocs_freertos.o)
    0x000056e0   0x000056e0   0x00000002   Code   RO         1141    .text.vApplicationStackOverflowHook  freertos_builds_LP_MSPM0G3507_release_keil.lib(apphooks_freertos.o)
    0x000056e2   0x000056e2   0x00000006   Code   RO         1121    .text.vClearInterruptMaskFromISR  freertos_builds_LP_MSPM0G3507_release_keil.lib(port.o)
    0x000056e8   0x000056e8   0x00000014   Code   RO         1053    .text.vListInitialise  freertos_builds_LP_MSPM0G3507_release_keil.lib(list.o)
    0x000056fc   0x000056fc   0x00000006   Code   RO         1055    .text.vListInitialiseItem  freertos_builds_LP_MSPM0G3507_release_keil.lib(list.o)
    0x00005702   0x00005702   0x0000003c   Code   RO         1059    .text.vListInsert   freertos_builds_LP_MSPM0G3507_release_keil.lib(list.o)
    0x0000573e   0x0000573e   0x00000016   Code   RO         1057    .text.vListInsertEnd  freertos_builds_LP_MSPM0G3507_release_keil.lib(list.o)
    0x00005754   0x00005754   0x00000014   Code   RO         1115    .text.vPortEnterCritical  freertos_builds_LP_MSPM0G3507_release_keil.lib(port.o)
    0x00005768   0x00005768   0x0000001c   Code   RO         1117    .text.vPortExitCritical  freertos_builds_LP_MSPM0G3507_release_keil.lib(port.o)
    0x00005784   0x00005784   0x000000a8   Code   RO         1073    .text.vPortFree     freertos_builds_LP_MSPM0G3507_release_keil.lib(heap_4.o)
    0x0000582c   0x0000582c   0x00000024   Code   RO         1107    .text.vPortSetupTimerInterrupt  freertos_builds_LP_MSPM0G3507_release_keil.lib(port.o)
    0x00005850   0x00005850   0x00000034   Code   RO         1109    .text.vPortStartFirstTask  freertos_builds_LP_MSPM0G3507_release_keil.lib(port.o)
    0x00005884   0x00005884   0x0000015c   Code   RO         1127    .text.vPortSuppressTicksAndSleep  freertos_builds_LP_MSPM0G3507_release_keil.lib(port.o)
    0x000059e0   0x000059e0   0x00000018   Code   RO         1113    .text.vPortYield    freertos_builds_LP_MSPM0G3507_release_keil.lib(port.o)
    0x000059f8   0x000059f8   0x00000044   Code   RO          840    .text.vQueueWaitForMessageRestricted  freertos_builds_LP_MSPM0G3507_release_keil.lib(queue.o)
    0x00005a3c   0x00005a3c   0x00000068   Code   RO          866    .text.vTaskDelay    freertos_builds_LP_MSPM0G3507_release_keil.lib(tasks.o)
    0x00005aa4   0x00005aa4   0x000000c0   Code   RO          858    .text.vTaskDelete   freertos_builds_LP_MSPM0G3507_release_keil.lib(tasks.o)
    0x00005b64   0x00005b64   0x00000014   Code   RO          924    .text.vTaskInternalSetTimeOutState  freertos_builds_LP_MSPM0G3507_release_keil.lib(tasks.o)
    0x00005b78   0x00005b78   0x00000008   Code   RO          928    .text.vTaskMissedYield  freertos_builds_LP_MSPM0G3507_release_keil.lib(tasks.o)
    0x00005b80   0x00005b80   0x00000060   Code   RO          912    .text.vTaskPlaceOnEventList  freertos_builds_LP_MSPM0G3507_release_keil.lib(tasks.o)
    0x00005be0   0x00005be0   0x00000084   Code   RO          916    .text.vTaskPlaceOnEventListRestricted  freertos_builds_LP_MSPM0G3507_release_keil.lib(tasks.o)
    0x00005c64   0x00005c64   0x00000078   Code   RO          950    .text.vTaskPriorityDisinheritAfterTimeout  freertos_builds_LP_MSPM0G3507_release_keil.lib(tasks.o)
    0x00005cdc   0x00005cdc   0x000000ac   Code   RO          882    .text.vTaskStartScheduler  freertos_builds_LP_MSPM0G3507_release_keil.lib(tasks.o)
    0x00005d88   0x00005d88   0x00000024   Code   RO          900    .text.vTaskStepTick  freertos_builds_LP_MSPM0G3507_release_keil.lib(tasks.o)
    0x00005dac   0x00005dac   0x00000010   Code   RO          862    .text.vTaskSuspendAll  freertos_builds_LP_MSPM0G3507_release_keil.lib(tasks.o)
    0x00005dbc   0x00005dbc   0x000000e4   Code   RO          878    .text.vTaskSwitchContext  freertos_builds_LP_MSPM0G3507_release_keil.lib(tasks.o)
    0x00005ea0   0x00005ea0   0x0000005c   Code   RO         1105    .text.xPortStartScheduler  freertos_builds_LP_MSPM0G3507_release_keil.lib(port.o)
    0x00005efc   0x00005efc   0x00000028   Code   RO          792    .text.xQueueCreateMutex  freertos_builds_LP_MSPM0G3507_release_keil.lib(queue.o)
    0x00005f24   0x00005f24   0x0000009c   Code   RO          790    .text.xQueueGenericCreate  freertos_builds_LP_MSPM0G3507_release_keil.lib(queue.o)
    0x00005fc0   0x00005fc0   0x00000096   Code   RO          788    .text.xQueueGenericCreateStatic  freertos_builds_LP_MSPM0G3507_release_keil.lib(queue.o)
    0x00006056   0x00006056   0x00000214   Code   RO          798    .text.xQueueGenericSend  freertos_builds_LP_MSPM0G3507_release_keil.lib(queue.o)
    0x0000626a   0x0000626a   0x0000010c   Code   RO          810    .text.xQueueGenericSendFromISR  freertos_builds_LP_MSPM0G3507_release_keil.lib(queue.o)
    0x00006376   0x00006376   0x00000084   Code   RO          812    .text.xQueueGiveFromISR  freertos_builds_LP_MSPM0G3507_release_keil.lib(queue.o)
    0x000063fa   0x000063fa   0x0000017a   Code   RO          814    .text.xQueueReceive  freertos_builds_LP_MSPM0G3507_release_keil.lib(queue.o)
    0x00006574   0x00006574   0x0000009c   Code   RO          818    .text.xQueueReceiveFromISR  freertos_builds_LP_MSPM0G3507_release_keil.lib(queue.o)
    0x00006610   0x00006610   0x000001da   Code   RO          802    .text.xQueueSemaphoreTake  freertos_builds_LP_MSPM0G3507_release_keil.lib(queue.o)
    0x000067ea   0x000067ea   0x00000002   PAD
    0x000067ec   0x000067ec   0x00000060   Code   RO          926    .text.xTaskCheckForTimeOut  freertos_builds_LP_MSPM0G3507_release_keil.lib(tasks.o)
    0x0000684c   0x0000684c   0x00000058   Code   RO          856    .text.xTaskCreate   freertos_builds_LP_MSPM0G3507_release_keil.lib(tasks.o)
    0x000068a4   0x000068a4   0x0000004e   Code   RO          850    .text.xTaskCreateStatic  freertos_builds_LP_MSPM0G3507_release_keil.lib(tasks.o)
    0x000068f2   0x000068f2   0x00000002   PAD
    0x000068f4   0x000068f4   0x0000001c   Code   RO          944    .text.xTaskGetSchedulerState  freertos_builds_LP_MSPM0G3507_release_keil.lib(tasks.o)
    0x00006910   0x00006910   0x00000008   Code   RO          890    .text.xTaskGetTickCount  freertos_builds_LP_MSPM0G3507_release_keil.lib(tasks.o)
    0x00006918   0x00006918   0x00000104   Code   RO          888    .text.xTaskIncrementTick  freertos_builds_LP_MSPM0G3507_release_keil.lib(tasks.o)
    0x00006a1c   0x00006a1c   0x00000060   Code   RO          948    .text.xTaskPriorityDisinherit  freertos_builds_LP_MSPM0G3507_release_keil.lib(tasks.o)
    0x00006a7c   0x00006a7c   0x00000078   Code   RO          946    .text.xTaskPriorityInherit  freertos_builds_LP_MSPM0G3507_release_keil.lib(tasks.o)
    0x00006af4   0x00006af4   0x00000080   Code   RO          918    .text.xTaskRemoveFromEventList  freertos_builds_LP_MSPM0G3507_release_keil.lib(tasks.o)
    0x00006b74   0x00006b74   0x00000100   Code   RO          864    .text.xTaskResumeAll  freertos_builds_LP_MSPM0G3507_release_keil.lib(tasks.o)
    0x00006c74   0x00006c74   0x00000036   Code   RO         1004    .text.xTimerCreate  freertos_builds_LP_MSPM0G3507_release_keil.lib(timers.o)
    0x00006caa   0x00006caa   0x00000002   PAD
    0x00006cac   0x00006cac   0x000000ac   Code   RO         1000    .text.xTimerCreateTimerTask  freertos_builds_LP_MSPM0G3507_release_keil.lib(timers.o)
    0x00006d58   0x00006d58   0x0000005c   Code   RO         1010    .text.xTimerGenericCommand  freertos_builds_LP_MSPM0G3507_release_keil.lib(timers.o)
    0x00006db4   0x00006db4   0x000001f6   Code   RO         1179    .text_divfast       c_p.l(aeabi_sdivfast.o)
    0x00006faa   0x00006faa   0x00000030   Code   RO         1498    i.__ARM_common_ll_muluu  c_p.l(btod.o)
    0x00006fda   0x00006fda   0x00000002   PAD
    0x00006fdc   0x00006fdc   0x0000002c   Code   RO         1406    i.__ARM_fpclassify  m_ps.l(fpclassify.o)
    0x00007008   0x00007008   0x00000022   Code   RO         1408    i.__ARM_fpclassifyf  m_ps.l(fpclassifyf.o)
    0x0000702a   0x0000702a   0x0000000a   Code   RO         1411    i.__mathlib_flt_infnan  m_ps.l(funder.o)
    0x00007034   0x00007034   0x00000008   Code   RO         1412    i.__mathlib_flt_infnan2  m_ps.l(funder.o)
    0x0000703c   0x0000703c   0x0000000c   Code   RO         1413    i.__mathlib_flt_invalid  m_ps.l(funder.o)
    0x00007048   0x00007048   0x0000000e   Code   RO         1416    i.__mathlib_flt_underflow  m_ps.l(funder.o)
    0x00007056   0x00007056   0x00000002   PAD
    0x00007058   0x00007058   0x00000180   Code   RO         1426    i.__mathlib_rredf2  m_ps.l(rredf.o)
    0x000071d8   0x000071d8   0x00000016   Code   RO         1208    i._feq              fz_ps.l(fcmp.o)
    0x000071ee   0x000071ee   0x00000016   Code   RO         1209    i._fgeq             fz_ps.l(fcmp.o)
    0x00007204   0x00007204   0x00000016   Code   RO         1210    i._fgr              fz_ps.l(fcmp.o)
    0x0000721a   0x0000721a   0x00000016   Code   RO         1212    i._fls              fz_ps.l(fcmp.o)
    0x00007230   0x00007230   0x0000000e   Code   RO         1329    i._is_digit         c_p.l(__printf_wp.o)
    0x0000723e   0x0000723e   0x00000002   PAD
    0x00007240   0x00007240   0x00000118   Code   RO         1236    i.asinf             m_ps.l(asinf.o)
    0x00007358   0x00007358   0x0000029c   Code   RO         1245    i.atan2f            m_ps.l(atan2f.o)
    0x000075f4   0x000075f4   0x00000178   Code   RO         1249    i.cosf              m_ps.l(cosf.o)
    0x0000776c   0x0000776c   0x00000184   Code   RO         1253    i.sinf              m_ps.l(sinf.o)
    0x000078f0   0x000078f0   0x0000002c   Code   RO         1257    i.sqrtf             m_ps.l(sqrtf.o)
    0x0000791c   0x0000791c   0x0000002c   Code   RO         1503    locale$$code        c_p.l(lc_numeric_c.o)
    0x00007948   0x00007948   0x0000002c   Code   RO         1531    locale$$code        c_p.l(lc_ctype_c.o)
    0x00007974   0x00007974   0x0000008c   Code   RO         1196    x$fpl$fadd          fz_ps.l(faddsub.o)
    0x00007a00   0x00007a00   0x00000054   Code   RO         1371    x$fpl$feqf          fz_ps.l(feqf.o)
    0x00007a54   0x00007a54   0x00000054   Code   RO         1373    x$fpl$fgeqf         fz_ps.l(fgef.o)
    0x00007aa8   0x00007aa8   0x00000054   Code   RO         1375    x$fpl$fleqf         fz_ps.l(flef.o)
    0x00007afc   0x00007afc   0x000000b0   Code   RO         1233    x$fpl$fmul          fz_ps.l(fmul.o)
    0x00007bac   0x00007bac   0x00000018   Code   RO         1197    x$fpl$frsb          fz_ps.l(faddsub.o)
    0x00007bc4   0x00007bc4   0x000000d0   Code   RO         1198    x$fpl$fsub          fz_ps.l(faddsub.o)
    0x00007c94   0x00007c94   0x00000010   Code   RO         1383    x$fpl$printf1       fz_ps.l(printf1.o)
    0x00007ca4   0x00007ca4   0x00000010   Code   RO         1385    x$fpl$printf2       fz_ps.l(printf2.o)
    0x00007cb4   0x00007cb4   0x00000000   Code   RO         1391    x$fpl$usenofp       fz_ps.l(usenofp.o)
    0x00007cb4   0x00007cb4   0x00000040   Data   RO         1227    .constdata          fz_ps.l(fdiv.o)
    0x00007cf4   0x00007cf4   0x00000008   Data   RO         1288    .constdata          c_p.l(_printf_wctomb.o)
    0x00007cfc   0x00007cfc   0x00000028   Data   RO         1317    .constdata          c_p.l(_printf_hex_int_ll_ptr.o)
    0x00007d24   0x00007d24   0x00000011   Data   RO         1337    .constdata          c_p.l(__printf_flags_ss_wp.o)
    0x00007d35   0x00007d35   0x00000003   PAD
    0x00007d38   0x00007d38   0x00000020   Data   RO         1427    .constdata          m_ps.l(rredf.o)
    0x00007d58   0x00007d58   0x00000026   Data   RO         1462    .constdata          c_p.l(_printf_fp_hex.o)
    0x00007d7e   0x00007d7e   0x00000002   PAD
    0x00007d80   0x00007d80   0x00000094   Data   RO         1493    .constdata          c_p.l(bigflt0.o)
    0x00007e14   0x00007e14   0x00000002   Data   RO           35    .rodata.gI2C_0ClockConfig  ti_msp_dl_config.o
    0x00007e16   0x00007e16   0x00000003   Data   RO           29    .rodata.gMotor_PWM1ClockConfig  ti_msp_dl_config.o
    0x00007e19   0x00007e19   0x00000003   PAD
    0x00007e1c   0x00007e1c   0x00000008   Data   RO           30    .rodata.gMotor_PWM1Config  ti_msp_dl_config.o
    0x00007e24   0x00007e24   0x00000003   Data   RO           31    .rodata.gMotor_PWM2ClockConfig  ti_msp_dl_config.o
    0x00007e27   0x00007e27   0x00000001   PAD
    0x00007e28   0x00007e28   0x00000008   Data   RO           32    .rodata.gMotor_PWM2Config  ti_msp_dl_config.o
    0x00007e30   0x00007e30   0x00000002   Data   RO           38    .rodata.gSPI_0_clockConfig  ti_msp_dl_config.o
    0x00007e32   0x00007e32   0x0000000a   Data   RO           39    .rodata.gSPI_0_config  ti_msp_dl_config.o
    0x00007e3c   0x00007e3c   0x00000003   Data   RO           33    .rodata.gTIMER_delayClockConfig  ti_msp_dl_config.o
    0x00007e3f   0x00007e3f   0x00000001   PAD
    0x00007e40   0x00007e40   0x00000014   Data   RO           34    .rodata.gTIMER_delayTimerConfig  ti_msp_dl_config.o
    0x00007e54   0x00007e54   0x00000002   Data   RO           36    .rodata.gUART_DEBUGClockConfig  ti_msp_dl_config.o
    0x00007e56   0x00007e56   0x0000000a   Data   RO           37    .rodata.gUART_DEBUGConfig  ti_msp_dl_config.o
    0x00007e60   0x00007e60   0x0000000f   Data   RO           79    .rodata.str1.1      log.o
    0x00007e6f   0x00007e6f   0x00000001   PAD
    0x00007e70   0x00007e70   0x00000004   Data   RO          971    .rodata.uxTopUsedPriority  freertos_builds_LP_MSPM0G3507_release_keil.lib(tasks.o)
    0x00007e74   0x00007e74   0x00000004   PAD
    0x00007e78   0x00007e78   0x00000020   Data   RO         1667    Region$$Table       anon$$obj.o
    0x00007e98   0x00007e98   0x0000001c   Data   RO         1502    locale$$data        c_p.l(lc_numeric_c.o)
    0x00007eb4   0x00007eb4   0x00000110   Data   RO         1530    locale$$data        c_p.l(lc_ctype_c.o)


    Execution Region RW_IRAM2 (Exec base: 0x20200000, Load base: 0x00007fc8, Size: 0x00003088, Max: 0x00008000, ABSOLUTE)

    Exec Addr    Load Addr    Size         Type   Attr      Idx    E Section Name        Object

    0x20200000   0x00007fc8   0x00000001   Data   RW          214    .data.IMU_ID        icm20608.o
    0x20200001   0x00007fc9   0x00000003   PAD
    0x20200004   0x00007fcc   0x00000018   Data   RW          193    .data.NEncoder      encoder.o
    0x2020001c   0x00007fe4   0x00000020   Data   RW          408    .data.pca9555_i2c   gray_detection.o
    0x2020003c   0x00008004   0x00000008   Data   RW          194    .data.trackless_motor  encoder.o
    0x20200044   0x0000800c   0x00000004   Data   RW         1129    .data.uxCriticalNesting  freertos_builds_LP_MSPM0G3507_release_keil.lib(port.o)
    0x20200048        -       0x00000060   Zero   RW         1478    .bss                c_p.l(libspace.o)
    0x202000a8        -       0x00000002   Zero   RW          197    .bss.D_State        encoder.o
    0x202000aa   0x00008010   0x00000002   PAD
    0x202000ac        -       0x0000070c   Zero   RW          252    .bss.Trackless_Params  eeprom.o
    0x202007b8        -       0x00001000   Zero   RW          304    .bss.W25QXX_BUFFER  w25qxx.o
    0x202017b8        -       0x0000000c   Zero   RW          424    .bss.accel          motor_controller.o
    0x202017c4        -       0x00000064   Zero   RW          422    .bss.ahrs           motor_controller.o
    0x20201828        -       0x0000000c   Zero   RW          250    .bss.eeprom_write_data  eeprom.o
    0x20201834        -       0x000000bc   Zero   RW           26    .bss.gMotor_PWM1Backup  ti_msp_dl_config.o
    0x202018f0        -       0x00000028   Zero   RW           28    .bss.gSPI_0Backup   ti_msp_dl_config.o
    0x20201918        -       0x000000bc   Zero   RW           27    .bss.gTIMER_delayBackup  ti_msp_dl_config.o
    0x202019d4        -       0x0000000c   Zero   RW          423    .bss.gyro           motor_controller.o
    0x202019e0        -       0x00000005   Zero   RW          215    .bss.icm_read_check  icm20608.o
    0x202019e5   0x00008010   0x00000003   PAD
    0x202019e8        -       0x00000004   Zero   RW          220    .bss.imu_calibration.accel_sum.0  icm20608.o
    0x202019ec        -       0x00000004   Zero   RW          221    .bss.imu_calibration.accel_sum.1  icm20608.o
    0x202019f0        -       0x00000004   Zero   RW          222    .bss.imu_calibration.accel_sum.2  icm20608.o
    0x202019f4        -       0x00000002   Zero   RW          216    .bss.imu_calibration.cnt  icm20608.o
    0x202019f6   0x00008010   0x00000002   PAD
    0x202019f8        -       0x00000004   Zero   RW          223    .bss.imu_calibration.gyro_sum.0  icm20608.o
    0x202019fc        -       0x00000004   Zero   RW          224    .bss.imu_calibration.gyro_sum.1  icm20608.o
    0x20201a00        -       0x00000004   Zero   RW          225    .bss.imu_calibration.gyro_sum.2  icm20608.o
    0x20201a04        -       0x00000004   Zero   RW          217    .bss.imu_calibration.last_gyro.0  icm20608.o
    0x20201a08        -       0x00000004   Zero   RW          218    .bss.imu_calibration.last_gyro.1  icm20608.o
    0x20201a0c        -       0x00000004   Zero   RW          219    .bss.imu_calibration.last_gyro.2  icm20608.o
    0x20201a10        -       0x00000004   Zero   RW          191    .bss.left_motor_period_cnt  encoder.o
    0x20201a14        -       0x000000f0   Zero   RW         1044    .bss.prvCheckForValidListAndQueue.ucStaticTimerQueueStorage  freertos_builds_LP_MSPM0G3507_release_keil.lib(timers.o)
    0x20201b04        -       0x00000050   Zero   RW         1043    .bss.prvCheckForValidListAndQueue.xStaticTimerQueue  freertos_builds_LP_MSPM0G3507_release_keil.lib(timers.o)
    0x20201b54        -       0x00000004   Zero   RW         1040    .bss.prvSampleTimeNow.xLastTime  freertos_builds_LP_MSPM0G3507_release_keil.lib(timers.o)
    0x20201b58        -       0x00000004   Zero   RW          970    .bss.pxCurrentTCB   freertos_builds_LP_MSPM0G3507_release_keil.lib(tasks.o)
    0x20201b5c        -       0x00000004   Zero   RW         1038    .bss.pxCurrentTimerList  freertos_builds_LP_MSPM0G3507_release_keil.lib(timers.o)
    0x20201b60        -       0x00000004   Zero   RW          979    .bss.pxDelayedTaskList  freertos_builds_LP_MSPM0G3507_release_keil.lib(tasks.o)
    0x20201b64        -       0x00000004   Zero   RW         1083    .bss.pxEnd          freertos_builds_LP_MSPM0G3507_release_keil.lib(heap_4.o)
    0x20201b68        -       0x00000004   Zero   RW          980    .bss.pxOverflowDelayedTaskList  freertos_builds_LP_MSPM0G3507_release_keil.lib(tasks.o)
    0x20201b6c        -       0x00000004   Zero   RW         1039    .bss.pxOverflowTimerList  freertos_builds_LP_MSPM0G3507_release_keil.lib(timers.o)
    0x20201b70        -       0x000000c8   Zero   RW          982    .bss.pxReadyTasksLists  freertos_builds_LP_MSPM0G3507_release_keil.lib(tasks.o)
    0x20201c38        -       0x00000004   Zero   RW          192    .bss.right_motor_period_cnt  encoder.o
    0x20201c3c        -       0x00000188   Zero   RW          472    .bss.smartcar_imu   sensor.o
    0x20201dc4        -       0x00000004   Zero   RW          425    .bss.temperature    motor_controller.o
    0x20201dc8        -       0x00000c00   Zero   RW         1090    .bss.ucHeap         freertos_builds_LP_MSPM0G3507_release_keil.lib(heap_4.o)
    0x202029c8        -       0x00000001   Zero   RW         1132    .bss.ulStoppedTimerCompensation  freertos_builds_LP_MSPM0G3507_release_keil.lib(port.o)
    0x202029c9   0x00008010   0x00000003   PAD
    0x202029cc        -       0x00000001   Zero   RW         1130    .bss.ulTimerCountsForOneTick  freertos_builds_LP_MSPM0G3507_release_keil.lib(port.o)
    0x202029cd   0x00008010   0x00000003   PAD
    0x202029d0        -       0x00000004   Zero   RW          975    .bss.uxCurrentNumberOfTasks  freertos_builds_LP_MSPM0G3507_release_keil.lib(tasks.o)
    0x202029d4        -       0x00000004   Zero   RW          974    .bss.uxDeletedTasksWaitingCleanUp  freertos_builds_LP_MSPM0G3507_release_keil.lib(tasks.o)
    0x202029d8        -       0x00000004   Zero   RW          977    .bss.uxSchedulerSuspended  freertos_builds_LP_MSPM0G3507_release_keil.lib(tasks.o)
    0x202029dc        -       0x00000004   Zero   RW          972    .bss.uxTaskNumber   freertos_builds_LP_MSPM0G3507_release_keil.lib(tasks.o)
    0x202029e0        -       0x00000004   Zero   RW          983    .bss.uxTopReadyPriority  freertos_builds_LP_MSPM0G3507_release_keil.lib(tasks.o)
    0x202029e4        -       0x00000200   Zero   RW         1154    .bss.vApplicationGetIdleTaskMemory.uxIdleTaskStack  freertos_builds_LP_MSPM0G3507_release_keil.lib(staticallocs_freertos.o)
    0x20202be4        -       0x00000064   Zero   RW         1153    .bss.vApplicationGetIdleTaskMemory.xIdleTaskTCB  freertos_builds_LP_MSPM0G3507_release_keil.lib(staticallocs_freertos.o)
    0x20202c48        -       0x00000200   Zero   RW         1156    .bss.vApplicationGetTimerTaskMemory.uxTimerTaskStack  freertos_builds_LP_MSPM0G3507_release_keil.lib(staticallocs_freertos.o)
    0x20202e48        -       0x00000064   Zero   RW         1155    .bss.vApplicationGetTimerTaskMemory.xTimerTaskTCB  freertos_builds_LP_MSPM0G3507_release_keil.lib(staticallocs_freertos.o)
    0x20202eac        -       0x00000014   Zero   RW         1041    .bss.xActiveTimerList1  freertos_builds_LP_MSPM0G3507_release_keil.lib(timers.o)
    0x20202ec0        -       0x00000014   Zero   RW         1042    .bss.xActiveTimerList2  freertos_builds_LP_MSPM0G3507_release_keil.lib(timers.o)
    0x20202ed4        -       0x00000001   Zero   RW         1084    .bss.xBlockAllocatedBit  freertos_builds_LP_MSPM0G3507_release_keil.lib(heap_4.o)
    0x20202ed5   0x00008010   0x00000003   PAD
    0x20202ed8        -       0x00000014   Zero   RW          990    .bss.xDelayedTaskList1  freertos_builds_LP_MSPM0G3507_release_keil.lib(tasks.o)
    0x20202eec        -       0x00000014   Zero   RW          991    .bss.xDelayedTaskList2  freertos_builds_LP_MSPM0G3507_release_keil.lib(tasks.o)
    0x20202f00        -       0x00000004   Zero   RW         1085    .bss.xFreeBytesRemaining  freertos_builds_LP_MSPM0G3507_release_keil.lib(heap_4.o)
    0x20202f04        -       0x00000004   Zero   RW          984    .bss.xIdleTaskHandle  freertos_builds_LP_MSPM0G3507_release_keil.lib(tasks.o)
    0x20202f08        -       0x00000001   Zero   RW         1131    .bss.xMaximumPossibleSuppressedTicks  freertos_builds_LP_MSPM0G3507_release_keil.lib(port.o)
    0x20202f09   0x00008010   0x00000003   PAD
    0x20202f0c        -       0x00000004   Zero   RW         1087    .bss.xMinimumEverFreeBytesRemaining  freertos_builds_LP_MSPM0G3507_release_keil.lib(heap_4.o)
    0x20202f10        -       0x00000004   Zero   RW          195    .bss.xMotorCountMutex  encoder.o
    0x20202f14        -       0x00000004   Zero   RW          985    .bss.xNextTaskUnblockTime  freertos_builds_LP_MSPM0G3507_release_keil.lib(tasks.o)
    0x20202f18        -       0x00000004   Zero   RW          989    .bss.xNumOfOverflows  freertos_builds_LP_MSPM0G3507_release_keil.lib(tasks.o)
    0x20202f1c        -       0x00000004   Zero   RW         1088    .bss.xNumberOfSuccessfulAllocations  freertos_builds_LP_MSPM0G3507_release_keil.lib(heap_4.o)
    0x20202f20        -       0x00000004   Zero   RW         1089    .bss.xNumberOfSuccessfulFrees  freertos_builds_LP_MSPM0G3507_release_keil.lib(heap_4.o)
    0x20202f24        -       0x00000004   Zero   RW          988    .bss.xPendedTicks   freertos_builds_LP_MSPM0G3507_release_keil.lib(tasks.o)
    0x20202f28        -       0x00000014   Zero   RW          986    .bss.xPendingReadyList  freertos_builds_LP_MSPM0G3507_release_keil.lib(tasks.o)
    0x20202f3c        -       0x00000004   Zero   RW          976    .bss.xSchedulerRunning  freertos_builds_LP_MSPM0G3507_release_keil.lib(tasks.o)
    0x20202f40        -       0x00000004   Zero   RW          196    .bss.xSpeedTimer    encoder.o
    0x20202f44        -       0x00000008   Zero   RW         1086    .bss.xStart         freertos_builds_LP_MSPM0G3507_release_keil.lib(heap_4.o)
    0x20202f4c        -       0x00000014   Zero   RW          981    .bss.xSuspendedTaskList  freertos_builds_LP_MSPM0G3507_release_keil.lib(tasks.o)
    0x20202f60        -       0x00000014   Zero   RW          973    .bss.xTasksWaitingTermination  freertos_builds_LP_MSPM0G3507_release_keil.lib(tasks.o)
    0x20202f74        -       0x00000004   Zero   RW          978    .bss.xTickCount     freertos_builds_LP_MSPM0G3507_release_keil.lib(tasks.o)
    0x20202f78        -       0x00000004   Zero   RW         1036    .bss.xTimerQueue    freertos_builds_LP_MSPM0G3507_release_keil.lib(timers.o)
    0x20202f7c        -       0x00000004   Zero   RW         1037    .bss.xTimerTaskHandle  freertos_builds_LP_MSPM0G3507_release_keil.lib(timers.o)
    0x20202f80        -       0x00000004   Zero   RW          987    .bss.xYieldPending  freertos_builds_LP_MSPM0G3507_release_keil.lib(tasks.o)
    0x20202f84   0x00008010   0x00000004   PAD
    0x20202f88        -       0x00000000   Zero   RW           48    HEAP                startup_mspm0g350x_uvision.o
    0x20202f88        -       0x00000100   Zero   RW           47    STACK               startup_mspm0g350x_uvision.o



  Load Region LR_BCR (Base: 0x41c00000, Size: 0x00000000, Max: 0x00000100, ABSOLUTE)

    Execution Region BCR_CONFIG (Exec base: 0x41c00000, Load base: 0x41c00000, Size: 0x00000000, Max: 0x000000ff, ABSOLUTE)

    **** No section assigned to this execution region ****



  Load Region LR_BSL (Base: 0x41c00100, Size: 0x00000000, Max: 0x00000100, ABSOLUTE)

    Execution Region BSL_CONFIG (Exec base: 0x41c00100, Load base: 0x41c00100, Size: 0x00000000, Max: 0x00000080, ABSOLUTE)

    **** No section assigned to this execution region ****


==============================================================================

Image component sizes


      Code (inc. data)   RO Data    RW Data    ZI Data      Debug   Object Name

        74          0          0          0          0       2446   delay.o
        52          4          0          0       1816       3468   eeprom.o
       596        100          0         32         18       8560   encoder.o
      2622         72          0          0          0      12014   fusionahrs.o
       412         16          0          0          0       2362   fusioncompass.o
        16          4          0         32          0       3876   gray_detection.o
       460         40          0          0          0       8434   hardware_i2c.o
      1688        124          0          1         43       5445   icm20608.o
       140         28         15          0          0       4120   log.o
        64         16          0          0          0        657   main.o
        60          8          0          0          0       4065   motor.o
       660         84          0          0        128       3151   motor_controller.o
       124         28          0          0          0      19901   oled.o
         0          0          0          0        392       3687   sensor.o
        44          8          0          0          0      17202   software_i2c.o
        84          8          0          0          0       6115   spi.o
        44         18        192          0        256        700   startup_mspm0g350x_uvision.o
      1024        224         71          0        416      32610   ti_msp_dl_config.o
        70          0          0          0          0       3451   uart.o
      1364         20          0          0       4096      27180   w25qxx.o
        24          4          0          0          0       4130   wp_math.o

    ----------------------------------------------------------------------
      9630        806        316         68       7172     173574   Object Totals
         0          0         32          0          0          0   (incl. Generated)
         8          0          6          3          7          0   (incl. Padding)

    ----------------------------------------------------------------------

      Code (inc. data)   RO Data    RW Data    ZI Data      Debug   Library Member Name

         8          0          0          0          0         68   __main.o
       392          6         17          0          0         76   __printf_flags_ss_wp.o
        14          0          0          0          0         60   __printf_wp.o
         0          0          0          0          0          0   __rtentry.o
        12          0          0          0          0          0   __rtentry2.o
         6          0          0          0          0          0   __rtentry4.o
        86         10          0          0          0          0   __scatter.o
        26          0          0          0          0          0   __scatter_copy.o
        28          0          0          0          0          0   __scatter_zi.o
        66          0          0          0          0         76   _c16rtomb.o
        10          0          0          0          0          0   _printf_a.o
        10          0          0          0          0          0   _printf_c.o
        46          0          0          0          0        100   _printf_char.o
        48          6          0          0          0         88   _printf_char_common.o
        38          0          0          0          0         60   _printf_charcount.o
        10          0          0          0          0          0   _printf_d.o
       108         18          0          0          0         76   _printf_dec.o
        10          0          0          0          0          0   _printf_e.o
        10          0          0          0          0          0   _printf_f.o
      1044         12          0          0          0        116   _printf_fp_dec.o
       728         10         38          0          0         84   _printf_fp_hex.o
       136         16          0          0          0         76   _printf_fp_infnan.o
        10          0          0          0          0          0   _printf_g.o
       152          4         40          0          0        148   _printf_hex_int_ll_ptr.o
        10          0          0          0          0          0   _printf_i.o
       176          0          0          0          0         84   _printf_intcommon.o
        10          0          0          0          0          0   _printf_l.o
        10          0          0          0          0          0   _printf_lc.o
        10          0          0          0          0          0   _printf_ll.o
        10          0          0          0          0          0   _printf_lld.o
        10          0          0          0          0          0   _printf_lli.o
        10          0          0          0          0          0   _printf_llo.o
        10          0          0          0          0          0   _printf_llu.o
        10          0          0          0          0          0   _printf_llx.o
       112         18          0          0          0         76   _printf_longlong_dec.o
        10          0          0          0          0          0   _printf_ls.o
        10          0          0          0          0          0   _printf_n.o
        10          0          0          0          0          0   _printf_o.o
       112         10          0          0          0        112   _printf_oct_int_ll.o
        10          0          0          0          0          0   _printf_p.o
        78          0          0          0          0        100   _printf_pad.o
         2          0          0          0          0          0   _printf_percent.o
         4          0          0          0          0          0   _printf_percent_end.o
        10          0          0          0          0          0   _printf_s.o
        82          0          0          0          0         72   _printf_str.o
        36          0          0          0          0         76   _printf_truncate.o
        10          0          0          0          0          0   _printf_u.o
        46          0          0          0          0        100   _printf_wchar.o
       188          6          8          0          0         80   _printf_wctomb.o
        10          0          0          0          0          0   _printf_x.o
        22          0          0          0          0         92   _rserrno.o
        16          0          0          0          0         60   _snputc.o
        18          0          0          0          0         68   aeabi_memset4.o
      1006          4          0          0          0        184   aeabi_sdivfast.o
       216          6        148          0          0         80   bigflt0.o
      1456         30          0          0          0        336   btod.o
        16          0          0          0          0         68   exit.o
         6          0          0          0          0        136   heapauxi.o
         0          0          0          0          0          0   indicate_semi.o
        44         10        272          0          0         76   lc_ctype_c.o
        44         10         28          0          0         76   lc_numeric_c.o
         2          0          0          0          0          0   libinit.o
        30          0          0          0          0          0   libinit2.o
         2          0          0          0          0          0   libshutdown.o
         2          0          0          0          0          0   libshutdown2.o
         8          4          0          0         96         68   libspace.o
        48          0          0          0          0         72   llmul.o
       122          0          0          0          0         72   lludiv10.o
        16          4          0          0          0         76   rt_ctype_table.o
         8          4          0          0          0         68   rt_errno_addr_intlibspace.o
         8          4          0          0          0         68   rt_locale_intlibspace.o
        64          0          0          0          0        108   rt_memclr.o
       186          0          0          0          0        144   rt_memcpy.o
         2          0          0          0          0          0   rtexit.o
        10          0          0          0          0          0   rtexit2.o
        40          0          0          0          0         60   rtudiv10.o
       176          4          0          0          0         80   strcmpv6m.o
        68          6          0          0          0         72   strlen.o
        12          4          0          0          0         60   sys_exit.o
        62          0          0          0          0         80   sys_stackheap_outer.o
         2          0          0          0          0         68   use_no_semi.o
        60          4          0          0          0         72   vsnprintf.o
        10          0          0          0          0        803   dl_common.o
       122          4          0          0          0       8620   dl_i2c.o
        86          8          0          0          0      13518   dl_spi.o
       600        192          0          0          0      41557   dl_timer.o
       110         12          0          0          0      14163   dl_uart.o
         2          0          0          0          0        718   apphooks_freertos.o
       536         48          0          0       3101       4887   heap_4.o
       140          0          0          0          0       2259   list.o
       808         56          0          4          3       4176   port.o
      2480          0          0          0          0      21810   queue.o
        48         16          0          0       1224       2148   staticallocs_freertos.o
      3128        244          4          0        360      41503   tasks.o
      1118         90          0          0        380      14069   timers.o
        46          0          0          0          0         60   cmpret.o
       124          4          0          0          0         72   d2f.o
       584         26          0          0          0         84   dmul.o
        84          4          0          0          0         60   f2d.o
       372          8          0          0          0        240   faddsub.o
        88          0          0          0          0        272   fcmp.o
       100          4          0          0          0         68   fcmpin.o
       352         10         64          0          0         92   fdiv.o
        84          4          0          0          0         76   feqf.o
        76          0          0          0          0         68   ffixi.o
        94          0          0          0          0         92   fflti.o
        84          4          0          0          0         76   fgef.o
        84          4          0          0          0         76   flef.o
       176          4          0          0          0         80   fmul.o
        16          6          0          0          0         68   fnan2.o
       128          6          0          0          0         68   frnd.o
        68          4          0          0          0         68   fscalbn.o
       144          4          0          0          0         72   fsqrt.o
        16          4          0          0          0         76   printf1.o
        16          4          0          0          0         76   printf2.o
        94          0          0          0          0         68   retnan.o
         0          0          0          0          0          0   usenofp.o
       280         38          0          0          0         76   asinf.o
       668         76          0          0          0        120   atan2f.o
       376         58          0          0          0        104   cosf.o
        44          4          0          0          0         60   fpclassify.o
        34          0          0          0          0         60   fpclassifyf.o
        44          0          0          0          0        272   funder.o
       384         18         32          0          0         88   rredf.o
       388         58          0          0          0        104   sinf.o
        44          0          0          0          0         72   sqrtf.o

    ----------------------------------------------------------------------
     22102       1236        660          4       5180     177171   Library Totals
        56          4          9          0         16          0   (incl. Padding)

    ----------------------------------------------------------------------

      Code (inc. data)   RO Data    RW Data    ZI Data      Debug   Library Name

      7766        210        551          0         96       4072   c_p.l
       928        216          0          0          0      78661   driverlib.a
      8260        454          4          4       5068      91570   freertos_builds_LP_MSPM0G3507_release_keil.lib
      2830        100         64          0          0       1912   fz_ps.l
      2262        252         32          0          0        956   m_ps.l

    ----------------------------------------------------------------------
     22102       1236        660          4       5180     177171   Library Totals

    ----------------------------------------------------------------------

==============================================================================


      Code (inc. data)   RO Data    RW Data    ZI Data      Debug   

     31732       2042        976         72      12352     346481   Grand Totals
     31732       2042        976         72      12352     346481   ELF Image Totals
     31732       2042        976         72          0          0   ROM Totals

==============================================================================

    Total RO  Size (Code + RO Data)                32708 (  31.94kB)
    Total RW  Size (RW Data + ZI Data)             12424 (  12.13kB)
    Total ROM Size (Code + RO Data + RW Data)      32780 (  32.01kB)

==============================================================================

