<html>
<body>
<pre>
<h1>礦ision Build Log</h1>
<h2>Tool Versions:</h2>
IDE-Version: μVision V5.42.0.0
Copyright (C) 2025 ARM Ltd and ARM Germany GmbH. All rights reserved.
License Information: Jamie k, 湖南汽车工程职业学院, LIC=SDA0P-MFCIP-63PMB-2ISKZ-Z6PJB-NKQET
 
Tool Versions:
Toolchain:       MDK-ARM Plus  Version: 5.42.0.0
Toolchain Path:  C:\Users\kjmsd\AppData\Local\Keil_v5\ARM\ARMCLANG\Bin
C Compiler:      ArmClang.exe V6.23
Assembler:       Armasm.exe V6.23
Linker/Locator:  ArmLink.exe V6.23
Library Manager: ArmAr.exe V6.23
Hex Converter:   FromElf.exe V6.23
CPU DLL:         SARMCM3.DLL V5.42.0.0
Dialog DLL:      DARMCM1.DLL V1.19.6.0
Target DLL:      STLink\ST-LINKIII-KEIL_SWO.dll V3.3.0.0
Dialog DLL:      TARMCM1.DLL V1.14.6.0
 
<h2>Project:</h2>
C:\Users\kjmsd\Documents\GitHub\MSPM0G3507_CarController2025\ElectroRace2025\project\freertos_demo.uvprojx
Project File Date:  04/27/2025

<h2>Output:</h2>
*** Using Compiler 'V6.23', folder: 'C:\Users\kjmsd\AppData\Local\Keil_v5\ARM\ARMCLANG\Bin'
Rebuild target 'freertos_demo'
Before Build - User command #1: cmd.exe /C "C:\Users\kjmsd\Documents\GitHub\MSPM0G3507_CarController2025\ElectroRace2025\project\../tools/syscfg.bat 'C:\Users\kjmsd\Documents\GitHub\MSPM0G3507_CarController2025\ElectroRace2025\project\' blink_led.syscfg"
Couldn't find Sysconfig Tool "C:\TI\sysconfig\sysconfig_cli.bat"
"Update the file located at <sdk path>/tools/keil/syscfg.bat"
assembling startup_mspm0g350x_uvision.s...
compiling button_user.c...
compiling FusionAhrs.c...
compiling ti_msp_dl_config.c...
compiling serialplot_protocol.c...
compiling motor_user.c...
compiling FusionCompass.c...
compiling embedfire_protocol_send.c...
compiling FusionOffset.c...
compiling embedfire_protocol_receive.c...
compiling main.c...
compiling gray_detection.c...
compiling oled_menu.c...
compiling log.c...
compiling multi_button.c...
compiling delay.c...
compiling eeprom.c...
compiling pca9555.c...
compiling encoder.c...
compiling icm20608.c...
compiling motor_l298n.c...
compiling motor_tb6612.c...
compiling spi.c...
compiling oled_driver.c...
compiling filter.c...
compiling w25qxx.c...
compiling fast_math.c...
compiling uart_driver.c...
compiling u8g2_arc.c...
compiling hardware_i2c.c...
compiling u8g2_bitmap.c...
compiling u8g2_box.c...
compiling software_i2c.c...
compiling sensor.c...
compiling u8g2_cleardisplay.c...
compiling u8g2_buffer.c...
compiling u8g2_d_memory.c...
compiling u8g2_circle.c...
compiling u8g2_d_setup.c...
compiling u8g2_intersection.c...
compiling u8g2_kerning.c...
compiling u8g2_line.c...
compiling u8g2_hvline.c...
compiling u8g2_ll_hvline.c...
compiling u8g2_polygon.c...
compiling u8g2_setup.c...
compiling u8x8_8x8.c...
compiling u8x8_byte.c...
compiling u8x8_gpio.c...
compiling u8x8_display.c...
compiling u8x8_cad.c...
compiling u8x8_d_ssd1306_128x64_noname.c...
compiling u8x8_setup.c...
compiling u8g2_font.c...
compiling u8x8_string.c...
compiling u8x8_u8toa.c...
compiling u8x8_u16toa.c...
compiling u8x8_capture.c...
compiling u8x8_fonts.c...
compiling u8g2_fonts.c...
linking...
Program Size: Code=23188 RO-data=5092 RW-data=8 ZI-data=10352  
FromELF: creating hex file...
".\Objects\freertos_demo.axf" - 0 Error(s), 0 Warning(s).

<h2>Software Packages used:</h2>

Package Vendor: TexasInstruments
                http://software-dl.ti.com/msp430/esd/MSPM0-CMSIS/MSPM0G/latest/exports/TexasInstruments.MSPM0G_DFP.1.2.1.pack
                TexasInstruments::MSPM0G_DFP@1.2.1
                Device Family Pack for Texas Instruments MSPM0G Series

<h2>Collection of Component include folders:</h2>

<h2>Collection of Component Files used:</h2>
Build Time Elapsed:  00:00:05
</pre>
</body>
</html>
